---
http_interactions:
- request:
    method: get
    uri: https://api.coincap.io/v2/exchanges
    body:
      encoding: US-ASCII
      string: ''
    headers:
      User-Agent:
      - Faraday v0.15.3
      Accept-Encoding:
      - gzip;q=1.0,deflate;q=0.6,identity;q=0.3
      Accept:
      - "*/*"
  response:
    status:
      code: 200
      message: OK
    headers:
      Date:
      - Tue, 06 Nov 2018 20:26:01 GMT
      Content-Type:
      - application/json; charset=utf-8
      Transfer-Encoding:
      - chunked
      Connection:
      - keep-alive
      Set-Cookie:
      - __cfduid=d5cb7b2a9236d88201136e45046e058d61541535961; expires=Wed, 06-Nov-19
        20:26:01 GMT; path=/; domain=.coincap.io; HttpOnly
      X-Powered-By:
      - Express
      X-Ratelimit-Limit:
      - '180'
      X-Ratelimit-Remaining:
      - '177'
      Access-Control-Allow-Origin:
      - "*"
      Access-Control-Allow-Headers:
      - Origin, X-Requested-With, Content-Type, Accept, Accept-Encoding
      Etag:
      - W/"4614-ocmW/7fpc+ySqcFva2ptSAKzp0E"
      Vary:
      - Accept-Encoding
      Expect-Ct:
      - max-age=604800, report-uri="https://report-uri.cloudflare.com/cdn-cgi/beacon/expect-ct"
      Server:
      - cloudflare
      Cf-Ray:
      - 475a4aeddb945005-DEN
    body:
      encoding: ASCII-8BIT
      string: '{"data":[{"exchangeId":"bithumb","name":"Bithumb","rank":"1","percentTotalVolume":"17.063003313344593136000000000000000000","volumeUsd":"1138160414.4227957020504296","tradingPairs":"28","socket":false,"exchangeUrl":"https://www.bithumb.com/","updated":1541535889710},{"exchangeId":"binance","name":"Binance","rank":"2","percentTotalVolume":"13.656086425414895704000000000000000000","volumeUsd":"910907458.6645624714467371","tradingPairs":"380","socket":true,"exchangeUrl":"https://www.binance.com/","updated":1541535939926},{"exchangeId":"okex","name":"Okex","rank":"3","percentTotalVolume":"11.671740962877239442000000000000000000","volumeUsd":"778544860.3268168499865865","tradingPairs":"498","socket":false,"exchangeUrl":"https://www.okex.com/","updated":1541535939208},{"exchangeId":"huobi","name":"Huobi","rank":"4","percentTotalVolume":"8.757059133469190270000000000000000000","volumeUsd":"584125658.8562754694206810","tradingPairs":"289","socket":true,"exchangeUrl":"https://www.hbg.com/","updated":1541535939830},{"exchangeId":"lbank","name":"LBank","rank":"5","percentTotalVolume":"5.975001153121885740000000000000000000","volumeUsd":"398552919.6548512135208059","tradingPairs":"100","socket":false,"exchangeUrl":"https://www.lbank.info","updated":1541535939597},{"exchangeId":"bitfinex","name":"Bitfinex","rank":"6","percentTotalVolume":"4.439379027481994898000000000000000000","volumeUsd":"296121695.6306368127091408","tradingPairs":"251","socket":true,"exchangeUrl":"https://bitfinex.com","updated":1541535935350},{"exchangeId":"bitbank","name":"Bitbank","rank":"7","percentTotalVolume":"4.133096299095775840000000000000000000","volumeUsd":"275691594.8641455893549984","tradingPairs":"8","socket":false,"exchangeUrl":"https://www.bibank.com","updated":1541535939427},{"exchangeId":"bibox","name":"Bibox","rank":"8","percentTotalVolume":"3.996459724779817054000000000000000000","volumeUsd":"266577470.1586115706869522","tradingPairs":"180","socket":false,"exchangeUrl":"https://www.bibox.com","updated":1541535929931},{"exchangeId":"zb","name":"ZB","rank":"9","percentTotalVolume":"3.723025191310371787000000000000000000","volumeUsd":"248338455.8294227928883456","tradingPairs":"86","socket":true,"exchangeUrl":"https://www.zb.com/","updated":1541535938469},{"exchangeId":"hitbtc","name":"HitBTC","rank":"10","percentTotalVolume":"3.569888216157861691000000000000000000","volumeUsd":"238123698.2101282766593566","tradingPairs":"798","socket":true,"exchangeUrl":"https://hitbtc.com/","updated":1541535924012},{"exchangeId":"ooobtc","name":"OOOBTC","rank":"11","percentTotalVolume":"1.997573256881435084000000000000000000","volumeUsd":"133244937.2563837232867204","tradingPairs":"26","socket":false,"exchangeUrl":"https://www.ooobtc.com/","updated":1541535900810},{"exchangeId":"bit-z","name":"Bit-Z","rank":"12","percentTotalVolume":"1.799163570743104723000000000000000000","volumeUsd":"120010335.6769484937346863","tradingPairs":"146","socket":false,"exchangeUrl":"https://www.bit-z.com/","updated":1541535935079},{"exchangeId":"gdax","name":"Coinbase
        Pro","rank":"13","percentTotalVolume":"1.658939668145444113000000000000000000","volumeUsd":"110656923.9614553797804893","tradingPairs":"22","socket":true,"exchangeUrl":"https://pro.coinbase.com/","updated":1541535926345},{"exchangeId":"kraken","name":"Kraken","rank":"14","percentTotalVolume":"1.579594841689523889000000000000000000","volumeUsd":"105364353.8960936874299376","tradingPairs":"66","socket":false,"exchangeUrl":"https://kraken.com","updated":1541535939697},{"exchangeId":"qryptos","name":"Liquid","rank":"15","percentTotalVolume":"1.567140054018578614000000000000000000","volumeUsd":"104533577.1543447935612111","tradingPairs":"141","socket":false,"exchangeUrl":"https://www.qryptos.com/","updated":1541535838335},{"exchangeId":"quoine","name":"Quoine","rank":"16","percentTotalVolume":"1.538474807114042216000000000000000000","volumeUsd":"102621507.5909002903217006","tradingPairs":"31","socket":false,"exchangeUrl":"https://quoine.com/","updated":1541535915106},{"exchangeId":"bitstamp","name":"Bitstamp","rank":"17","percentTotalVolume":"1.345651738146237591000000000000000000","volumeUsd":"89759552.3971722160577690","tradingPairs":"15","socket":true,"exchangeUrl":"https://www.bitstamp.net/","updated":1541535935213},{"exchangeId":"coinbene","name":"Coinbene","rank":"18","percentTotalVolume":"1.312616217824584944000000000000000000","volumeUsd":"87555970.7175883549571462","tradingPairs":"116","socket":false,"exchangeUrl":"https://www.coinbene.com","updated":1541535938635},{"exchangeId":"coinegg","name":"CoinEgg","rank":"19","percentTotalVolume":"1.216016954544829502000000000000000000","volumeUsd":"81112470.9708915162574303","tradingPairs":"115","socket":false,"exchangeUrl":"https://www.coinegg.com","updated":1541535912304},{"exchangeId":"allcoin","name":"Allcoin","rank":"20","percentTotalVolume":"0.963262898538332006000000000000000000","volumeUsd":"64252914.8981095465752346","tradingPairs":"46","socket":false,"exchangeUrl":"https://allcoin.com/","updated":1541535939169},{"exchangeId":"bittrex","name":"Bittrex","rank":"21","percentTotalVolume":"0.865219969495913697000000000000000000","volumeUsd":"57713117.7298775833905713","tradingPairs":"260","socket":false,"exchangeUrl":"https://bittrex.com/","updated":1541535936136},{"exchangeId":"gate","name":"Gate","rank":"22","percentTotalVolume":"0.691472144610139921000000000000000000","volumeUsd":"46123546.2608037011289222","tradingPairs":"189","socket":false,"exchangeUrl":"https://gate.io/","updated":1541535939313},{"exchangeId":"poloniex","name":"Poloniex","rank":"23","percentTotalVolume":"0.588431081675452492000000000000000000","volumeUsd":"39250356.5450993562977265","tradingPairs":"90","socket":true,"exchangeUrl":"https://poloniex.com/","updated":1541535892478},{"exchangeId":"coinex","name":"CoinEx","rank":"24","percentTotalVolume":"0.582306563087202032000000000000000000","volumeUsd":"38841830.3034680461298173","tradingPairs":"86","socket":false,"exchangeUrl":"https://www.coinex.com/","updated":1541535911759},{"exchangeId":"coinone","name":"Coinone","rank":"25","percentTotalVolume":"0.523174686817022033000000000000000000","volumeUsd":"34897532.8333602778501630","tradingPairs":"16","socket":false,"exchangeUrl":"https://coinone.co.kr/","updated":1541535938128},{"exchangeId":"gemini","name":"Gemini","rank":"26","percentTotalVolume":"0.498834584271107405000000000000000000","volumeUsd":"33273965.1242052495952045","tradingPairs":"6","socket":true,"exchangeUrl":"https://gemini.com/","updated":1541535939086},{"exchangeId":"exmo","name":"Exmo","rank":"27","percentTotalVolume":"0.488920685868078925000000000000000000","volumeUsd":"32612674.3474454672063738","tradingPairs":"78","socket":false,"exchangeUrl":"https://www.exmo.com/","updated":1541535904770},{"exchangeId":"btcbox","name":"BTCBOX","rank":"28","percentTotalVolume":"0.423092555946708592000000000000000000","volumeUsd":"28221713.9604549239339045","tradingPairs":"1","socket":false,"exchangeUrl":"https://www.btcbox.co.jp","updated":1541535923073},{"exchangeId":"yobit","name":"YoBit","rank":"29","percentTotalVolume":"0.392785532322482822000000000000000000","volumeUsd":"26200132.3001446855326136","tradingPairs":"61","socket":false,"exchangeUrl":"https://yobit.net","updated":1541535917914},{"exchangeId":"bitbay","name":"BitBay","rank":"30","percentTotalVolume":"0.366237040608372541000000000000000000","volumeUsd":"24429257.5146958476989966","tradingPairs":"37","socket":false,"exchangeUrl":"https://bitbay.net","updated":1541535917677},{"exchangeId":"korbit","name":"Korbit","rank":"31","percentTotalVolume":"0.328970808905185838000000000000000000","volumeUsd":"21943472.9819047696748640","tradingPairs":"5","socket":false,"exchangeUrl":"https://www.korbit.co.kr/","updated":1541535926251},{"exchangeId":"livecoin","name":"Livecoin","rank":"32","percentTotalVolume":"0.311825833862732537000000000000000000","volumeUsd":"20799844.7740660074603887","tradingPairs":"389","socket":false,"exchangeUrl":"https://www.livecoin.net","updated":1541535916487},{"exchangeId":"bitflyer","name":"Bitflyer","rank":"33","percentTotalVolume":"0.281135681178280637000000000000000000","volumeUsd":"18752707.1010212843626099","tradingPairs":"4","socket":false,"exchangeUrl":"https://bitflyer.com/","updated":1541535929211},{"exchangeId":"itbit","name":"Itbit","rank":"34","percentTotalVolume":"0.262151848274051258000000000000000000","volumeUsd":"17486420.8131488123703567","tradingPairs":"2","socket":false,"exchangeUrl":"https://www.itbit.com/","updated":1541535909718},{"exchangeId":"kucoin","name":"Kucoin","rank":"35","percentTotalVolume":"0.229251520627237319000000000000000000","volumeUsd":"15291856.9452593914297707","tradingPairs":"371","socket":false,"exchangeUrl":"https://www.kucoin.io/","updated":1541535910121},{"exchangeId":"bigone","name":"BigONE","rank":"36","percentTotalVolume":"0.223234677571702585000000000000000000","volumeUsd":"14890513.0282568926802351","tradingPairs":"100","socket":false,"exchangeUrl":"https://big.one/","updated":1541535938740},{"exchangeId":"zaif","name":"Zaif","rank":"37","percentTotalVolume":"0.149531008360975831000000000000000000","volumeUsd":"9974227.3572721382959830","tradingPairs":"28","socket":false,"exchangeUrl":"https://zaif.jp/","updated":1541535934948},{"exchangeId":"cex","name":"Cex","rank":"38","percentTotalVolume":"0.130884896456643725000000000000000000","volumeUsd":"8730468.2099120136083682","tradingPairs":"15","socket":false,"exchangeUrl":"https://www.cex.io/","updated":1541535914538},{"exchangeId":"btcturk","name":"BTCTurk","rank":"39","percentTotalVolume":"0.124888375173453658000000000000000000","volumeUsd":"8330479.8243132697361101","tradingPairs":"5","socket":false,"exchangeUrl":"https://www.btcturk.com/","updated":1541535935634},{"exchangeId":"lakebtc","name":"Lakebtc","rank":"40","percentTotalVolume":"0.055611114082601049000000000000000000","volumeUsd":"3709450.6452604079988448","tradingPairs":"24","socket":false,"exchangeUrl":"https://www.lakebtc.com/","updated":1541535894009},{"exchangeId":"independentreserve","name":"Independent
        Reserve","rank":"41","percentTotalVolume":"0.052513120196176497000000000000000000","volumeUsd":"3502803.9054748838446424","tradingPairs":"15","socket":false,"exchangeUrl":"https://www.independentreserve.com/","updated":1541535916348},{"exchangeId":"bxinth","name":"Bxinth","rank":"42","percentTotalVolume":"0.046150806444564754000000000000000000","volumeUsd":"3078415.9168399060786488","tradingPairs":"25","socket":false,"exchangeUrl":"https://bx.in.th/","updated":1541535923942},{"exchangeId":"luno","name":"Luno","rank":"43","percentTotalVolume":"0.046104776529973347000000000000000000","volumeUsd":"3075345.5648212653440302","tradingPairs":"5","socket":true,"exchangeUrl":"https://www.luno.com/","updated":1541535936248},{"exchangeId":"tidex","name":"Tidex","rank":"44","percentTotalVolume":"0.044926327534557469000000000000000000","volumeUsd":"2996739.0046297373370799","tradingPairs":"237","socket":false,"exchangeUrl":"https://tidex.com/","updated":1541535939778},{"exchangeId":"btcmarket","name":"BTCMarket","rank":"45","percentTotalVolume":"0.044415573383125698000000000000000000","volumeUsd":"2962669.9637940534116365","tradingPairs":"11","socket":false,"exchangeUrl":"https://www.btcmarkets.net/","updated":1541535938777},{"exchangeId":"cryptopia","name":"Cryptopia","rank":"46","percentTotalVolume":"0.043290495702392972000000000000000000","volumeUsd":"2887623.4520021267843990","tradingPairs":"1426","socket":false,"exchangeUrl":"https://www.cryptopia.co.nz/","updated":1541535939925},{"exchangeId":"bitso","name":"Bitso","rank":"47","percentTotalVolume":"0.031755563362868646000000000000000000","volumeUsd":"2118204.1926373742923034","tradingPairs":"11","socket":true,"exchangeUrl":"https://www.bitso.com/","updated":1541535928992},{"exchangeId":"acx","name":"ACX","rank":"48","percentTotalVolume":"0.025947850660673407000000000000000000","volumeUsd":"1730809.9822166654257696","tradingPairs":"10","socket":false,"exchangeUrl":"https://acx.io/","updated":1541535893386},{"exchangeId":"btcc","name":"BTCC","rank":"49","percentTotalVolume":"0.025130165636737452000000000000000000","volumeUsd":"1676267.6071951230529746","tradingPairs":"6","socket":false,"exchangeUrl":"https://exchange.btcc.com/","updated":1541535939364},{"exchangeId":"idex","name":"IDEX","rank":"50","percentTotalVolume":"0.021101282647149169000000000000000000","volumeUsd":"1407527.3948841681894141","tradingPairs":"352","socket":false,"exchangeUrl":"https://idex.market","updated":1541535901708},{"exchangeId":"mercado","name":"Mercado","rank":"51","percentTotalVolume":"0.020848423741566407000000000000000000","volumeUsd":"1390660.8449876741098382","tradingPairs":"3","socket":false,"exchangeUrl":"https://www.mercadobitcoin.com.br/","updated":1541535910877},{"exchangeId":"coinfloor","name":"Coinfloor","rank":"52","percentTotalVolume":"0.016708708976271952000000000000000000","volumeUsd":"1114527.7758945666684420","tradingPairs":"2","socket":false,"exchangeUrl":"https://www.coinfloor.co.uk/","updated":1541535939836},{"exchangeId":"okcoin","name":"OkCoin","rank":"53","percentTotalVolume":"0.014975948807366202000000000000000000","volumeUsd":"998946.7732000000000000","tradingPairs":"5","socket":false,"exchangeUrl":"https://www.okcoin.com","updated":1541535911808},{"exchangeId":"lykke","name":"Lykke","rank":"54","percentTotalVolume":"0.014328503598080089000000000000000000","volumeUsd":"955759.9734212748877096","tradingPairs":"136","socket":false,"exchangeUrl":"https://www.lykke.com/","updated":1541535916605},{"exchangeId":"quadrigacx","name":"QuadrigaCX","rank":"55","percentTotalVolume":"0.013164559657031700000000000000000000","volumeUsd":"878120.9497405799527042","tradingPairs":"10","socket":false,"exchangeUrl":"https://www.quadrigacx.com","updated":1541535880883},{"exchangeId":"coinmate","name":"Coinmate","rank":"56","percentTotalVolume":"0.0095893130622956664952000000000000000000","volumeUsd":"639639.8294359253062930","tradingPairs":"4","socket":true,"exchangeUrl":"https://coinmate.io/","updated":1541535908935},{"exchangeId":"coinexchange","name":"CoinExchange","rank":"57","percentTotalVolume":"0.0076638739428594240345000000000000000000","volumeUsd":"511206.4847380709830801","tradingPairs":"550","socket":false,"exchangeUrl":"https://www.coinexchange.io","updated":1541535887846},{"exchangeId":"oasisdex","name":"OasisDEX","rank":"58","percentTotalVolume":"0.0064774858665313823954000000000000000000","volumeUsd":"432070.3608199710624537","tradingPairs":"1","socket":false,"exchangeUrl":"https://oasisdex.com/","updated":1541535939902},{"exchangeId":"tradesatoshi","name":"TradeSatoshi","rank":"59","percentTotalVolume":"0.0058664692712671543431000000000000000000","volumeUsd":"391313.4736229056224779","tradingPairs":"807","socket":false,"exchangeUrl":"https://tradesatoshi.com/","updated":1541535887866},{"exchangeId":"kuna","name":"Kuna","rank":"60","percentTotalVolume":"0.0047455682820764127934000000000000000000","volumeUsd":"316545.5613769700737638","tradingPairs":"23","socket":false,"exchangeUrl":"https://kuna.io/","updated":1541535938989},{"exchangeId":"therocktrading","name":"The
        Rock Trading","rank":"61","percentTotalVolume":"0.0046930485888695265046000000000000000000","volumeUsd":"313042.3190293020965263","tradingPairs":"16","socket":true,"exchangeUrl":"https://www.therocktrading.com","updated":1541535930171},{"exchangeId":"bitmarket","name":"Bitmarket","rank":"62","percentTotalVolume":"0.0042221354424995196499000000000000000000","volumeUsd":"281630.8088756085887402","tradingPairs":"6","socket":false,"exchangeUrl":"https://www.bitmarket.net/","updated":1541535920443},{"exchangeId":"braziliex","name":"Braziliex","rank":"63","percentTotalVolume":"0.0040799290608863619180000000000000000000","volumeUsd":"272145.1590601499173161","tradingPairs":"48","socket":false,"exchangeUrl":"https://braziliex.com","updated":1541535907255},{"exchangeId":"coinnest","name":"Coinnest","rank":"64","percentTotalVolume":"0.0029936173184797811765000000000000000000","volumeUsd":"199684.4673387303487302","tradingPairs":"27","socket":false,"exchangeUrl":"https://www.coinnest.co.kr/","updated":1541535910650},{"exchangeId":"wex","name":"Wex","rank":"65","percentTotalVolume":"0.0028950273310408137716000000000000000000","volumeUsd":"193108.1795129104077042","tradingPairs":"26","socket":false,"exchangeUrl":"https://wex.nz/","updated":1541535924374},{"exchangeId":"bleutrade","name":"Bleutrade","rank":"66","percentTotalVolume":"0.0021600179688404863837000000000000000000","volumeUsd":"144080.5526101889133862","tradingPairs":"86","socket":false,"exchangeUrl":"https://bleutrade.com/","updated":1541535928428},{"exchangeId":"btctradeua","name":"BTC
        Trade UA","rank":"67","percentTotalVolume":"0.0015521697576945571792000000000000000000","volumeUsd":"103535.0074210285734220","tradingPairs":"16","socket":false,"exchangeUrl":"https://btc-trade.com.ua/","updated":1541535929689},{"exchangeId":"xbtce","name":"xBTCe","rank":"68","percentTotalVolume":"0.0004280710794265758115000000000000000000","volumeUsd":"28553.7984266536593966","tradingPairs":"27","socket":false,"exchangeUrl":"https://www.xbtce.com/","updated":1541535896930},{"exchangeId":"gatecoin","name":"Gatecoin","rank":"69","percentTotalVolume":"0.0001371022536134385936000000000000000000","volumeUsd":"9145.1871001473526187","tradingPairs":"33","socket":false,"exchangeUrl":"https://gatecoin.com/","updated":1541535909366},{"exchangeId":"ccex","name":"C-CEX","rank":"71","percentTotalVolume":null,"volumeUsd":null,"tradingPairs":"0","socket":null,"exchangeUrl":"https://www.c-cex.com","updated":1536202681096},{"exchangeId":"sistemkoin","name":"Sistemkoin","rank":"70","percentTotalVolume":null,"volumeUsd":null,"tradingPairs":"0","socket":null,"exchangeUrl":"https://www.sistemkoin.com","updated":1541527611871}],"timestamp":1541535961707}'
    http_version: 
  recorded_at: Tue, 06 Nov 2018 20:26:01 GMT
- request:
    method: get
    uri: https://api.coincap.io/v2/exchanges
    body:
      encoding: US-ASCII
      string: ''
    headers:
      User-Agent:
      - Faraday v0.15.3
      Accept-Encoding:
      - gzip;q=1.0,deflate;q=0.6,identity;q=0.3
      Accept:
      - "*/*"
  response:
    status:
      code: 200
      message: OK
    headers:
      Date:
      - Tue, 06 Nov 2018 20:26:04 GMT
      Content-Type:
      - application/json; charset=utf-8
      Transfer-Encoding:
      - chunked
      Connection:
      - keep-alive
      Set-Cookie:
      - __cfduid=d948778c07989a0adb46270fb4572fa991541535964; expires=Wed, 06-Nov-19
        20:26:04 GMT; path=/; domain=.coincap.io; HttpOnly
      X-Powered-By:
      - Express
      X-Ratelimit-Limit:
      - '180'
      X-Ratelimit-Remaining:
      - '173'
      Access-Control-Allow-Origin:
      - "*"
      Access-Control-Allow-Headers:
      - Origin, X-Requested-With, Content-Type, Accept, Accept-Encoding
      Etag:
      - W/"4614-zCn4Z+AOEGUL4RJXwE7I0GqSVmQ"
      Vary:
      - Accept-Encoding
      Expect-Ct:
      - max-age=604800, report-uri="https://report-uri.cloudflare.com/cdn-cgi/beacon/expect-ct"
      Server:
      - cloudflare
      Cf-Ray:
      - 475a4affa9994ff3-DEN
    body:
      encoding: ASCII-8BIT
      string: '{"data":[{"exchangeId":"bithumb","name":"Bithumb","rank":"1","percentTotalVolume":"17.063003313344593136000000000000000000","volumeUsd":"1138160414.4227957020504296","tradingPairs":"28","socket":false,"exchangeUrl":"https://www.bithumb.com/","updated":1541535889710},{"exchangeId":"binance","name":"Binance","rank":"2","percentTotalVolume":"13.656086425414895704000000000000000000","volumeUsd":"910907458.6645624714467371","tradingPairs":"380","socket":true,"exchangeUrl":"https://www.binance.com/","updated":1541535939926},{"exchangeId":"okex","name":"Okex","rank":"3","percentTotalVolume":"11.671740962877239442000000000000000000","volumeUsd":"778544860.3268168499865865","tradingPairs":"498","socket":false,"exchangeUrl":"https://www.okex.com/","updated":1541535939208},{"exchangeId":"huobi","name":"Huobi","rank":"4","percentTotalVolume":"8.757059133469190270000000000000000000","volumeUsd":"584125658.8562754694206810","tradingPairs":"289","socket":true,"exchangeUrl":"https://www.hbg.com/","updated":1541535939830},{"exchangeId":"lbank","name":"LBank","rank":"5","percentTotalVolume":"5.975001153121885740000000000000000000","volumeUsd":"398552919.6548512135208059","tradingPairs":"100","socket":false,"exchangeUrl":"https://www.lbank.info","updated":1541535939597},{"exchangeId":"bitfinex","name":"Bitfinex","rank":"6","percentTotalVolume":"4.439379027481994898000000000000000000","volumeUsd":"296121695.6306368127091408","tradingPairs":"251","socket":true,"exchangeUrl":"https://bitfinex.com","updated":1541535935350},{"exchangeId":"bitbank","name":"Bitbank","rank":"7","percentTotalVolume":"4.133096299095775840000000000000000000","volumeUsd":"275691594.8641455893549984","tradingPairs":"8","socket":false,"exchangeUrl":"https://www.bibank.com","updated":1541535939427},{"exchangeId":"bibox","name":"Bibox","rank":"8","percentTotalVolume":"3.996459724779817054000000000000000000","volumeUsd":"266577470.1586115706869522","tradingPairs":"180","socket":false,"exchangeUrl":"https://www.bibox.com","updated":1541535929931},{"exchangeId":"zb","name":"ZB","rank":"9","percentTotalVolume":"3.723025191310371787000000000000000000","volumeUsd":"248338455.8294227928883456","tradingPairs":"86","socket":true,"exchangeUrl":"https://www.zb.com/","updated":1541535938469},{"exchangeId":"hitbtc","name":"HitBTC","rank":"10","percentTotalVolume":"3.569888216157861691000000000000000000","volumeUsd":"238123698.2101282766593566","tradingPairs":"798","socket":true,"exchangeUrl":"https://hitbtc.com/","updated":1541535924012},{"exchangeId":"ooobtc","name":"OOOBTC","rank":"11","percentTotalVolume":"1.997573256881435084000000000000000000","volumeUsd":"133244937.2563837232867204","tradingPairs":"26","socket":false,"exchangeUrl":"https://www.ooobtc.com/","updated":1541535900810},{"exchangeId":"bit-z","name":"Bit-Z","rank":"12","percentTotalVolume":"1.799163570743104723000000000000000000","volumeUsd":"120010335.6769484937346863","tradingPairs":"146","socket":false,"exchangeUrl":"https://www.bit-z.com/","updated":1541535935079},{"exchangeId":"gdax","name":"Coinbase
        Pro","rank":"13","percentTotalVolume":"1.658939668145444113000000000000000000","volumeUsd":"110656923.9614553797804893","tradingPairs":"22","socket":true,"exchangeUrl":"https://pro.coinbase.com/","updated":1541535926345},{"exchangeId":"kraken","name":"Kraken","rank":"14","percentTotalVolume":"1.579594841689523889000000000000000000","volumeUsd":"105364353.8960936874299376","tradingPairs":"66","socket":false,"exchangeUrl":"https://kraken.com","updated":1541535939697},{"exchangeId":"qryptos","name":"Liquid","rank":"15","percentTotalVolume":"1.567140054018578614000000000000000000","volumeUsd":"104533577.1543447935612111","tradingPairs":"141","socket":false,"exchangeUrl":"https://www.qryptos.com/","updated":1541535838335},{"exchangeId":"quoine","name":"Quoine","rank":"16","percentTotalVolume":"1.538474807114042216000000000000000000","volumeUsd":"102621507.5909002903217006","tradingPairs":"31","socket":false,"exchangeUrl":"https://quoine.com/","updated":1541535915106},{"exchangeId":"bitstamp","name":"Bitstamp","rank":"17","percentTotalVolume":"1.345651738146237591000000000000000000","volumeUsd":"89759552.3971722160577690","tradingPairs":"15","socket":true,"exchangeUrl":"https://www.bitstamp.net/","updated":1541535935213},{"exchangeId":"coinbene","name":"Coinbene","rank":"18","percentTotalVolume":"1.312616217824584944000000000000000000","volumeUsd":"87555970.7175883549571462","tradingPairs":"116","socket":false,"exchangeUrl":"https://www.coinbene.com","updated":1541535938635},{"exchangeId":"coinegg","name":"CoinEgg","rank":"19","percentTotalVolume":"1.216016954544829502000000000000000000","volumeUsd":"81112470.9708915162574303","tradingPairs":"115","socket":false,"exchangeUrl":"https://www.coinegg.com","updated":1541535912304},{"exchangeId":"allcoin","name":"Allcoin","rank":"20","percentTotalVolume":"0.963262898538332006000000000000000000","volumeUsd":"64252914.8981095465752346","tradingPairs":"46","socket":false,"exchangeUrl":"https://allcoin.com/","updated":1541535939169},{"exchangeId":"bittrex","name":"Bittrex","rank":"21","percentTotalVolume":"0.865219969495913697000000000000000000","volumeUsd":"57713117.7298775833905713","tradingPairs":"260","socket":false,"exchangeUrl":"https://bittrex.com/","updated":1541535936136},{"exchangeId":"gate","name":"Gate","rank":"22","percentTotalVolume":"0.691472144610139921000000000000000000","volumeUsd":"46123546.2608037011289222","tradingPairs":"189","socket":false,"exchangeUrl":"https://gate.io/","updated":1541535939313},{"exchangeId":"poloniex","name":"Poloniex","rank":"23","percentTotalVolume":"0.588431081675452492000000000000000000","volumeUsd":"39250356.5450993562977265","tradingPairs":"90","socket":true,"exchangeUrl":"https://poloniex.com/","updated":1541535892478},{"exchangeId":"coinex","name":"CoinEx","rank":"24","percentTotalVolume":"0.582306563087202032000000000000000000","volumeUsd":"38841830.3034680461298173","tradingPairs":"86","socket":false,"exchangeUrl":"https://www.coinex.com/","updated":1541535911759},{"exchangeId":"coinone","name":"Coinone","rank":"25","percentTotalVolume":"0.523174686817022033000000000000000000","volumeUsd":"34897532.8333602778501630","tradingPairs":"16","socket":false,"exchangeUrl":"https://coinone.co.kr/","updated":1541535938128},{"exchangeId":"gemini","name":"Gemini","rank":"26","percentTotalVolume":"0.498834584271107405000000000000000000","volumeUsd":"33273965.1242052495952045","tradingPairs":"6","socket":true,"exchangeUrl":"https://gemini.com/","updated":1541535939086},{"exchangeId":"exmo","name":"Exmo","rank":"27","percentTotalVolume":"0.488920685868078925000000000000000000","volumeUsd":"32612674.3474454672063738","tradingPairs":"78","socket":false,"exchangeUrl":"https://www.exmo.com/","updated":1541535904770},{"exchangeId":"btcbox","name":"BTCBOX","rank":"28","percentTotalVolume":"0.423092555946708592000000000000000000","volumeUsd":"28221713.9604549239339045","tradingPairs":"1","socket":false,"exchangeUrl":"https://www.btcbox.co.jp","updated":1541535923073},{"exchangeId":"yobit","name":"YoBit","rank":"29","percentTotalVolume":"0.392785532322482822000000000000000000","volumeUsd":"26200132.3001446855326136","tradingPairs":"61","socket":false,"exchangeUrl":"https://yobit.net","updated":1541535917914},{"exchangeId":"bitbay","name":"BitBay","rank":"30","percentTotalVolume":"0.366237040608372541000000000000000000","volumeUsd":"24429257.5146958476989966","tradingPairs":"37","socket":false,"exchangeUrl":"https://bitbay.net","updated":1541535917677},{"exchangeId":"korbit","name":"Korbit","rank":"31","percentTotalVolume":"0.328970808905185838000000000000000000","volumeUsd":"21943472.9819047696748640","tradingPairs":"5","socket":false,"exchangeUrl":"https://www.korbit.co.kr/","updated":1541535926251},{"exchangeId":"livecoin","name":"Livecoin","rank":"32","percentTotalVolume":"0.311825833862732537000000000000000000","volumeUsd":"20799844.7740660074603887","tradingPairs":"389","socket":false,"exchangeUrl":"https://www.livecoin.net","updated":1541535916487},{"exchangeId":"bitflyer","name":"Bitflyer","rank":"33","percentTotalVolume":"0.281135681178280637000000000000000000","volumeUsd":"18752707.1010212843626099","tradingPairs":"4","socket":false,"exchangeUrl":"https://bitflyer.com/","updated":1541535929211},{"exchangeId":"itbit","name":"Itbit","rank":"34","percentTotalVolume":"0.262151848274051258000000000000000000","volumeUsd":"17486420.8131488123703567","tradingPairs":"2","socket":false,"exchangeUrl":"https://www.itbit.com/","updated":1541535909718},{"exchangeId":"kucoin","name":"Kucoin","rank":"35","percentTotalVolume":"0.229251520627237319000000000000000000","volumeUsd":"15291856.9452593914297707","tradingPairs":"371","socket":false,"exchangeUrl":"https://www.kucoin.io/","updated":1541535910121},{"exchangeId":"bigone","name":"BigONE","rank":"36","percentTotalVolume":"0.223234677571702585000000000000000000","volumeUsd":"14890513.0282568926802351","tradingPairs":"100","socket":false,"exchangeUrl":"https://big.one/","updated":1541535938740},{"exchangeId":"zaif","name":"Zaif","rank":"37","percentTotalVolume":"0.149531008360975831000000000000000000","volumeUsd":"9974227.3572721382959830","tradingPairs":"28","socket":false,"exchangeUrl":"https://zaif.jp/","updated":1541535934948},{"exchangeId":"cex","name":"Cex","rank":"38","percentTotalVolume":"0.130884896456643725000000000000000000","volumeUsd":"8730468.2099120136083682","tradingPairs":"15","socket":false,"exchangeUrl":"https://www.cex.io/","updated":1541535914538},{"exchangeId":"btcturk","name":"BTCTurk","rank":"39","percentTotalVolume":"0.124888375173453658000000000000000000","volumeUsd":"8330479.8243132697361101","tradingPairs":"5","socket":false,"exchangeUrl":"https://www.btcturk.com/","updated":1541535935634},{"exchangeId":"lakebtc","name":"Lakebtc","rank":"40","percentTotalVolume":"0.055611114082601049000000000000000000","volumeUsd":"3709450.6452604079988448","tradingPairs":"24","socket":false,"exchangeUrl":"https://www.lakebtc.com/","updated":1541535894009},{"exchangeId":"independentreserve","name":"Independent
        Reserve","rank":"41","percentTotalVolume":"0.052513120196176497000000000000000000","volumeUsd":"3502803.9054748838446424","tradingPairs":"15","socket":false,"exchangeUrl":"https://www.independentreserve.com/","updated":1541535916348},{"exchangeId":"bxinth","name":"Bxinth","rank":"42","percentTotalVolume":"0.046150806444564754000000000000000000","volumeUsd":"3078415.9168399060786488","tradingPairs":"25","socket":false,"exchangeUrl":"https://bx.in.th/","updated":1541535923942},{"exchangeId":"luno","name":"Luno","rank":"43","percentTotalVolume":"0.046104776529973347000000000000000000","volumeUsd":"3075345.5648212653440302","tradingPairs":"5","socket":true,"exchangeUrl":"https://www.luno.com/","updated":1541535936248},{"exchangeId":"tidex","name":"Tidex","rank":"44","percentTotalVolume":"0.044926327534557469000000000000000000","volumeUsd":"2996739.0046297373370799","tradingPairs":"237","socket":false,"exchangeUrl":"https://tidex.com/","updated":1541535939778},{"exchangeId":"btcmarket","name":"BTCMarket","rank":"45","percentTotalVolume":"0.044415573383125698000000000000000000","volumeUsd":"2962669.9637940534116365","tradingPairs":"11","socket":false,"exchangeUrl":"https://www.btcmarkets.net/","updated":1541535938777},{"exchangeId":"cryptopia","name":"Cryptopia","rank":"46","percentTotalVolume":"0.043290495702392972000000000000000000","volumeUsd":"2887623.4520021267843990","tradingPairs":"1426","socket":false,"exchangeUrl":"https://www.cryptopia.co.nz/","updated":1541535939925},{"exchangeId":"bitso","name":"Bitso","rank":"47","percentTotalVolume":"0.031755563362868646000000000000000000","volumeUsd":"2118204.1926373742923034","tradingPairs":"11","socket":true,"exchangeUrl":"https://www.bitso.com/","updated":1541535928992},{"exchangeId":"acx","name":"ACX","rank":"48","percentTotalVolume":"0.025947850660673407000000000000000000","volumeUsd":"1730809.9822166654257696","tradingPairs":"10","socket":false,"exchangeUrl":"https://acx.io/","updated":1541535893386},{"exchangeId":"btcc","name":"BTCC","rank":"49","percentTotalVolume":"0.025130165636737452000000000000000000","volumeUsd":"1676267.6071951230529746","tradingPairs":"6","socket":false,"exchangeUrl":"https://exchange.btcc.com/","updated":1541535939364},{"exchangeId":"idex","name":"IDEX","rank":"50","percentTotalVolume":"0.021101282647149169000000000000000000","volumeUsd":"1407527.3948841681894141","tradingPairs":"352","socket":false,"exchangeUrl":"https://idex.market","updated":1541535901708},{"exchangeId":"mercado","name":"Mercado","rank":"51","percentTotalVolume":"0.020848423741566407000000000000000000","volumeUsd":"1390660.8449876741098382","tradingPairs":"3","socket":false,"exchangeUrl":"https://www.mercadobitcoin.com.br/","updated":1541535910877},{"exchangeId":"coinfloor","name":"Coinfloor","rank":"52","percentTotalVolume":"0.016708708976271952000000000000000000","volumeUsd":"1114527.7758945666684420","tradingPairs":"2","socket":false,"exchangeUrl":"https://www.coinfloor.co.uk/","updated":1541535939836},{"exchangeId":"okcoin","name":"OkCoin","rank":"53","percentTotalVolume":"0.014975948807366202000000000000000000","volumeUsd":"998946.7732000000000000","tradingPairs":"5","socket":false,"exchangeUrl":"https://www.okcoin.com","updated":1541535911808},{"exchangeId":"lykke","name":"Lykke","rank":"54","percentTotalVolume":"0.014328503598080089000000000000000000","volumeUsd":"955759.9734212748877096","tradingPairs":"136","socket":false,"exchangeUrl":"https://www.lykke.com/","updated":1541535916605},{"exchangeId":"quadrigacx","name":"QuadrigaCX","rank":"55","percentTotalVolume":"0.013164559657031700000000000000000000","volumeUsd":"878120.9497405799527042","tradingPairs":"10","socket":false,"exchangeUrl":"https://www.quadrigacx.com","updated":1541535880883},{"exchangeId":"coinmate","name":"Coinmate","rank":"56","percentTotalVolume":"0.0095893130622956664952000000000000000000","volumeUsd":"639639.8294359253062930","tradingPairs":"4","socket":true,"exchangeUrl":"https://coinmate.io/","updated":1541535908935},{"exchangeId":"coinexchange","name":"CoinExchange","rank":"57","percentTotalVolume":"0.0076638739428594240345000000000000000000","volumeUsd":"511206.4847380709830801","tradingPairs":"550","socket":false,"exchangeUrl":"https://www.coinexchange.io","updated":1541535887846},{"exchangeId":"oasisdex","name":"OasisDEX","rank":"58","percentTotalVolume":"0.0064774858665313823954000000000000000000","volumeUsd":"432070.3608199710624537","tradingPairs":"1","socket":false,"exchangeUrl":"https://oasisdex.com/","updated":1541535939902},{"exchangeId":"tradesatoshi","name":"TradeSatoshi","rank":"59","percentTotalVolume":"0.0058664692712671543431000000000000000000","volumeUsd":"391313.4736229056224779","tradingPairs":"807","socket":false,"exchangeUrl":"https://tradesatoshi.com/","updated":1541535887866},{"exchangeId":"kuna","name":"Kuna","rank":"60","percentTotalVolume":"0.0047455682820764127934000000000000000000","volumeUsd":"316545.5613769700737638","tradingPairs":"23","socket":false,"exchangeUrl":"https://kuna.io/","updated":1541535938989},{"exchangeId":"therocktrading","name":"The
        Rock Trading","rank":"61","percentTotalVolume":"0.0046930485888695265046000000000000000000","volumeUsd":"313042.3190293020965263","tradingPairs":"16","socket":true,"exchangeUrl":"https://www.therocktrading.com","updated":1541535930171},{"exchangeId":"bitmarket","name":"Bitmarket","rank":"62","percentTotalVolume":"0.0042221354424995196499000000000000000000","volumeUsd":"281630.8088756085887402","tradingPairs":"6","socket":false,"exchangeUrl":"https://www.bitmarket.net/","updated":1541535920443},{"exchangeId":"braziliex","name":"Braziliex","rank":"63","percentTotalVolume":"0.0040799290608863619180000000000000000000","volumeUsd":"272145.1590601499173161","tradingPairs":"48","socket":false,"exchangeUrl":"https://braziliex.com","updated":1541535907255},{"exchangeId":"coinnest","name":"Coinnest","rank":"64","percentTotalVolume":"0.0029936173184797811765000000000000000000","volumeUsd":"199684.4673387303487302","tradingPairs":"27","socket":false,"exchangeUrl":"https://www.coinnest.co.kr/","updated":1541535910650},{"exchangeId":"wex","name":"Wex","rank":"65","percentTotalVolume":"0.0028950273310408137716000000000000000000","volumeUsd":"193108.1795129104077042","tradingPairs":"26","socket":false,"exchangeUrl":"https://wex.nz/","updated":1541535924374},{"exchangeId":"bleutrade","name":"Bleutrade","rank":"66","percentTotalVolume":"0.0021600179688404863837000000000000000000","volumeUsd":"144080.5526101889133862","tradingPairs":"86","socket":false,"exchangeUrl":"https://bleutrade.com/","updated":1541535928428},{"exchangeId":"btctradeua","name":"BTC
        Trade UA","rank":"67","percentTotalVolume":"0.0015521697576945571792000000000000000000","volumeUsd":"103535.0074210285734220","tradingPairs":"16","socket":false,"exchangeUrl":"https://btc-trade.com.ua/","updated":1541535929689},{"exchangeId":"xbtce","name":"xBTCe","rank":"68","percentTotalVolume":"0.0004280710794265758115000000000000000000","volumeUsd":"28553.7984266536593966","tradingPairs":"27","socket":false,"exchangeUrl":"https://www.xbtce.com/","updated":1541535896930},{"exchangeId":"gatecoin","name":"Gatecoin","rank":"69","percentTotalVolume":"0.0001371022536134385936000000000000000000","volumeUsd":"9145.1871001473526187","tradingPairs":"33","socket":false,"exchangeUrl":"https://gatecoin.com/","updated":1541535909366},{"exchangeId":"ccex","name":"C-CEX","rank":"71","percentTotalVolume":null,"volumeUsd":null,"tradingPairs":"0","socket":null,"exchangeUrl":"https://www.c-cex.com","updated":1536202681096},{"exchangeId":"sistemkoin","name":"Sistemkoin","rank":"70","percentTotalVolume":null,"volumeUsd":null,"tradingPairs":"0","socket":null,"exchangeUrl":"https://www.sistemkoin.com","updated":1541527611871}],"timestamp":1541535964173}'
    http_version: 
  recorded_at: Tue, 06 Nov 2018 20:26:04 GMT
- request:
    method: get
    uri: https://api.coincap.io/v2/exchanges
    body:
      encoding: US-ASCII
      string: ''
    headers:
      User-Agent:
      - Faraday v0.15.3
      Accept-Encoding:
      - gzip;q=1.0,deflate;q=0.6,identity;q=0.3
      Accept:
      - "*/*"
  response:
    status:
      code: 200
      message: OK
    headers:
      Date:
      - Tue, 06 Nov 2018 20:26:07 GMT
      Content-Type:
      - application/json; charset=utf-8
      Transfer-Encoding:
      - chunked
      Connection:
      - keep-alive
      Set-Cookie:
      - __cfduid=dd508aac95a3f9ba4f5629b70d3ccbd651541535966; expires=Wed, 06-Nov-19
        20:26:06 GMT; path=/; domain=.coincap.io; HttpOnly
      X-Powered-By:
      - Express
      X-Ratelimit-Limit:
      - '180'
      X-Ratelimit-Remaining:
      - '169'
      Access-Control-Allow-Origin:
      - "*"
      Access-Control-Allow-Headers:
      - Origin, X-Requested-With, Content-Type, Accept, Accept-Encoding
      Etag:
      - W/"4614-0syO0T+H1jWwup/SNMkH/gfdw5c"
      Vary:
      - Accept-Encoding
      Expect-Ct:
      - max-age=604800, report-uri="https://report-uri.cloudflare.com/cdn-cgi/beacon/expect-ct"
      Server:
      - cloudflare
      Cf-Ray:
      - 475a4b0eba8e4fc3-DEN
    body:
      encoding: ASCII-8BIT
      string: '{"data":[{"exchangeId":"bithumb","name":"Bithumb","rank":"1","percentTotalVolume":"17.063003313344593136000000000000000000","volumeUsd":"1138160414.4227957020504296","tradingPairs":"28","socket":false,"exchangeUrl":"https://www.bithumb.com/","updated":1541535889710},{"exchangeId":"binance","name":"Binance","rank":"2","percentTotalVolume":"13.656086425414895704000000000000000000","volumeUsd":"910907458.6645624714467371","tradingPairs":"380","socket":true,"exchangeUrl":"https://www.binance.com/","updated":1541535939926},{"exchangeId":"okex","name":"Okex","rank":"3","percentTotalVolume":"11.671740962877239442000000000000000000","volumeUsd":"778544860.3268168499865865","tradingPairs":"498","socket":false,"exchangeUrl":"https://www.okex.com/","updated":1541535939208},{"exchangeId":"huobi","name":"Huobi","rank":"4","percentTotalVolume":"8.757059133469190270000000000000000000","volumeUsd":"584125658.8562754694206810","tradingPairs":"289","socket":true,"exchangeUrl":"https://www.hbg.com/","updated":1541535939830},{"exchangeId":"lbank","name":"LBank","rank":"5","percentTotalVolume":"5.975001153121885740000000000000000000","volumeUsd":"398552919.6548512135208059","tradingPairs":"100","socket":false,"exchangeUrl":"https://www.lbank.info","updated":1541535939597},{"exchangeId":"bitfinex","name":"Bitfinex","rank":"6","percentTotalVolume":"4.439379027481994898000000000000000000","volumeUsd":"296121695.6306368127091408","tradingPairs":"251","socket":true,"exchangeUrl":"https://bitfinex.com","updated":1541535935350},{"exchangeId":"bitbank","name":"Bitbank","rank":"7","percentTotalVolume":"4.133096299095775840000000000000000000","volumeUsd":"275691594.8641455893549984","tradingPairs":"8","socket":false,"exchangeUrl":"https://www.bibank.com","updated":1541535939427},{"exchangeId":"bibox","name":"Bibox","rank":"8","percentTotalVolume":"3.996459724779817054000000000000000000","volumeUsd":"266577470.1586115706869522","tradingPairs":"180","socket":false,"exchangeUrl":"https://www.bibox.com","updated":1541535929931},{"exchangeId":"zb","name":"ZB","rank":"9","percentTotalVolume":"3.723025191310371787000000000000000000","volumeUsd":"248338455.8294227928883456","tradingPairs":"86","socket":true,"exchangeUrl":"https://www.zb.com/","updated":1541535938469},{"exchangeId":"hitbtc","name":"HitBTC","rank":"10","percentTotalVolume":"3.569888216157861691000000000000000000","volumeUsd":"238123698.2101282766593566","tradingPairs":"798","socket":true,"exchangeUrl":"https://hitbtc.com/","updated":1541535924012},{"exchangeId":"ooobtc","name":"OOOBTC","rank":"11","percentTotalVolume":"1.997573256881435084000000000000000000","volumeUsd":"133244937.2563837232867204","tradingPairs":"26","socket":false,"exchangeUrl":"https://www.ooobtc.com/","updated":1541535900810},{"exchangeId":"bit-z","name":"Bit-Z","rank":"12","percentTotalVolume":"1.799163570743104723000000000000000000","volumeUsd":"120010335.6769484937346863","tradingPairs":"146","socket":false,"exchangeUrl":"https://www.bit-z.com/","updated":1541535935079},{"exchangeId":"gdax","name":"Coinbase
        Pro","rank":"13","percentTotalVolume":"1.658939668145444113000000000000000000","volumeUsd":"110656923.9614553797804893","tradingPairs":"22","socket":true,"exchangeUrl":"https://pro.coinbase.com/","updated":1541535926345},{"exchangeId":"kraken","name":"Kraken","rank":"14","percentTotalVolume":"1.579594841689523889000000000000000000","volumeUsd":"105364353.8960936874299376","tradingPairs":"66","socket":false,"exchangeUrl":"https://kraken.com","updated":1541535939697},{"exchangeId":"qryptos","name":"Liquid","rank":"15","percentTotalVolume":"1.567140054018578614000000000000000000","volumeUsd":"104533577.1543447935612111","tradingPairs":"141","socket":false,"exchangeUrl":"https://www.qryptos.com/","updated":1541535838335},{"exchangeId":"quoine","name":"Quoine","rank":"16","percentTotalVolume":"1.538474807114042216000000000000000000","volumeUsd":"102621507.5909002903217006","tradingPairs":"31","socket":false,"exchangeUrl":"https://quoine.com/","updated":1541535915106},{"exchangeId":"bitstamp","name":"Bitstamp","rank":"17","percentTotalVolume":"1.345651738146237591000000000000000000","volumeUsd":"89759552.3971722160577690","tradingPairs":"15","socket":true,"exchangeUrl":"https://www.bitstamp.net/","updated":1541535935213},{"exchangeId":"coinbene","name":"Coinbene","rank":"18","percentTotalVolume":"1.312616217824584944000000000000000000","volumeUsd":"87555970.7175883549571462","tradingPairs":"116","socket":false,"exchangeUrl":"https://www.coinbene.com","updated":1541535938635},{"exchangeId":"coinegg","name":"CoinEgg","rank":"19","percentTotalVolume":"1.216016954544829502000000000000000000","volumeUsd":"81112470.9708915162574303","tradingPairs":"115","socket":false,"exchangeUrl":"https://www.coinegg.com","updated":1541535912304},{"exchangeId":"allcoin","name":"Allcoin","rank":"20","percentTotalVolume":"0.963262898538332006000000000000000000","volumeUsd":"64252914.8981095465752346","tradingPairs":"46","socket":false,"exchangeUrl":"https://allcoin.com/","updated":1541535939169},{"exchangeId":"bittrex","name":"Bittrex","rank":"21","percentTotalVolume":"0.865219969495913697000000000000000000","volumeUsd":"57713117.7298775833905713","tradingPairs":"260","socket":false,"exchangeUrl":"https://bittrex.com/","updated":1541535936136},{"exchangeId":"gate","name":"Gate","rank":"22","percentTotalVolume":"0.691472144610139921000000000000000000","volumeUsd":"46123546.2608037011289222","tradingPairs":"189","socket":false,"exchangeUrl":"https://gate.io/","updated":1541535939313},{"exchangeId":"poloniex","name":"Poloniex","rank":"23","percentTotalVolume":"0.588431081675452492000000000000000000","volumeUsd":"39250356.5450993562977265","tradingPairs":"90","socket":true,"exchangeUrl":"https://poloniex.com/","updated":1541535892478},{"exchangeId":"coinex","name":"CoinEx","rank":"24","percentTotalVolume":"0.582306563087202032000000000000000000","volumeUsd":"38841830.3034680461298173","tradingPairs":"86","socket":false,"exchangeUrl":"https://www.coinex.com/","updated":1541535911759},{"exchangeId":"coinone","name":"Coinone","rank":"25","percentTotalVolume":"0.523174686817022033000000000000000000","volumeUsd":"34897532.8333602778501630","tradingPairs":"16","socket":false,"exchangeUrl":"https://coinone.co.kr/","updated":1541535938128},{"exchangeId":"gemini","name":"Gemini","rank":"26","percentTotalVolume":"0.498834584271107405000000000000000000","volumeUsd":"33273965.1242052495952045","tradingPairs":"6","socket":true,"exchangeUrl":"https://gemini.com/","updated":1541535939086},{"exchangeId":"exmo","name":"Exmo","rank":"27","percentTotalVolume":"0.488920685868078925000000000000000000","volumeUsd":"32612674.3474454672063738","tradingPairs":"78","socket":false,"exchangeUrl":"https://www.exmo.com/","updated":1541535904770},{"exchangeId":"btcbox","name":"BTCBOX","rank":"28","percentTotalVolume":"0.423092555946708592000000000000000000","volumeUsd":"28221713.9604549239339045","tradingPairs":"1","socket":false,"exchangeUrl":"https://www.btcbox.co.jp","updated":1541535923073},{"exchangeId":"yobit","name":"YoBit","rank":"29","percentTotalVolume":"0.392785532322482822000000000000000000","volumeUsd":"26200132.3001446855326136","tradingPairs":"61","socket":false,"exchangeUrl":"https://yobit.net","updated":1541535917914},{"exchangeId":"bitbay","name":"BitBay","rank":"30","percentTotalVolume":"0.366237040608372541000000000000000000","volumeUsd":"24429257.5146958476989966","tradingPairs":"37","socket":false,"exchangeUrl":"https://bitbay.net","updated":1541535917677},{"exchangeId":"korbit","name":"Korbit","rank":"31","percentTotalVolume":"0.328970808905185838000000000000000000","volumeUsd":"21943472.9819047696748640","tradingPairs":"5","socket":false,"exchangeUrl":"https://www.korbit.co.kr/","updated":1541535926251},{"exchangeId":"livecoin","name":"Livecoin","rank":"32","percentTotalVolume":"0.311825833862732537000000000000000000","volumeUsd":"20799844.7740660074603887","tradingPairs":"389","socket":false,"exchangeUrl":"https://www.livecoin.net","updated":1541535916487},{"exchangeId":"bitflyer","name":"Bitflyer","rank":"33","percentTotalVolume":"0.281135681178280637000000000000000000","volumeUsd":"18752707.1010212843626099","tradingPairs":"4","socket":false,"exchangeUrl":"https://bitflyer.com/","updated":1541535929211},{"exchangeId":"itbit","name":"Itbit","rank":"34","percentTotalVolume":"0.262151848274051258000000000000000000","volumeUsd":"17486420.8131488123703567","tradingPairs":"2","socket":false,"exchangeUrl":"https://www.itbit.com/","updated":1541535909718},{"exchangeId":"kucoin","name":"Kucoin","rank":"35","percentTotalVolume":"0.229251520627237319000000000000000000","volumeUsd":"15291856.9452593914297707","tradingPairs":"371","socket":false,"exchangeUrl":"https://www.kucoin.io/","updated":1541535910121},{"exchangeId":"bigone","name":"BigONE","rank":"36","percentTotalVolume":"0.223234677571702585000000000000000000","volumeUsd":"14890513.0282568926802351","tradingPairs":"100","socket":false,"exchangeUrl":"https://big.one/","updated":1541535938740},{"exchangeId":"zaif","name":"Zaif","rank":"37","percentTotalVolume":"0.149531008360975831000000000000000000","volumeUsd":"9974227.3572721382959830","tradingPairs":"28","socket":false,"exchangeUrl":"https://zaif.jp/","updated":1541535934948},{"exchangeId":"cex","name":"Cex","rank":"38","percentTotalVolume":"0.130884896456643725000000000000000000","volumeUsd":"8730468.2099120136083682","tradingPairs":"15","socket":false,"exchangeUrl":"https://www.cex.io/","updated":1541535914538},{"exchangeId":"btcturk","name":"BTCTurk","rank":"39","percentTotalVolume":"0.124888375173453658000000000000000000","volumeUsd":"8330479.8243132697361101","tradingPairs":"5","socket":false,"exchangeUrl":"https://www.btcturk.com/","updated":1541535935634},{"exchangeId":"lakebtc","name":"Lakebtc","rank":"40","percentTotalVolume":"0.055611114082601049000000000000000000","volumeUsd":"3709450.6452604079988448","tradingPairs":"24","socket":false,"exchangeUrl":"https://www.lakebtc.com/","updated":1541535894009},{"exchangeId":"independentreserve","name":"Independent
        Reserve","rank":"41","percentTotalVolume":"0.052513120196176497000000000000000000","volumeUsd":"3502803.9054748838446424","tradingPairs":"15","socket":false,"exchangeUrl":"https://www.independentreserve.com/","updated":1541535916348},{"exchangeId":"bxinth","name":"Bxinth","rank":"42","percentTotalVolume":"0.046150806444564754000000000000000000","volumeUsd":"3078415.9168399060786488","tradingPairs":"25","socket":false,"exchangeUrl":"https://bx.in.th/","updated":1541535923942},{"exchangeId":"luno","name":"Luno","rank":"43","percentTotalVolume":"0.046104776529973347000000000000000000","volumeUsd":"3075345.5648212653440302","tradingPairs":"5","socket":true,"exchangeUrl":"https://www.luno.com/","updated":1541535936248},{"exchangeId":"tidex","name":"Tidex","rank":"44","percentTotalVolume":"0.044926327534557469000000000000000000","volumeUsd":"2996739.0046297373370799","tradingPairs":"237","socket":false,"exchangeUrl":"https://tidex.com/","updated":1541535939778},{"exchangeId":"btcmarket","name":"BTCMarket","rank":"45","percentTotalVolume":"0.044415573383125698000000000000000000","volumeUsd":"2962669.9637940534116365","tradingPairs":"11","socket":false,"exchangeUrl":"https://www.btcmarkets.net/","updated":1541535938777},{"exchangeId":"cryptopia","name":"Cryptopia","rank":"46","percentTotalVolume":"0.043290495702392972000000000000000000","volumeUsd":"2887623.4520021267843990","tradingPairs":"1426","socket":false,"exchangeUrl":"https://www.cryptopia.co.nz/","updated":1541535939925},{"exchangeId":"bitso","name":"Bitso","rank":"47","percentTotalVolume":"0.031755563362868646000000000000000000","volumeUsd":"2118204.1926373742923034","tradingPairs":"11","socket":true,"exchangeUrl":"https://www.bitso.com/","updated":1541535928992},{"exchangeId":"acx","name":"ACX","rank":"48","percentTotalVolume":"0.025947850660673407000000000000000000","volumeUsd":"1730809.9822166654257696","tradingPairs":"10","socket":false,"exchangeUrl":"https://acx.io/","updated":1541535893386},{"exchangeId":"btcc","name":"BTCC","rank":"49","percentTotalVolume":"0.025130165636737452000000000000000000","volumeUsd":"1676267.6071951230529746","tradingPairs":"6","socket":false,"exchangeUrl":"https://exchange.btcc.com/","updated":1541535939364},{"exchangeId":"idex","name":"IDEX","rank":"50","percentTotalVolume":"0.021101282647149169000000000000000000","volumeUsd":"1407527.3948841681894141","tradingPairs":"352","socket":false,"exchangeUrl":"https://idex.market","updated":1541535901708},{"exchangeId":"mercado","name":"Mercado","rank":"51","percentTotalVolume":"0.020848423741566407000000000000000000","volumeUsd":"1390660.8449876741098382","tradingPairs":"3","socket":false,"exchangeUrl":"https://www.mercadobitcoin.com.br/","updated":1541535910877},{"exchangeId":"coinfloor","name":"Coinfloor","rank":"52","percentTotalVolume":"0.016708708976271952000000000000000000","volumeUsd":"1114527.7758945666684420","tradingPairs":"2","socket":false,"exchangeUrl":"https://www.coinfloor.co.uk/","updated":1541535939836},{"exchangeId":"okcoin","name":"OkCoin","rank":"53","percentTotalVolume":"0.014975948807366202000000000000000000","volumeUsd":"998946.7732000000000000","tradingPairs":"5","socket":false,"exchangeUrl":"https://www.okcoin.com","updated":1541535911808},{"exchangeId":"lykke","name":"Lykke","rank":"54","percentTotalVolume":"0.014328503598080089000000000000000000","volumeUsd":"955759.9734212748877096","tradingPairs":"136","socket":false,"exchangeUrl":"https://www.lykke.com/","updated":1541535916605},{"exchangeId":"quadrigacx","name":"QuadrigaCX","rank":"55","percentTotalVolume":"0.013164559657031700000000000000000000","volumeUsd":"878120.9497405799527042","tradingPairs":"10","socket":false,"exchangeUrl":"https://www.quadrigacx.com","updated":1541535880883},{"exchangeId":"coinmate","name":"Coinmate","rank":"56","percentTotalVolume":"0.0095893130622956664952000000000000000000","volumeUsd":"639639.8294359253062930","tradingPairs":"4","socket":true,"exchangeUrl":"https://coinmate.io/","updated":1541535908935},{"exchangeId":"coinexchange","name":"CoinExchange","rank":"57","percentTotalVolume":"0.0076638739428594240345000000000000000000","volumeUsd":"511206.4847380709830801","tradingPairs":"550","socket":false,"exchangeUrl":"https://www.coinexchange.io","updated":1541535887846},{"exchangeId":"oasisdex","name":"OasisDEX","rank":"58","percentTotalVolume":"0.0064774858665313823954000000000000000000","volumeUsd":"432070.3608199710624537","tradingPairs":"1","socket":false,"exchangeUrl":"https://oasisdex.com/","updated":1541535939902},{"exchangeId":"tradesatoshi","name":"TradeSatoshi","rank":"59","percentTotalVolume":"0.0058664692712671543431000000000000000000","volumeUsd":"391313.4736229056224779","tradingPairs":"807","socket":false,"exchangeUrl":"https://tradesatoshi.com/","updated":1541535887866},{"exchangeId":"kuna","name":"Kuna","rank":"60","percentTotalVolume":"0.0047455682820764127934000000000000000000","volumeUsd":"316545.5613769700737638","tradingPairs":"23","socket":false,"exchangeUrl":"https://kuna.io/","updated":1541535938989},{"exchangeId":"therocktrading","name":"The
        Rock Trading","rank":"61","percentTotalVolume":"0.0046930485888695265046000000000000000000","volumeUsd":"313042.3190293020965263","tradingPairs":"16","socket":true,"exchangeUrl":"https://www.therocktrading.com","updated":1541535930171},{"exchangeId":"bitmarket","name":"Bitmarket","rank":"62","percentTotalVolume":"0.0042221354424995196499000000000000000000","volumeUsd":"281630.8088756085887402","tradingPairs":"6","socket":false,"exchangeUrl":"https://www.bitmarket.net/","updated":1541535920443},{"exchangeId":"braziliex","name":"Braziliex","rank":"63","percentTotalVolume":"0.0040799290608863619180000000000000000000","volumeUsd":"272145.1590601499173161","tradingPairs":"48","socket":false,"exchangeUrl":"https://braziliex.com","updated":1541535907255},{"exchangeId":"coinnest","name":"Coinnest","rank":"64","percentTotalVolume":"0.0029936173184797811765000000000000000000","volumeUsd":"199684.4673387303487302","tradingPairs":"27","socket":false,"exchangeUrl":"https://www.coinnest.co.kr/","updated":1541535910650},{"exchangeId":"wex","name":"Wex","rank":"65","percentTotalVolume":"0.0028950273310408137716000000000000000000","volumeUsd":"193108.1795129104077042","tradingPairs":"26","socket":false,"exchangeUrl":"https://wex.nz/","updated":1541535924374},{"exchangeId":"bleutrade","name":"Bleutrade","rank":"66","percentTotalVolume":"0.0021600179688404863837000000000000000000","volumeUsd":"144080.5526101889133862","tradingPairs":"86","socket":false,"exchangeUrl":"https://bleutrade.com/","updated":1541535928428},{"exchangeId":"btctradeua","name":"BTC
        Trade UA","rank":"67","percentTotalVolume":"0.0015521697576945571792000000000000000000","volumeUsd":"103535.0074210285734220","tradingPairs":"16","socket":false,"exchangeUrl":"https://btc-trade.com.ua/","updated":1541535929689},{"exchangeId":"xbtce","name":"xBTCe","rank":"68","percentTotalVolume":"0.0004280710794265758115000000000000000000","volumeUsd":"28553.7984266536593966","tradingPairs":"27","socket":false,"exchangeUrl":"https://www.xbtce.com/","updated":1541535896930},{"exchangeId":"gatecoin","name":"Gatecoin","rank":"69","percentTotalVolume":"0.0001371022536134385936000000000000000000","volumeUsd":"9145.1871001473526187","tradingPairs":"33","socket":false,"exchangeUrl":"https://gatecoin.com/","updated":1541535909366},{"exchangeId":"ccex","name":"C-CEX","rank":"71","percentTotalVolume":null,"volumeUsd":null,"tradingPairs":"0","socket":null,"exchangeUrl":"https://www.c-cex.com","updated":1536202681096},{"exchangeId":"sistemkoin","name":"Sistemkoin","rank":"70","percentTotalVolume":null,"volumeUsd":null,"tradingPairs":"0","socket":null,"exchangeUrl":"https://www.sistemkoin.com","updated":1541527611871}],"timestamp":1541535966947}'
    http_version: 
  recorded_at: Tue, 06 Nov 2018 20:26:07 GMT
- request:
    method: get
    uri: https://api.coincap.io/v2/exchanges
    body:
      encoding: US-ASCII
      string: ''
    headers:
      User-Agent:
      - Faraday v0.15.3
      Accept-Encoding:
      - gzip;q=1.0,deflate;q=0.6,identity;q=0.3
      Accept:
      - "*/*"
  response:
    status:
      code: 200
      message: OK
    headers:
      Date:
      - Tue, 06 Nov 2018 20:26:09 GMT
      Content-Type:
      - application/json; charset=utf-8
      Transfer-Encoding:
      - chunked
      Connection:
      - keep-alive
      Set-Cookie:
      - __cfduid=d0baad224da3bfe8596b5843f4b2d02631541535968; expires=Wed, 06-Nov-19
        20:26:08 GMT; path=/; domain=.coincap.io; HttpOnly
      X-Powered-By:
      - Express
      X-Ratelimit-Limit:
      - '180'
      X-Ratelimit-Remaining:
      - '165'
      Access-Control-Allow-Origin:
      - "*"
      Access-Control-Allow-Headers:
      - Origin, X-Requested-With, Content-Type, Accept, Accept-Encoding
      Etag:
      - W/"4614-1zdHerKGLC8kqUoyT/wRRrdQ3fI"
      Vary:
      - Accept-Encoding
      Expect-Ct:
      - max-age=604800, report-uri="https://report-uri.cloudflare.com/cdn-cgi/beacon/expect-ct"
      Server:
      - cloudflare
      Cf-Ray:
      - 475a4b1d2f3d500b-DEN
    body:
      encoding: ASCII-8BIT
      string: '{"data":[{"exchangeId":"bithumb","name":"Bithumb","rank":"1","percentTotalVolume":"17.063003313344593136000000000000000000","volumeUsd":"1138160414.4227957020504296","tradingPairs":"28","socket":false,"exchangeUrl":"https://www.bithumb.com/","updated":1541535889710},{"exchangeId":"binance","name":"Binance","rank":"2","percentTotalVolume":"13.656086425414895704000000000000000000","volumeUsd":"910907458.6645624714467371","tradingPairs":"380","socket":true,"exchangeUrl":"https://www.binance.com/","updated":1541535939926},{"exchangeId":"okex","name":"Okex","rank":"3","percentTotalVolume":"11.671740962877239442000000000000000000","volumeUsd":"778544860.3268168499865865","tradingPairs":"498","socket":false,"exchangeUrl":"https://www.okex.com/","updated":1541535939208},{"exchangeId":"huobi","name":"Huobi","rank":"4","percentTotalVolume":"8.757059133469190270000000000000000000","volumeUsd":"584125658.8562754694206810","tradingPairs":"289","socket":true,"exchangeUrl":"https://www.hbg.com/","updated":1541535939830},{"exchangeId":"lbank","name":"LBank","rank":"5","percentTotalVolume":"5.975001153121885740000000000000000000","volumeUsd":"398552919.6548512135208059","tradingPairs":"100","socket":false,"exchangeUrl":"https://www.lbank.info","updated":1541535939597},{"exchangeId":"bitfinex","name":"Bitfinex","rank":"6","percentTotalVolume":"4.439379027481994898000000000000000000","volumeUsd":"296121695.6306368127091408","tradingPairs":"251","socket":true,"exchangeUrl":"https://bitfinex.com","updated":1541535935350},{"exchangeId":"bitbank","name":"Bitbank","rank":"7","percentTotalVolume":"4.133096299095775840000000000000000000","volumeUsd":"275691594.8641455893549984","tradingPairs":"8","socket":false,"exchangeUrl":"https://www.bibank.com","updated":1541535939427},{"exchangeId":"bibox","name":"Bibox","rank":"8","percentTotalVolume":"3.996459724779817054000000000000000000","volumeUsd":"266577470.1586115706869522","tradingPairs":"180","socket":false,"exchangeUrl":"https://www.bibox.com","updated":1541535929931},{"exchangeId":"zb","name":"ZB","rank":"9","percentTotalVolume":"3.723025191310371787000000000000000000","volumeUsd":"248338455.8294227928883456","tradingPairs":"86","socket":true,"exchangeUrl":"https://www.zb.com/","updated":1541535938469},{"exchangeId":"hitbtc","name":"HitBTC","rank":"10","percentTotalVolume":"3.569888216157861691000000000000000000","volumeUsd":"238123698.2101282766593566","tradingPairs":"798","socket":true,"exchangeUrl":"https://hitbtc.com/","updated":1541535924012},{"exchangeId":"ooobtc","name":"OOOBTC","rank":"11","percentTotalVolume":"1.997573256881435084000000000000000000","volumeUsd":"133244937.2563837232867204","tradingPairs":"26","socket":false,"exchangeUrl":"https://www.ooobtc.com/","updated":1541535900810},{"exchangeId":"bit-z","name":"Bit-Z","rank":"12","percentTotalVolume":"1.799163570743104723000000000000000000","volumeUsd":"120010335.6769484937346863","tradingPairs":"146","socket":false,"exchangeUrl":"https://www.bit-z.com/","updated":1541535935079},{"exchangeId":"gdax","name":"Coinbase
        Pro","rank":"13","percentTotalVolume":"1.658939668145444113000000000000000000","volumeUsd":"110656923.9614553797804893","tradingPairs":"22","socket":true,"exchangeUrl":"https://pro.coinbase.com/","updated":1541535926345},{"exchangeId":"kraken","name":"Kraken","rank":"14","percentTotalVolume":"1.579594841689523889000000000000000000","volumeUsd":"105364353.8960936874299376","tradingPairs":"66","socket":false,"exchangeUrl":"https://kraken.com","updated":1541535939697},{"exchangeId":"qryptos","name":"Liquid","rank":"15","percentTotalVolume":"1.567140054018578614000000000000000000","volumeUsd":"104533577.1543447935612111","tradingPairs":"141","socket":false,"exchangeUrl":"https://www.qryptos.com/","updated":1541535838335},{"exchangeId":"quoine","name":"Quoine","rank":"16","percentTotalVolume":"1.538474807114042216000000000000000000","volumeUsd":"102621507.5909002903217006","tradingPairs":"31","socket":false,"exchangeUrl":"https://quoine.com/","updated":1541535915106},{"exchangeId":"bitstamp","name":"Bitstamp","rank":"17","percentTotalVolume":"1.345651738146237591000000000000000000","volumeUsd":"89759552.3971722160577690","tradingPairs":"15","socket":true,"exchangeUrl":"https://www.bitstamp.net/","updated":1541535935213},{"exchangeId":"coinbene","name":"Coinbene","rank":"18","percentTotalVolume":"1.312616217824584944000000000000000000","volumeUsd":"87555970.7175883549571462","tradingPairs":"116","socket":false,"exchangeUrl":"https://www.coinbene.com","updated":1541535938635},{"exchangeId":"coinegg","name":"CoinEgg","rank":"19","percentTotalVolume":"1.216016954544829502000000000000000000","volumeUsd":"81112470.9708915162574303","tradingPairs":"115","socket":false,"exchangeUrl":"https://www.coinegg.com","updated":1541535912304},{"exchangeId":"allcoin","name":"Allcoin","rank":"20","percentTotalVolume":"0.963262898538332006000000000000000000","volumeUsd":"64252914.8981095465752346","tradingPairs":"46","socket":false,"exchangeUrl":"https://allcoin.com/","updated":1541535939169},{"exchangeId":"bittrex","name":"Bittrex","rank":"21","percentTotalVolume":"0.865219969495913697000000000000000000","volumeUsd":"57713117.7298775833905713","tradingPairs":"260","socket":false,"exchangeUrl":"https://bittrex.com/","updated":1541535936136},{"exchangeId":"gate","name":"Gate","rank":"22","percentTotalVolume":"0.691472144610139921000000000000000000","volumeUsd":"46123546.2608037011289222","tradingPairs":"189","socket":false,"exchangeUrl":"https://gate.io/","updated":1541535939313},{"exchangeId":"poloniex","name":"Poloniex","rank":"23","percentTotalVolume":"0.588431081675452492000000000000000000","volumeUsd":"39250356.5450993562977265","tradingPairs":"90","socket":true,"exchangeUrl":"https://poloniex.com/","updated":1541535892478},{"exchangeId":"coinex","name":"CoinEx","rank":"24","percentTotalVolume":"0.582306563087202032000000000000000000","volumeUsd":"38841830.3034680461298173","tradingPairs":"86","socket":false,"exchangeUrl":"https://www.coinex.com/","updated":1541535911759},{"exchangeId":"coinone","name":"Coinone","rank":"25","percentTotalVolume":"0.523174686817022033000000000000000000","volumeUsd":"34897532.8333602778501630","tradingPairs":"16","socket":false,"exchangeUrl":"https://coinone.co.kr/","updated":1541535938128},{"exchangeId":"gemini","name":"Gemini","rank":"26","percentTotalVolume":"0.498834584271107405000000000000000000","volumeUsd":"33273965.1242052495952045","tradingPairs":"6","socket":true,"exchangeUrl":"https://gemini.com/","updated":1541535939086},{"exchangeId":"exmo","name":"Exmo","rank":"27","percentTotalVolume":"0.488920685868078925000000000000000000","volumeUsd":"32612674.3474454672063738","tradingPairs":"78","socket":false,"exchangeUrl":"https://www.exmo.com/","updated":1541535904770},{"exchangeId":"btcbox","name":"BTCBOX","rank":"28","percentTotalVolume":"0.423092555946708592000000000000000000","volumeUsd":"28221713.9604549239339045","tradingPairs":"1","socket":false,"exchangeUrl":"https://www.btcbox.co.jp","updated":1541535923073},{"exchangeId":"yobit","name":"YoBit","rank":"29","percentTotalVolume":"0.392785532322482822000000000000000000","volumeUsd":"26200132.3001446855326136","tradingPairs":"61","socket":false,"exchangeUrl":"https://yobit.net","updated":1541535917914},{"exchangeId":"bitbay","name":"BitBay","rank":"30","percentTotalVolume":"0.366237040608372541000000000000000000","volumeUsd":"24429257.5146958476989966","tradingPairs":"37","socket":false,"exchangeUrl":"https://bitbay.net","updated":1541535917677},{"exchangeId":"korbit","name":"Korbit","rank":"31","percentTotalVolume":"0.328970808905185838000000000000000000","volumeUsd":"21943472.9819047696748640","tradingPairs":"5","socket":false,"exchangeUrl":"https://www.korbit.co.kr/","updated":1541535926251},{"exchangeId":"livecoin","name":"Livecoin","rank":"32","percentTotalVolume":"0.311825833862732537000000000000000000","volumeUsd":"20799844.7740660074603887","tradingPairs":"389","socket":false,"exchangeUrl":"https://www.livecoin.net","updated":1541535916487},{"exchangeId":"bitflyer","name":"Bitflyer","rank":"33","percentTotalVolume":"0.281135681178280637000000000000000000","volumeUsd":"18752707.1010212843626099","tradingPairs":"4","socket":false,"exchangeUrl":"https://bitflyer.com/","updated":1541535929211},{"exchangeId":"itbit","name":"Itbit","rank":"34","percentTotalVolume":"0.262151848274051258000000000000000000","volumeUsd":"17486420.8131488123703567","tradingPairs":"2","socket":false,"exchangeUrl":"https://www.itbit.com/","updated":1541535909718},{"exchangeId":"kucoin","name":"Kucoin","rank":"35","percentTotalVolume":"0.229251520627237319000000000000000000","volumeUsd":"15291856.9452593914297707","tradingPairs":"371","socket":false,"exchangeUrl":"https://www.kucoin.io/","updated":1541535910121},{"exchangeId":"bigone","name":"BigONE","rank":"36","percentTotalVolume":"0.223234677571702585000000000000000000","volumeUsd":"14890513.0282568926802351","tradingPairs":"100","socket":false,"exchangeUrl":"https://big.one/","updated":1541535938740},{"exchangeId":"zaif","name":"Zaif","rank":"37","percentTotalVolume":"0.149531008360975831000000000000000000","volumeUsd":"9974227.3572721382959830","tradingPairs":"28","socket":false,"exchangeUrl":"https://zaif.jp/","updated":1541535934948},{"exchangeId":"cex","name":"Cex","rank":"38","percentTotalVolume":"0.130884896456643725000000000000000000","volumeUsd":"8730468.2099120136083682","tradingPairs":"15","socket":false,"exchangeUrl":"https://www.cex.io/","updated":1541535914538},{"exchangeId":"btcturk","name":"BTCTurk","rank":"39","percentTotalVolume":"0.124888375173453658000000000000000000","volumeUsd":"8330479.8243132697361101","tradingPairs":"5","socket":false,"exchangeUrl":"https://www.btcturk.com/","updated":1541535935634},{"exchangeId":"lakebtc","name":"Lakebtc","rank":"40","percentTotalVolume":"0.055611114082601049000000000000000000","volumeUsd":"3709450.6452604079988448","tradingPairs":"24","socket":false,"exchangeUrl":"https://www.lakebtc.com/","updated":1541535894009},{"exchangeId":"independentreserve","name":"Independent
        Reserve","rank":"41","percentTotalVolume":"0.052513120196176497000000000000000000","volumeUsd":"3502803.9054748838446424","tradingPairs":"15","socket":false,"exchangeUrl":"https://www.independentreserve.com/","updated":1541535916348},{"exchangeId":"bxinth","name":"Bxinth","rank":"42","percentTotalVolume":"0.046150806444564754000000000000000000","volumeUsd":"3078415.9168399060786488","tradingPairs":"25","socket":false,"exchangeUrl":"https://bx.in.th/","updated":1541535923942},{"exchangeId":"luno","name":"Luno","rank":"43","percentTotalVolume":"0.046104776529973347000000000000000000","volumeUsd":"3075345.5648212653440302","tradingPairs":"5","socket":true,"exchangeUrl":"https://www.luno.com/","updated":1541535936248},{"exchangeId":"tidex","name":"Tidex","rank":"44","percentTotalVolume":"0.044926327534557469000000000000000000","volumeUsd":"2996739.0046297373370799","tradingPairs":"237","socket":false,"exchangeUrl":"https://tidex.com/","updated":1541535939778},{"exchangeId":"btcmarket","name":"BTCMarket","rank":"45","percentTotalVolume":"0.044415573383125698000000000000000000","volumeUsd":"2962669.9637940534116365","tradingPairs":"11","socket":false,"exchangeUrl":"https://www.btcmarkets.net/","updated":1541535938777},{"exchangeId":"cryptopia","name":"Cryptopia","rank":"46","percentTotalVolume":"0.043290495702392972000000000000000000","volumeUsd":"2887623.4520021267843990","tradingPairs":"1426","socket":false,"exchangeUrl":"https://www.cryptopia.co.nz/","updated":1541535939925},{"exchangeId":"bitso","name":"Bitso","rank":"47","percentTotalVolume":"0.031755563362868646000000000000000000","volumeUsd":"2118204.1926373742923034","tradingPairs":"11","socket":true,"exchangeUrl":"https://www.bitso.com/","updated":1541535928992},{"exchangeId":"acx","name":"ACX","rank":"48","percentTotalVolume":"0.025947850660673407000000000000000000","volumeUsd":"1730809.9822166654257696","tradingPairs":"10","socket":false,"exchangeUrl":"https://acx.io/","updated":1541535893386},{"exchangeId":"btcc","name":"BTCC","rank":"49","percentTotalVolume":"0.025130165636737452000000000000000000","volumeUsd":"1676267.6071951230529746","tradingPairs":"6","socket":false,"exchangeUrl":"https://exchange.btcc.com/","updated":1541535939364},{"exchangeId":"idex","name":"IDEX","rank":"50","percentTotalVolume":"0.021101282647149169000000000000000000","volumeUsd":"1407527.3948841681894141","tradingPairs":"352","socket":false,"exchangeUrl":"https://idex.market","updated":1541535901708},{"exchangeId":"mercado","name":"Mercado","rank":"51","percentTotalVolume":"0.020848423741566407000000000000000000","volumeUsd":"1390660.8449876741098382","tradingPairs":"3","socket":false,"exchangeUrl":"https://www.mercadobitcoin.com.br/","updated":1541535910877},{"exchangeId":"coinfloor","name":"Coinfloor","rank":"52","percentTotalVolume":"0.016708708976271952000000000000000000","volumeUsd":"1114527.7758945666684420","tradingPairs":"2","socket":false,"exchangeUrl":"https://www.coinfloor.co.uk/","updated":1541535939836},{"exchangeId":"okcoin","name":"OkCoin","rank":"53","percentTotalVolume":"0.014975948807366202000000000000000000","volumeUsd":"998946.7732000000000000","tradingPairs":"5","socket":false,"exchangeUrl":"https://www.okcoin.com","updated":1541535911808},{"exchangeId":"lykke","name":"Lykke","rank":"54","percentTotalVolume":"0.014328503598080089000000000000000000","volumeUsd":"955759.9734212748877096","tradingPairs":"136","socket":false,"exchangeUrl":"https://www.lykke.com/","updated":1541535916605},{"exchangeId":"quadrigacx","name":"QuadrigaCX","rank":"55","percentTotalVolume":"0.013164559657031700000000000000000000","volumeUsd":"878120.9497405799527042","tradingPairs":"10","socket":false,"exchangeUrl":"https://www.quadrigacx.com","updated":1541535880883},{"exchangeId":"coinmate","name":"Coinmate","rank":"56","percentTotalVolume":"0.0095893130622956664952000000000000000000","volumeUsd":"639639.8294359253062930","tradingPairs":"4","socket":true,"exchangeUrl":"https://coinmate.io/","updated":1541535908935},{"exchangeId":"coinexchange","name":"CoinExchange","rank":"57","percentTotalVolume":"0.0076638739428594240345000000000000000000","volumeUsd":"511206.4847380709830801","tradingPairs":"550","socket":false,"exchangeUrl":"https://www.coinexchange.io","updated":1541535887846},{"exchangeId":"oasisdex","name":"OasisDEX","rank":"58","percentTotalVolume":"0.0064774858665313823954000000000000000000","volumeUsd":"432070.3608199710624537","tradingPairs":"1","socket":false,"exchangeUrl":"https://oasisdex.com/","updated":1541535939902},{"exchangeId":"tradesatoshi","name":"TradeSatoshi","rank":"59","percentTotalVolume":"0.0058664692712671543431000000000000000000","volumeUsd":"391313.4736229056224779","tradingPairs":"807","socket":false,"exchangeUrl":"https://tradesatoshi.com/","updated":1541535887866},{"exchangeId":"kuna","name":"Kuna","rank":"60","percentTotalVolume":"0.0047455682820764127934000000000000000000","volumeUsd":"316545.5613769700737638","tradingPairs":"23","socket":false,"exchangeUrl":"https://kuna.io/","updated":1541535938989},{"exchangeId":"therocktrading","name":"The
        Rock Trading","rank":"61","percentTotalVolume":"0.0046930485888695265046000000000000000000","volumeUsd":"313042.3190293020965263","tradingPairs":"16","socket":true,"exchangeUrl":"https://www.therocktrading.com","updated":1541535930171},{"exchangeId":"bitmarket","name":"Bitmarket","rank":"62","percentTotalVolume":"0.0042221354424995196499000000000000000000","volumeUsd":"281630.8088756085887402","tradingPairs":"6","socket":false,"exchangeUrl":"https://www.bitmarket.net/","updated":1541535920443},{"exchangeId":"braziliex","name":"Braziliex","rank":"63","percentTotalVolume":"0.0040799290608863619180000000000000000000","volumeUsd":"272145.1590601499173161","tradingPairs":"48","socket":false,"exchangeUrl":"https://braziliex.com","updated":1541535907255},{"exchangeId":"coinnest","name":"Coinnest","rank":"64","percentTotalVolume":"0.0029936173184797811765000000000000000000","volumeUsd":"199684.4673387303487302","tradingPairs":"27","socket":false,"exchangeUrl":"https://www.coinnest.co.kr/","updated":1541535910650},{"exchangeId":"wex","name":"Wex","rank":"65","percentTotalVolume":"0.0028950273310408137716000000000000000000","volumeUsd":"193108.1795129104077042","tradingPairs":"26","socket":false,"exchangeUrl":"https://wex.nz/","updated":1541535924374},{"exchangeId":"bleutrade","name":"Bleutrade","rank":"66","percentTotalVolume":"0.0021600179688404863837000000000000000000","volumeUsd":"144080.5526101889133862","tradingPairs":"86","socket":false,"exchangeUrl":"https://bleutrade.com/","updated":1541535928428},{"exchangeId":"btctradeua","name":"BTC
        Trade UA","rank":"67","percentTotalVolume":"0.0015521697576945571792000000000000000000","volumeUsd":"103535.0074210285734220","tradingPairs":"16","socket":false,"exchangeUrl":"https://btc-trade.com.ua/","updated":1541535929689},{"exchangeId":"xbtce","name":"xBTCe","rank":"68","percentTotalVolume":"0.0004280710794265758115000000000000000000","volumeUsd":"28553.7984266536593966","tradingPairs":"27","socket":false,"exchangeUrl":"https://www.xbtce.com/","updated":1541535896930},{"exchangeId":"gatecoin","name":"Gatecoin","rank":"69","percentTotalVolume":"0.0001371022536134385936000000000000000000","volumeUsd":"9145.1871001473526187","tradingPairs":"33","socket":false,"exchangeUrl":"https://gatecoin.com/","updated":1541535909366},{"exchangeId":"ccex","name":"C-CEX","rank":"71","percentTotalVolume":null,"volumeUsd":null,"tradingPairs":"0","socket":null,"exchangeUrl":"https://www.c-cex.com","updated":1536202681096},{"exchangeId":"sistemkoin","name":"Sistemkoin","rank":"70","percentTotalVolume":null,"volumeUsd":null,"tradingPairs":"0","socket":null,"exchangeUrl":"https://www.sistemkoin.com","updated":1541527611871}],"timestamp":1541535969245}'
    http_version: 
  recorded_at: Tue, 06 Nov 2018 20:26:09 GMT
- request:
    method: get
    uri: https://api.coincap.io/v2/exchanges
    body:
      encoding: US-ASCII
      string: ''
    headers:
      User-Agent:
      - Faraday v0.15.3
      Accept-Encoding:
      - gzip;q=1.0,deflate;q=0.6,identity;q=0.3
      Accept:
      - "*/*"
  response:
    status:
      code: 200
      message: OK
    headers:
      Date:
      - Tue, 06 Nov 2018 20:26:11 GMT
      Content-Type:
      - application/json; charset=utf-8
      Transfer-Encoding:
      - chunked
      Connection:
      - keep-alive
      Set-Cookie:
      - __cfduid=dfc0f590e493979ab9aec5edc6224a3df1541535970; expires=Wed, 06-Nov-19
        20:26:10 GMT; path=/; domain=.coincap.io; HttpOnly
      X-Powered-By:
      - Express
      X-Ratelimit-Limit:
      - '180'
      X-Ratelimit-Remaining:
      - '161'
      Access-Control-Allow-Origin:
      - "*"
      Access-Control-Allow-Headers:
      - Origin, X-Requested-With, Content-Type, Accept, Accept-Encoding
      Etag:
      - W/"4614-YmJeIKj0MTzfK33wpmZIH1403s4"
      Vary:
      - Accept-Encoding
      Expect-Ct:
      - max-age=604800, report-uri="https://report-uri.cloudflare.com/cdn-cgi/beacon/expect-ct"
      Server:
      - cloudflare
      Cf-Ray:
      - 475a4b2a9b845017-DEN
    body:
      encoding: ASCII-8BIT
      string: '{"data":[{"exchangeId":"bithumb","name":"Bithumb","rank":"1","percentTotalVolume":"17.063003313344593136000000000000000000","volumeUsd":"1138160414.4227957020504296","tradingPairs":"28","socket":false,"exchangeUrl":"https://www.bithumb.com/","updated":1541535889710},{"exchangeId":"binance","name":"Binance","rank":"2","percentTotalVolume":"13.656086425414895704000000000000000000","volumeUsd":"910907458.6645624714467371","tradingPairs":"380","socket":true,"exchangeUrl":"https://www.binance.com/","updated":1541535939926},{"exchangeId":"okex","name":"Okex","rank":"3","percentTotalVolume":"11.671740962877239442000000000000000000","volumeUsd":"778544860.3268168499865865","tradingPairs":"498","socket":false,"exchangeUrl":"https://www.okex.com/","updated":1541535939208},{"exchangeId":"huobi","name":"Huobi","rank":"4","percentTotalVolume":"8.757059133469190270000000000000000000","volumeUsd":"584125658.8562754694206810","tradingPairs":"289","socket":true,"exchangeUrl":"https://www.hbg.com/","updated":1541535939830},{"exchangeId":"lbank","name":"LBank","rank":"5","percentTotalVolume":"5.975001153121885740000000000000000000","volumeUsd":"398552919.6548512135208059","tradingPairs":"100","socket":false,"exchangeUrl":"https://www.lbank.info","updated":1541535939597},{"exchangeId":"bitfinex","name":"Bitfinex","rank":"6","percentTotalVolume":"4.439379027481994898000000000000000000","volumeUsd":"296121695.6306368127091408","tradingPairs":"251","socket":true,"exchangeUrl":"https://bitfinex.com","updated":1541535935350},{"exchangeId":"bitbank","name":"Bitbank","rank":"7","percentTotalVolume":"4.133096299095775840000000000000000000","volumeUsd":"275691594.8641455893549984","tradingPairs":"8","socket":false,"exchangeUrl":"https://www.bibank.com","updated":1541535939427},{"exchangeId":"bibox","name":"Bibox","rank":"8","percentTotalVolume":"3.996459724779817054000000000000000000","volumeUsd":"266577470.1586115706869522","tradingPairs":"180","socket":false,"exchangeUrl":"https://www.bibox.com","updated":1541535929931},{"exchangeId":"zb","name":"ZB","rank":"9","percentTotalVolume":"3.723025191310371787000000000000000000","volumeUsd":"248338455.8294227928883456","tradingPairs":"86","socket":true,"exchangeUrl":"https://www.zb.com/","updated":1541535938469},{"exchangeId":"hitbtc","name":"HitBTC","rank":"10","percentTotalVolume":"3.569888216157861691000000000000000000","volumeUsd":"238123698.2101282766593566","tradingPairs":"798","socket":true,"exchangeUrl":"https://hitbtc.com/","updated":1541535924012},{"exchangeId":"ooobtc","name":"OOOBTC","rank":"11","percentTotalVolume":"1.997573256881435084000000000000000000","volumeUsd":"133244937.2563837232867204","tradingPairs":"26","socket":false,"exchangeUrl":"https://www.ooobtc.com/","updated":1541535900810},{"exchangeId":"bit-z","name":"Bit-Z","rank":"12","percentTotalVolume":"1.799163570743104723000000000000000000","volumeUsd":"120010335.6769484937346863","tradingPairs":"146","socket":false,"exchangeUrl":"https://www.bit-z.com/","updated":1541535935079},{"exchangeId":"gdax","name":"Coinbase
        Pro","rank":"13","percentTotalVolume":"1.658939668145444113000000000000000000","volumeUsd":"110656923.9614553797804893","tradingPairs":"22","socket":true,"exchangeUrl":"https://pro.coinbase.com/","updated":1541535926345},{"exchangeId":"kraken","name":"Kraken","rank":"14","percentTotalVolume":"1.579594841689523889000000000000000000","volumeUsd":"105364353.8960936874299376","tradingPairs":"66","socket":false,"exchangeUrl":"https://kraken.com","updated":1541535939697},{"exchangeId":"qryptos","name":"Liquid","rank":"15","percentTotalVolume":"1.567140054018578614000000000000000000","volumeUsd":"104533577.1543447935612111","tradingPairs":"141","socket":false,"exchangeUrl":"https://www.qryptos.com/","updated":1541535838335},{"exchangeId":"quoine","name":"Quoine","rank":"16","percentTotalVolume":"1.538474807114042216000000000000000000","volumeUsd":"102621507.5909002903217006","tradingPairs":"31","socket":false,"exchangeUrl":"https://quoine.com/","updated":1541535915106},{"exchangeId":"bitstamp","name":"Bitstamp","rank":"17","percentTotalVolume":"1.345651738146237591000000000000000000","volumeUsd":"89759552.3971722160577690","tradingPairs":"15","socket":true,"exchangeUrl":"https://www.bitstamp.net/","updated":1541535935213},{"exchangeId":"coinbene","name":"Coinbene","rank":"18","percentTotalVolume":"1.312616217824584944000000000000000000","volumeUsd":"87555970.7175883549571462","tradingPairs":"116","socket":false,"exchangeUrl":"https://www.coinbene.com","updated":1541535938635},{"exchangeId":"coinegg","name":"CoinEgg","rank":"19","percentTotalVolume":"1.216016954544829502000000000000000000","volumeUsd":"81112470.9708915162574303","tradingPairs":"115","socket":false,"exchangeUrl":"https://www.coinegg.com","updated":1541535912304},{"exchangeId":"allcoin","name":"Allcoin","rank":"20","percentTotalVolume":"0.963262898538332006000000000000000000","volumeUsd":"64252914.8981095465752346","tradingPairs":"46","socket":false,"exchangeUrl":"https://allcoin.com/","updated":1541535939169},{"exchangeId":"bittrex","name":"Bittrex","rank":"21","percentTotalVolume":"0.865219969495913697000000000000000000","volumeUsd":"57713117.7298775833905713","tradingPairs":"260","socket":false,"exchangeUrl":"https://bittrex.com/","updated":1541535936136},{"exchangeId":"gate","name":"Gate","rank":"22","percentTotalVolume":"0.691472144610139921000000000000000000","volumeUsd":"46123546.2608037011289222","tradingPairs":"189","socket":false,"exchangeUrl":"https://gate.io/","updated":1541535939313},{"exchangeId":"poloniex","name":"Poloniex","rank":"23","percentTotalVolume":"0.588431081675452492000000000000000000","volumeUsd":"39250356.5450993562977265","tradingPairs":"90","socket":true,"exchangeUrl":"https://poloniex.com/","updated":1541535892478},{"exchangeId":"coinex","name":"CoinEx","rank":"24","percentTotalVolume":"0.582306563087202032000000000000000000","volumeUsd":"38841830.3034680461298173","tradingPairs":"86","socket":false,"exchangeUrl":"https://www.coinex.com/","updated":1541535911759},{"exchangeId":"coinone","name":"Coinone","rank":"25","percentTotalVolume":"0.523174686817022033000000000000000000","volumeUsd":"34897532.8333602778501630","tradingPairs":"16","socket":false,"exchangeUrl":"https://coinone.co.kr/","updated":1541535938128},{"exchangeId":"gemini","name":"Gemini","rank":"26","percentTotalVolume":"0.498834584271107405000000000000000000","volumeUsd":"33273965.1242052495952045","tradingPairs":"6","socket":true,"exchangeUrl":"https://gemini.com/","updated":1541535939086},{"exchangeId":"exmo","name":"Exmo","rank":"27","percentTotalVolume":"0.488920685868078925000000000000000000","volumeUsd":"32612674.3474454672063738","tradingPairs":"78","socket":false,"exchangeUrl":"https://www.exmo.com/","updated":1541535904770},{"exchangeId":"btcbox","name":"BTCBOX","rank":"28","percentTotalVolume":"0.423092555946708592000000000000000000","volumeUsd":"28221713.9604549239339045","tradingPairs":"1","socket":false,"exchangeUrl":"https://www.btcbox.co.jp","updated":1541535923073},{"exchangeId":"yobit","name":"YoBit","rank":"29","percentTotalVolume":"0.392785532322482822000000000000000000","volumeUsd":"26200132.3001446855326136","tradingPairs":"61","socket":false,"exchangeUrl":"https://yobit.net","updated":1541535917914},{"exchangeId":"bitbay","name":"BitBay","rank":"30","percentTotalVolume":"0.366237040608372541000000000000000000","volumeUsd":"24429257.5146958476989966","tradingPairs":"37","socket":false,"exchangeUrl":"https://bitbay.net","updated":1541535917677},{"exchangeId":"korbit","name":"Korbit","rank":"31","percentTotalVolume":"0.328970808905185838000000000000000000","volumeUsd":"21943472.9819047696748640","tradingPairs":"5","socket":false,"exchangeUrl":"https://www.korbit.co.kr/","updated":1541535926251},{"exchangeId":"livecoin","name":"Livecoin","rank":"32","percentTotalVolume":"0.311825833862732537000000000000000000","volumeUsd":"20799844.7740660074603887","tradingPairs":"389","socket":false,"exchangeUrl":"https://www.livecoin.net","updated":1541535916487},{"exchangeId":"bitflyer","name":"Bitflyer","rank":"33","percentTotalVolume":"0.281135681178280637000000000000000000","volumeUsd":"18752707.1010212843626099","tradingPairs":"4","socket":false,"exchangeUrl":"https://bitflyer.com/","updated":1541535929211},{"exchangeId":"itbit","name":"Itbit","rank":"34","percentTotalVolume":"0.262151848274051258000000000000000000","volumeUsd":"17486420.8131488123703567","tradingPairs":"2","socket":false,"exchangeUrl":"https://www.itbit.com/","updated":1541535909718},{"exchangeId":"kucoin","name":"Kucoin","rank":"35","percentTotalVolume":"0.229251520627237319000000000000000000","volumeUsd":"15291856.9452593914297707","tradingPairs":"371","socket":false,"exchangeUrl":"https://www.kucoin.io/","updated":1541535910121},{"exchangeId":"bigone","name":"BigONE","rank":"36","percentTotalVolume":"0.223234677571702585000000000000000000","volumeUsd":"14890513.0282568926802351","tradingPairs":"100","socket":false,"exchangeUrl":"https://big.one/","updated":1541535938740},{"exchangeId":"zaif","name":"Zaif","rank":"37","percentTotalVolume":"0.149531008360975831000000000000000000","volumeUsd":"9974227.3572721382959830","tradingPairs":"28","socket":false,"exchangeUrl":"https://zaif.jp/","updated":1541535934948},{"exchangeId":"cex","name":"Cex","rank":"38","percentTotalVolume":"0.130884896456643725000000000000000000","volumeUsd":"8730468.2099120136083682","tradingPairs":"15","socket":false,"exchangeUrl":"https://www.cex.io/","updated":1541535914538},{"exchangeId":"btcturk","name":"BTCTurk","rank":"39","percentTotalVolume":"0.124888375173453658000000000000000000","volumeUsd":"8330479.8243132697361101","tradingPairs":"5","socket":false,"exchangeUrl":"https://www.btcturk.com/","updated":1541535935634},{"exchangeId":"lakebtc","name":"Lakebtc","rank":"40","percentTotalVolume":"0.055611114082601049000000000000000000","volumeUsd":"3709450.6452604079988448","tradingPairs":"24","socket":false,"exchangeUrl":"https://www.lakebtc.com/","updated":1541535894009},{"exchangeId":"independentreserve","name":"Independent
        Reserve","rank":"41","percentTotalVolume":"0.052513120196176497000000000000000000","volumeUsd":"3502803.9054748838446424","tradingPairs":"15","socket":false,"exchangeUrl":"https://www.independentreserve.com/","updated":1541535916348},{"exchangeId":"bxinth","name":"Bxinth","rank":"42","percentTotalVolume":"0.046150806444564754000000000000000000","volumeUsd":"3078415.9168399060786488","tradingPairs":"25","socket":false,"exchangeUrl":"https://bx.in.th/","updated":1541535923942},{"exchangeId":"luno","name":"Luno","rank":"43","percentTotalVolume":"0.046104776529973347000000000000000000","volumeUsd":"3075345.5648212653440302","tradingPairs":"5","socket":true,"exchangeUrl":"https://www.luno.com/","updated":1541535936248},{"exchangeId":"tidex","name":"Tidex","rank":"44","percentTotalVolume":"0.044926327534557469000000000000000000","volumeUsd":"2996739.0046297373370799","tradingPairs":"237","socket":false,"exchangeUrl":"https://tidex.com/","updated":1541535939778},{"exchangeId":"btcmarket","name":"BTCMarket","rank":"45","percentTotalVolume":"0.044415573383125698000000000000000000","volumeUsd":"2962669.9637940534116365","tradingPairs":"11","socket":false,"exchangeUrl":"https://www.btcmarkets.net/","updated":1541535938777},{"exchangeId":"cryptopia","name":"Cryptopia","rank":"46","percentTotalVolume":"0.043290495702392972000000000000000000","volumeUsd":"2887623.4520021267843990","tradingPairs":"1426","socket":false,"exchangeUrl":"https://www.cryptopia.co.nz/","updated":1541535939925},{"exchangeId":"bitso","name":"Bitso","rank":"47","percentTotalVolume":"0.031755563362868646000000000000000000","volumeUsd":"2118204.1926373742923034","tradingPairs":"11","socket":true,"exchangeUrl":"https://www.bitso.com/","updated":1541535928992},{"exchangeId":"acx","name":"ACX","rank":"48","percentTotalVolume":"0.025947850660673407000000000000000000","volumeUsd":"1730809.9822166654257696","tradingPairs":"10","socket":false,"exchangeUrl":"https://acx.io/","updated":1541535893386},{"exchangeId":"btcc","name":"BTCC","rank":"49","percentTotalVolume":"0.025130165636737452000000000000000000","volumeUsd":"1676267.6071951230529746","tradingPairs":"6","socket":false,"exchangeUrl":"https://exchange.btcc.com/","updated":1541535939364},{"exchangeId":"idex","name":"IDEX","rank":"50","percentTotalVolume":"0.021101282647149169000000000000000000","volumeUsd":"1407527.3948841681894141","tradingPairs":"352","socket":false,"exchangeUrl":"https://idex.market","updated":1541535901708},{"exchangeId":"mercado","name":"Mercado","rank":"51","percentTotalVolume":"0.020848423741566407000000000000000000","volumeUsd":"1390660.8449876741098382","tradingPairs":"3","socket":false,"exchangeUrl":"https://www.mercadobitcoin.com.br/","updated":1541535910877},{"exchangeId":"coinfloor","name":"Coinfloor","rank":"52","percentTotalVolume":"0.016708708976271952000000000000000000","volumeUsd":"1114527.7758945666684420","tradingPairs":"2","socket":false,"exchangeUrl":"https://www.coinfloor.co.uk/","updated":1541535939836},{"exchangeId":"okcoin","name":"OkCoin","rank":"53","percentTotalVolume":"0.014975948807366202000000000000000000","volumeUsd":"998946.7732000000000000","tradingPairs":"5","socket":false,"exchangeUrl":"https://www.okcoin.com","updated":1541535911808},{"exchangeId":"lykke","name":"Lykke","rank":"54","percentTotalVolume":"0.014328503598080089000000000000000000","volumeUsd":"955759.9734212748877096","tradingPairs":"136","socket":false,"exchangeUrl":"https://www.lykke.com/","updated":1541535916605},{"exchangeId":"quadrigacx","name":"QuadrigaCX","rank":"55","percentTotalVolume":"0.013164559657031700000000000000000000","volumeUsd":"878120.9497405799527042","tradingPairs":"10","socket":false,"exchangeUrl":"https://www.quadrigacx.com","updated":1541535880883},{"exchangeId":"coinmate","name":"Coinmate","rank":"56","percentTotalVolume":"0.0095893130622956664952000000000000000000","volumeUsd":"639639.8294359253062930","tradingPairs":"4","socket":true,"exchangeUrl":"https://coinmate.io/","updated":1541535908935},{"exchangeId":"coinexchange","name":"CoinExchange","rank":"57","percentTotalVolume":"0.0076638739428594240345000000000000000000","volumeUsd":"511206.4847380709830801","tradingPairs":"550","socket":false,"exchangeUrl":"https://www.coinexchange.io","updated":1541535887846},{"exchangeId":"oasisdex","name":"OasisDEX","rank":"58","percentTotalVolume":"0.0064774858665313823954000000000000000000","volumeUsd":"432070.3608199710624537","tradingPairs":"1","socket":false,"exchangeUrl":"https://oasisdex.com/","updated":1541535939902},{"exchangeId":"tradesatoshi","name":"TradeSatoshi","rank":"59","percentTotalVolume":"0.0058664692712671543431000000000000000000","volumeUsd":"391313.4736229056224779","tradingPairs":"807","socket":false,"exchangeUrl":"https://tradesatoshi.com/","updated":1541535887866},{"exchangeId":"kuna","name":"Kuna","rank":"60","percentTotalVolume":"0.0047455682820764127934000000000000000000","volumeUsd":"316545.5613769700737638","tradingPairs":"23","socket":false,"exchangeUrl":"https://kuna.io/","updated":1541535938989},{"exchangeId":"therocktrading","name":"The
        Rock Trading","rank":"61","percentTotalVolume":"0.0046930485888695265046000000000000000000","volumeUsd":"313042.3190293020965263","tradingPairs":"16","socket":true,"exchangeUrl":"https://www.therocktrading.com","updated":1541535930171},{"exchangeId":"bitmarket","name":"Bitmarket","rank":"62","percentTotalVolume":"0.0042221354424995196499000000000000000000","volumeUsd":"281630.8088756085887402","tradingPairs":"6","socket":false,"exchangeUrl":"https://www.bitmarket.net/","updated":1541535920443},{"exchangeId":"braziliex","name":"Braziliex","rank":"63","percentTotalVolume":"0.0040799290608863619180000000000000000000","volumeUsd":"272145.1590601499173161","tradingPairs":"48","socket":false,"exchangeUrl":"https://braziliex.com","updated":1541535907255},{"exchangeId":"coinnest","name":"Coinnest","rank":"64","percentTotalVolume":"0.0029936173184797811765000000000000000000","volumeUsd":"199684.4673387303487302","tradingPairs":"27","socket":false,"exchangeUrl":"https://www.coinnest.co.kr/","updated":1541535910650},{"exchangeId":"wex","name":"Wex","rank":"65","percentTotalVolume":"0.0028950273310408137716000000000000000000","volumeUsd":"193108.1795129104077042","tradingPairs":"26","socket":false,"exchangeUrl":"https://wex.nz/","updated":1541535924374},{"exchangeId":"bleutrade","name":"Bleutrade","rank":"66","percentTotalVolume":"0.0021600179688404863837000000000000000000","volumeUsd":"144080.5526101889133862","tradingPairs":"86","socket":false,"exchangeUrl":"https://bleutrade.com/","updated":1541535928428},{"exchangeId":"btctradeua","name":"BTC
        Trade UA","rank":"67","percentTotalVolume":"0.0015521697576945571792000000000000000000","volumeUsd":"103535.0074210285734220","tradingPairs":"16","socket":false,"exchangeUrl":"https://btc-trade.com.ua/","updated":1541535929689},{"exchangeId":"xbtce","name":"xBTCe","rank":"68","percentTotalVolume":"0.0004280710794265758115000000000000000000","volumeUsd":"28553.7984266536593966","tradingPairs":"27","socket":false,"exchangeUrl":"https://www.xbtce.com/","updated":1541535896930},{"exchangeId":"gatecoin","name":"Gatecoin","rank":"69","percentTotalVolume":"0.0001371022536134385936000000000000000000","volumeUsd":"9145.1871001473526187","tradingPairs":"33","socket":false,"exchangeUrl":"https://gatecoin.com/","updated":1541535909366},{"exchangeId":"ccex","name":"C-CEX","rank":"71","percentTotalVolume":null,"volumeUsd":null,"tradingPairs":"0","socket":null,"exchangeUrl":"https://www.c-cex.com","updated":1536202681096},{"exchangeId":"sistemkoin","name":"Sistemkoin","rank":"70","percentTotalVolume":null,"volumeUsd":null,"tradingPairs":"0","socket":null,"exchangeUrl":"https://www.sistemkoin.com","updated":1541527611871}],"timestamp":1541535971388}'
    http_version: 
  recorded_at: Tue, 06 Nov 2018 20:26:11 GMT
- request:
    method: get
    uri: https://api.coincap.io/v2/exchanges
    body:
      encoding: US-ASCII
      string: ''
    headers:
      User-Agent:
      - Faraday v0.15.3
      Accept-Encoding:
      - gzip;q=1.0,deflate;q=0.6,identity;q=0.3
      Accept:
      - "*/*"
  response:
    status:
      code: 200
      message: OK
    headers:
      Date:
      - Tue, 06 Nov 2018 20:30:30 GMT
      Content-Type:
      - application/json; charset=utf-8
      Transfer-Encoding:
      - chunked
      Connection:
      - keep-alive
      Set-Cookie:
      - __cfduid=d0b2346b77683e6d47b430da0f796bab81541536230; expires=Wed, 06-Nov-19
        20:30:30 GMT; path=/; domain=.coincap.io; HttpOnly
      X-Powered-By:
      - Express
      X-Ratelimit-Limit:
      - '180'
      X-Ratelimit-Remaining:
      - '177'
      Access-Control-Allow-Origin:
      - "*"
      Access-Control-Allow-Headers:
      - Origin, X-Requested-With, Content-Type, Accept, Accept-Encoding
      Etag:
      - W/"4614-0UWsimBBNrNETY6nMSchjQ7jgBY"
      Vary:
      - Accept-Encoding
      Expect-Ct:
      - max-age=604800, report-uri="https://report-uri.cloudflare.com/cdn-cgi/beacon/expect-ct"
      Server:
      - cloudflare
      Cf-Ray:
      - 475a51804b874fff-DEN
    body:
      encoding: ASCII-8BIT
      string: '{"data":[{"exchangeId":"bithumb","name":"Bithumb","rank":"1","percentTotalVolume":"16.888035586805297950000000000000000000","volumeUsd":"1126304813.6193523749836383","tradingPairs":"28","socket":false,"exchangeUrl":"https://www.bithumb.com/","updated":1541536134764},{"exchangeId":"binance","name":"Binance","rank":"2","percentTotalVolume":"13.692672564482992634000000000000000000","volumeUsd":"913198159.8108553468598537","tradingPairs":"380","socket":true,"exchangeUrl":"https://www.binance.com/","updated":1541536182565},{"exchangeId":"okex","name":"Okex","rank":"3","percentTotalVolume":"11.686495528344037520000000000000000000","volumeUsd":"779401257.1952947272113791","tradingPairs":"498","socket":false,"exchangeUrl":"https://www.okex.com/","updated":1541536181926},{"exchangeId":"huobi","name":"Huobi","rank":"4","percentTotalVolume":"8.765130787018885561000000000000000000","volumeUsd":"584568225.6339959908853669","tradingPairs":"289","socket":true,"exchangeUrl":"https://www.hbg.com/","updated":1541536159564},{"exchangeId":"lbank","name":"LBank","rank":"5","percentTotalVolume":"5.974243458832189422000000000000000000","volumeUsd":"398437055.0873236202730517","tradingPairs":"100","socket":false,"exchangeUrl":"https://www.lbank.info","updated":1541536180272},{"exchangeId":"bitfinex","name":"Bitfinex","rank":"6","percentTotalVolume":"4.449023376179395266000000000000000000","volumeUsd":"296716359.8595777235043037","tradingPairs":"251","socket":true,"exchangeUrl":"https://bitfinex.com","updated":1541536175957},{"exchangeId":"bitbank","name":"Bitbank","rank":"7","percentTotalVolume":"4.140297128541942124000000000000000000","volumeUsd":"276126643.7248972129526213","tradingPairs":"8","socket":false,"exchangeUrl":"https://www.bibank.com","updated":1541536181905},{"exchangeId":"bibox","name":"Bibox","rank":"8","percentTotalVolume":"4.046211825203056771000000000000000000","volumeUsd":"269851862.4161571147687950","tradingPairs":"180","socket":false,"exchangeUrl":"https://www.bibox.com","updated":1541536181369},{"exchangeId":"zb","name":"ZB","rank":"9","percentTotalVolume":"3.726409136648150894000000000000000000","volumeUsd":"248523431.0733653364508968","tradingPairs":"85","socket":true,"exchangeUrl":"https://www.zb.com/","updated":1541536182028},{"exchangeId":"hitbtc","name":"HitBTC","rank":"10","percentTotalVolume":"3.574909467764174839000000000000000000","volumeUsd":"238419543.8895250779666209","tradingPairs":"799","socket":true,"exchangeUrl":"https://hitbtc.com/","updated":1541536150790},{"exchangeId":"ooobtc","name":"OOOBTC","rank":"11","percentTotalVolume":"2.000785623322046638000000000000000000","volumeUsd":"133437335.9758125685038728","tradingPairs":"26","socket":false,"exchangeUrl":"https://www.ooobtc.com/","updated":1541536146202},{"exchangeId":"bit-z","name":"Bit-Z","rank":"12","percentTotalVolume":"1.800393886488843399000000000000000000","volumeUsd":"120072715.9970909779738624","tradingPairs":"146","socket":false,"exchangeUrl":"https://www.bit-z.com/","updated":1541536126128},{"exchangeId":"gdax","name":"Coinbase
        Pro","rank":"13","percentTotalVolume":"1.665455215603705977000000000000000000","volumeUsd":"111073322.6822123577069020","tradingPairs":"22","socket":true,"exchangeUrl":"https://pro.coinbase.com/","updated":1541536181674},{"exchangeId":"kraken","name":"Kraken","rank":"14","percentTotalVolume":"1.586997883893228518000000000000000000","volumeUsd":"105840809.4088342229020801","tradingPairs":"66","socket":false,"exchangeUrl":"https://kraken.com","updated":1541536182117},{"exchangeId":"qryptos","name":"Liquid","rank":"15","percentTotalVolume":"1.567263704144274910000000000000000000","volumeUsd":"104524688.2099043829913704","tradingPairs":"141","socket":false,"exchangeUrl":"https://www.qryptos.com/","updated":1541536160600},{"exchangeId":"quoine","name":"Quoine","rank":"16","percentTotalVolume":"1.538539249137051353000000000000000000","volumeUsd":"102608983.3443541495591821","tradingPairs":"31","socket":false,"exchangeUrl":"https://quoine.com/","updated":1541536168624},{"exchangeId":"bitstamp","name":"Bitstamp","rank":"17","percentTotalVolume":"1.346245766162571442000000000000000000","volumeUsd":"89784455.9214605405738360","tradingPairs":"15","socket":true,"exchangeUrl":"https://www.bitstamp.net/","updated":1541536172519},{"exchangeId":"coinbene","name":"Coinbene","rank":"18","percentTotalVolume":"1.318103648661578879000000000000000000","volumeUsd":"87907588.5828119857984418","tradingPairs":"116","socket":false,"exchangeUrl":"https://www.coinbene.com","updated":1541536181682},{"exchangeId":"coinegg","name":"CoinEgg","rank":"19","percentTotalVolume":"1.217091739126435663000000000000000000","volumeUsd":"81170854.7953012845201227","tradingPairs":"115","socket":false,"exchangeUrl":"https://www.coinegg.com","updated":1541536181412},{"exchangeId":"allcoin","name":"Allcoin","rank":"20","percentTotalVolume":"0.970233570097919792000000000000000000","volumeUsd":"64707273.6624364769605382","tradingPairs":"46","socket":false,"exchangeUrl":"https://allcoin.com/","updated":1541536179668},{"exchangeId":"bittrex","name":"Bittrex","rank":"21","percentTotalVolume":"0.867693934088551022000000000000000000","volumeUsd":"57868652.0222522330936187","tradingPairs":"260","socket":false,"exchangeUrl":"https://bittrex.com/","updated":1541536126215},{"exchangeId":"gate","name":"Gate","rank":"22","percentTotalVolume":"0.691938124375975707000000000000000000","volumeUsd":"46147062.8839925187493768","tradingPairs":"192","socket":false,"exchangeUrl":"https://gate.io/","updated":1541536182291},{"exchangeId":"poloniex","name":"Poloniex","rank":"23","percentTotalVolume":"0.590188131445270591000000000000000000","volumeUsd":"39361104.4914647965139464","tradingPairs":"90","socket":true,"exchangeUrl":"https://poloniex.com/","updated":1541536137945},{"exchangeId":"coinex","name":"CoinEx","rank":"24","percentTotalVolume":"0.581375345478161911000000000000000000","volumeUsd":"38773358.0241428822215050","tradingPairs":"86","socket":false,"exchangeUrl":"https://www.coinex.com/","updated":1541536162179},{"exchangeId":"coinone","name":"Coinone","rank":"25","percentTotalVolume":"0.523039334297641788000000000000000000","volumeUsd":"34882785.3247753417350424","tradingPairs":"16","socket":false,"exchangeUrl":"https://coinone.co.kr/","updated":1541536180200},{"exchangeId":"gemini","name":"Gemini","rank":"26","percentTotalVolume":"0.499102571906824918000000000000000000","volumeUsd":"33286383.5073665861487674","tradingPairs":"6","socket":true,"exchangeUrl":"https://gemini.com/","updated":1541536167495},{"exchangeId":"exmo","name":"Exmo","rank":"27","percentTotalVolume":"0.489593017500245347000000000000000000","volumeUsd":"32652167.8315141511874045","tradingPairs":"78","socket":false,"exchangeUrl":"https://www.exmo.com/","updated":1541536150373},{"exchangeId":"btcbox","name":"BTCBOX","rank":"28","percentTotalVolume":"0.423531765696054312000000000000000000","volumeUsd":"28246379.7504590905132587","tradingPairs":"1","socket":false,"exchangeUrl":"https://www.btcbox.co.jp","updated":1541536165741},{"exchangeId":"yobit","name":"YoBit","rank":"29","percentTotalVolume":"0.394627865374133107000000000000000000","volumeUsd":"26318707.2335685608014969","tradingPairs":"61","socket":false,"exchangeUrl":"https://yobit.net","updated":1541536182232},{"exchangeId":"bitbay","name":"BitBay","rank":"30","percentTotalVolume":"0.367189974012497283000000000000000000","volumeUsd":"24488806.4758794740812280","tradingPairs":"37","socket":false,"exchangeUrl":"https://bitbay.net","updated":1541536181688},{"exchangeId":"korbit","name":"Korbit","rank":"31","percentTotalVolume":"0.329078211820321911000000000000000000","volumeUsd":"21947038.9036876539254163","tradingPairs":"5","socket":false,"exchangeUrl":"https://www.korbit.co.kr/","updated":1541536177945},{"exchangeId":"livecoin","name":"Livecoin","rank":"32","percentTotalVolume":"0.311289867431393230000000000000000000","volumeUsd":"20760690.2719247810649440","tradingPairs":"392","socket":false,"exchangeUrl":"https://www.livecoin.net","updated":1541536182559},{"exchangeId":"bitflyer","name":"Bitflyer","rank":"33","percentTotalVolume":"0.281428778962374560000000000000000000","volumeUsd":"18769180.5128592303685877","tradingPairs":"4","socket":false,"exchangeUrl":"https://bitflyer.com/","updated":1541536182028},{"exchangeId":"itbit","name":"Itbit","rank":"34","percentTotalVolume":"0.262182029720652643000000000000000000","volumeUsd":"17485567.2586088123703567","tradingPairs":"2","socket":false,"exchangeUrl":"https://www.itbit.com/","updated":1541536179503},{"exchangeId":"kucoin","name":"Kucoin","rank":"35","percentTotalVolume":"0.229673004295499094000000000000000000","volumeUsd":"15317460.0424544430817125","tradingPairs":"371","socket":false,"exchangeUrl":"https://www.kucoin.io/","updated":1541536172018},{"exchangeId":"bigone","name":"BigONE","rank":"36","percentTotalVolume":"0.223391495517952164000000000000000000","volumeUsd":"14898530.7041913849141212","tradingPairs":"100","socket":false,"exchangeUrl":"https://big.one/","updated":1541536181343},{"exchangeId":"zaif","name":"Zaif","rank":"37","percentTotalVolume":"0.149814365838716653000000000000000000","volumeUsd":"9991490.1603660739900588","tradingPairs":"28","socket":false,"exchangeUrl":"https://zaif.jp/","updated":1541536180797},{"exchangeId":"cex","name":"Cex","rank":"38","percentTotalVolume":"0.131022052704604951000000000000000000","volumeUsd":"8738184.3727746986736908","tradingPairs":"15","socket":false,"exchangeUrl":"https://www.cex.io/","updated":1541536155954},{"exchangeId":"btcturk","name":"BTCTurk","rank":"39","percentTotalVolume":"0.124623070376339750000000000000000000","volumeUsd":"8311420.4332066598039615","tradingPairs":"5","socket":false,"exchangeUrl":"https://www.btcturk.com/","updated":1541536176375},{"exchangeId":"lakebtc","name":"Lakebtc","rank":"40","percentTotalVolume":"0.055553382330345676000000000000000000","volumeUsd":"3704992.3071213137010555","tradingPairs":"24","socket":false,"exchangeUrl":"https://www.lakebtc.com/","updated":1541536144365},{"exchangeId":"independentreserve","name":"Independent
        Reserve","rank":"41","percentTotalVolume":"0.052521729725335873000000000000000000","volumeUsd":"3502803.9054748838446424","tradingPairs":"15","socket":false,"exchangeUrl":"https://www.independentreserve.com/","updated":1541536180762},{"exchangeId":"luno","name":"Luno","rank":"42","percentTotalVolume":"0.046115297436241441000000000000000000","volumeUsd":"3075543.1096147019659734","tradingPairs":"5","socket":true,"exchangeUrl":"https://www.luno.com/","updated":1541536178434},{"exchangeId":"bxinth","name":"Bxinth","rank":"43","percentTotalVolume":"0.046011251945172154000000000000000000","volumeUsd":"3068604.0587804956725814","tradingPairs":"25","socket":false,"exchangeUrl":"https://bx.in.th/","updated":1541536167081},{"exchangeId":"tidex","name":"Tidex","rank":"44","percentTotalVolume":"0.044971543116508603000000000000000000","volumeUsd":"2999263.3084920946360016","tradingPairs":"237","socket":false,"exchangeUrl":"https://tidex.com/","updated":1541536182464},{"exchangeId":"btcmarket","name":"BTCMarket","rank":"45","percentTotalVolume":"0.044369564678586972000000000000000000","volumeUsd":"2959115.8793348559628440","tradingPairs":"11","socket":false,"exchangeUrl":"https://www.btcmarkets.net/","updated":1541536180055},{"exchangeId":"cryptopia","name":"Cryptopia","rank":"46","percentTotalVolume":"0.043374296669801992000000000000000000","volumeUsd":"2892738.9971111061933057","tradingPairs":"1428","socket":false,"exchangeUrl":"https://www.cryptopia.co.nz/","updated":1541536182563},{"exchangeId":"bitso","name":"Bitso","rank":"47","percentTotalVolume":"0.031788025073131298000000000000000000","volumeUsd":"2120021.9215130920753620","tradingPairs":"11","socket":true,"exchangeUrl":"https://www.bitso.com/","updated":1541536171615},{"exchangeId":"acx","name":"ACX","rank":"48","percentTotalVolume":"0.026188454010875202000000000000000000","volumeUsd":"1746572.6941470494134961","tradingPairs":"10","socket":false,"exchangeUrl":"https://acx.io/","updated":1541536138117},{"exchangeId":"btcc","name":"BTCC","rank":"49","percentTotalVolume":"0.025142166026811349000000000000000000","volumeUsd":"1676793.1637318052611473","tradingPairs":"6","socket":false,"exchangeUrl":"https://exchange.btcc.com/","updated":1541536182259},{"exchangeId":"idex","name":"IDEX","rank":"50","percentTotalVolume":"0.021120096665725870000000000000000000","volumeUsd":"1408551.4218893817457735","tradingPairs":"350","socket":false,"exchangeUrl":"https://idex.market","updated":1541536182565},{"exchangeId":"mercado","name":"Mercado","rank":"51","percentTotalVolume":"0.020851622012888907000000000000000000","volumeUsd":"1390646.1840498007781328","tradingPairs":"3","socket":false,"exchangeUrl":"https://www.mercadobitcoin.com.br/","updated":1541536151760},{"exchangeId":"coinfloor","name":"Coinfloor","rank":"52","percentTotalVolume":"0.016711448370095997000000000000000000","volumeUsd":"1114527.7758945666684420","tradingPairs":"2","socket":false,"exchangeUrl":"https://www.coinfloor.co.uk/","updated":1541536182086},{"exchangeId":"okcoin","name":"OkCoin","rank":"53","percentTotalVolume":"0.014989446965855205000000000000000000","volumeUsd":"999683.2482000000000000","tradingPairs":"5","socket":false,"exchangeUrl":"https://www.okcoin.com","updated":1541536178851},{"exchangeId":"lykke","name":"Lykke","rank":"54","percentTotalVolume":"0.014332170899179403000000000000000000","volumeUsd":"955847.8835734507556241","tradingPairs":"136","socket":false,"exchangeUrl":"https://www.lykke.com/","updated":1541536175934},{"exchangeId":"quadrigacx","name":"QuadrigaCX","rank":"55","percentTotalVolume":"0.013106446096458756000000000000000000","volumeUsd":"874101.2684398636379369","tradingPairs":"10","socket":false,"exchangeUrl":"https://www.quadrigacx.com","updated":1541536164118},{"exchangeId":"coinmate","name":"Coinmate","rank":"56","percentTotalVolume":"0.0095827420826055574745000000000000000000","volumeUsd":"639096.7427700157224701","tradingPairs":"4","socket":true,"exchangeUrl":"https://coinmate.io/","updated":1541536182408},{"exchangeId":"coinexchange","name":"CoinExchange","rank":"57","percentTotalVolume":"0.0076991826500634912814000000000000000000","volumeUsd":"513477.5110538193567776","tradingPairs":"551","socket":false,"exchangeUrl":"https://www.coinexchange.io","updated":1541536162331},{"exchangeId":"oasisdex","name":"OasisDEX","rank":"58","percentTotalVolume":"0.0064853844813753619811000000000000000000","volumeUsd":"432526.3126075109152233","tradingPairs":"1","socket":false,"exchangeUrl":"https://oasisdex.com/","updated":1541536156860},{"exchangeId":"tradesatoshi","name":"TradeSatoshi","rank":"59","percentTotalVolume":"0.0058738306747737545162000000000000000000","volumeUsd":"391740.2784579388636276","tradingPairs":"803","socket":false,"exchangeUrl":"https://tradesatoshi.com/","updated":1541536139487},{"exchangeId":"kuna","name":"Kuna","rank":"60","percentTotalVolume":"0.0047414101582950004986000000000000000000","volumeUsd":"316216.3566734626724310","tradingPairs":"23","socket":false,"exchangeUrl":"https://kuna.io/","updated":1541536181747},{"exchangeId":"therocktrading","name":"The
        Rock Trading","rank":"61","percentTotalVolume":"0.0046923251095307208419000000000000000000","volumeUsd":"312942.7535112841749121","tradingPairs":"16","socket":true,"exchangeUrl":"https://www.therocktrading.com","updated":1541536173062},{"exchangeId":"bitmarket","name":"Bitmarket","rank":"62","percentTotalVolume":"0.0042228362878414992849000000000000000000","volumeUsd":"281631.3841639699001895","tradingPairs":"6","socket":false,"exchangeUrl":"https://www.bitmarket.net/","updated":1541536182038},{"exchangeId":"braziliex","name":"Braziliex","rank":"63","percentTotalVolume":"0.0040784725432810054365000000000000000000","volumeUsd":"272003.4094019059762174","tradingPairs":"48","socket":false,"exchangeUrl":"https://braziliex.com","updated":1541536152166},{"exchangeId":"coinnest","name":"Coinnest","rank":"64","percentTotalVolume":"0.0029865334881080562986000000000000000000","volumeUsd":"199179.2962776327964911","tradingPairs":"26","socket":false,"exchangeUrl":"https://www.coinnest.co.kr/","updated":1541536163630},{"exchangeId":"wex","name":"Wex","rank":"65","percentTotalVolume":"0.0028867338840901394696000000000000000000","volumeUsd":"192523.4141399549622417","tradingPairs":"26","socket":false,"exchangeUrl":"https://wex.nz/","updated":1541536181483},{"exchangeId":"bleutrade","name":"Bleutrade","rank":"66","percentTotalVolume":"0.0021638079039845806939000000000000000000","volumeUsd":"144309.6946047151926213","tradingPairs":"86","socket":false,"exchangeUrl":"https://bleutrade.com/","updated":1541536124285},{"exchangeId":"btctradeua","name":"BTC
        Trade UA","rank":"67","percentTotalVolume":"0.0015524242360180551980000000000000000000","volumeUsd":"103535.0074210285734220","tradingPairs":"16","socket":false,"exchangeUrl":"https://btc-trade.com.ua/","updated":1541536172391},{"exchangeId":"xbtce","name":"xBTCe","rank":"68","percentTotalVolume":"0.0004281578532167613152000000000000000000","volumeUsd":"28554.9049555378630176","tradingPairs":"27","socket":false,"exchangeUrl":"https://www.xbtce.com/","updated":1541536138878},{"exchangeId":"gatecoin","name":"Gatecoin","rank":"69","percentTotalVolume":"0.0001371293228108224507000000000000000000","volumeUsd":"9145.4933036062196440","tradingPairs":"33","socket":false,"exchangeUrl":"https://gatecoin.com/","updated":1541536158553},{"exchangeId":"sistemkoin","name":"Sistemkoin","rank":"70","percentTotalVolume":null,"volumeUsd":null,"tradingPairs":"0","socket":null,"exchangeUrl":"https://www.sistemkoin.com","updated":1541527611871},{"exchangeId":"ccex","name":"C-CEX","rank":"71","percentTotalVolume":null,"volumeUsd":null,"tradingPairs":"0","socket":null,"exchangeUrl":"https://www.c-cex.com","updated":1536202681096}],"timestamp":1541536230511}'
    http_version: 
  recorded_at: Tue, 06 Nov 2018 20:30:30 GMT
- request:
    method: get
    uri: https://api.coincap.io/v2/exchanges
    body:
      encoding: US-ASCII
      string: ''
    headers:
      User-Agent:
      - Faraday v0.15.3
      Accept-Encoding:
      - gzip;q=1.0,deflate;q=0.6,identity;q=0.3
      Accept:
      - "*/*"
  response:
    status:
      code: 200
      message: OK
    headers:
      Date:
      - Tue, 06 Nov 2018 20:30:33 GMT
      Content-Type:
      - application/json; charset=utf-8
      Transfer-Encoding:
      - chunked
      Connection:
      - keep-alive
      Set-Cookie:
      - __cfduid=d15989243776c8fb7088cde003c68c35a1541536232; expires=Wed, 06-Nov-19
        20:30:32 GMT; path=/; domain=.coincap.io; HttpOnly
      X-Powered-By:
      - Express
      X-Ratelimit-Limit:
      - '180'
      X-Ratelimit-Remaining:
      - '173'
      Access-Control-Allow-Origin:
      - "*"
      Access-Control-Allow-Headers:
      - Origin, X-Requested-With, Content-Type, Accept, Accept-Encoding
      Etag:
      - W/"4614-ag52htPfKE7kIjJJkgafyaYuCow"
      Vary:
      - Accept-Encoding
      Expect-Ct:
      - max-age=604800, report-uri="https://report-uri.cloudflare.com/cdn-cgi/beacon/expect-ct"
      Server:
      - cloudflare
      Cf-Ray:
      - 475a518cf86f4fff-DEN
    body:
      encoding: ASCII-8BIT
      string: '{"data":[{"exchangeId":"bithumb","name":"Bithumb","rank":"1","percentTotalVolume":"16.888035586805297950000000000000000000","volumeUsd":"1126304813.6193523749836383","tradingPairs":"28","socket":false,"exchangeUrl":"https://www.bithumb.com/","updated":1541536134764},{"exchangeId":"binance","name":"Binance","rank":"2","percentTotalVolume":"13.692672564482992634000000000000000000","volumeUsd":"913198159.8108553468598537","tradingPairs":"380","socket":true,"exchangeUrl":"https://www.binance.com/","updated":1541536182565},{"exchangeId":"okex","name":"Okex","rank":"3","percentTotalVolume":"11.686495528344037520000000000000000000","volumeUsd":"779401257.1952947272113791","tradingPairs":"498","socket":false,"exchangeUrl":"https://www.okex.com/","updated":1541536181926},{"exchangeId":"huobi","name":"Huobi","rank":"4","percentTotalVolume":"8.765130787018885561000000000000000000","volumeUsd":"584568225.6339959908853669","tradingPairs":"289","socket":true,"exchangeUrl":"https://www.hbg.com/","updated":1541536159564},{"exchangeId":"lbank","name":"LBank","rank":"5","percentTotalVolume":"5.974243458832189422000000000000000000","volumeUsd":"398437055.0873236202730517","tradingPairs":"100","socket":false,"exchangeUrl":"https://www.lbank.info","updated":1541536180272},{"exchangeId":"bitfinex","name":"Bitfinex","rank":"6","percentTotalVolume":"4.449023376179395266000000000000000000","volumeUsd":"296716359.8595777235043037","tradingPairs":"251","socket":true,"exchangeUrl":"https://bitfinex.com","updated":1541536175957},{"exchangeId":"bitbank","name":"Bitbank","rank":"7","percentTotalVolume":"4.140297128541942124000000000000000000","volumeUsd":"276126643.7248972129526213","tradingPairs":"8","socket":false,"exchangeUrl":"https://www.bibank.com","updated":1541536181905},{"exchangeId":"bibox","name":"Bibox","rank":"8","percentTotalVolume":"4.046211825203056771000000000000000000","volumeUsd":"269851862.4161571147687950","tradingPairs":"180","socket":false,"exchangeUrl":"https://www.bibox.com","updated":1541536181369},{"exchangeId":"zb","name":"ZB","rank":"9","percentTotalVolume":"3.726409136648150894000000000000000000","volumeUsd":"248523431.0733653364508968","tradingPairs":"85","socket":true,"exchangeUrl":"https://www.zb.com/","updated":1541536182028},{"exchangeId":"hitbtc","name":"HitBTC","rank":"10","percentTotalVolume":"3.574909467764174839000000000000000000","volumeUsd":"238419543.8895250779666209","tradingPairs":"799","socket":true,"exchangeUrl":"https://hitbtc.com/","updated":1541536150790},{"exchangeId":"ooobtc","name":"OOOBTC","rank":"11","percentTotalVolume":"2.000785623322046638000000000000000000","volumeUsd":"133437335.9758125685038728","tradingPairs":"26","socket":false,"exchangeUrl":"https://www.ooobtc.com/","updated":1541536146202},{"exchangeId":"bit-z","name":"Bit-Z","rank":"12","percentTotalVolume":"1.800393886488843399000000000000000000","volumeUsd":"120072715.9970909779738624","tradingPairs":"146","socket":false,"exchangeUrl":"https://www.bit-z.com/","updated":1541536126128},{"exchangeId":"gdax","name":"Coinbase
        Pro","rank":"13","percentTotalVolume":"1.665455215603705977000000000000000000","volumeUsd":"111073322.6822123577069020","tradingPairs":"22","socket":true,"exchangeUrl":"https://pro.coinbase.com/","updated":1541536181674},{"exchangeId":"kraken","name":"Kraken","rank":"14","percentTotalVolume":"1.586997883893228518000000000000000000","volumeUsd":"105840809.4088342229020801","tradingPairs":"66","socket":false,"exchangeUrl":"https://kraken.com","updated":1541536182117},{"exchangeId":"qryptos","name":"Liquid","rank":"15","percentTotalVolume":"1.567263704144274910000000000000000000","volumeUsd":"104524688.2099043829913704","tradingPairs":"141","socket":false,"exchangeUrl":"https://www.qryptos.com/","updated":1541536160600},{"exchangeId":"quoine","name":"Quoine","rank":"16","percentTotalVolume":"1.538539249137051353000000000000000000","volumeUsd":"102608983.3443541495591821","tradingPairs":"31","socket":false,"exchangeUrl":"https://quoine.com/","updated":1541536168624},{"exchangeId":"bitstamp","name":"Bitstamp","rank":"17","percentTotalVolume":"1.346245766162571442000000000000000000","volumeUsd":"89784455.9214605405738360","tradingPairs":"15","socket":true,"exchangeUrl":"https://www.bitstamp.net/","updated":1541536172519},{"exchangeId":"coinbene","name":"Coinbene","rank":"18","percentTotalVolume":"1.318103648661578879000000000000000000","volumeUsd":"87907588.5828119857984418","tradingPairs":"116","socket":false,"exchangeUrl":"https://www.coinbene.com","updated":1541536181682},{"exchangeId":"coinegg","name":"CoinEgg","rank":"19","percentTotalVolume":"1.217091739126435663000000000000000000","volumeUsd":"81170854.7953012845201227","tradingPairs":"115","socket":false,"exchangeUrl":"https://www.coinegg.com","updated":1541536181412},{"exchangeId":"allcoin","name":"Allcoin","rank":"20","percentTotalVolume":"0.970233570097919792000000000000000000","volumeUsd":"64707273.6624364769605382","tradingPairs":"46","socket":false,"exchangeUrl":"https://allcoin.com/","updated":1541536179668},{"exchangeId":"bittrex","name":"Bittrex","rank":"21","percentTotalVolume":"0.867693934088551022000000000000000000","volumeUsd":"57868652.0222522330936187","tradingPairs":"260","socket":false,"exchangeUrl":"https://bittrex.com/","updated":1541536126215},{"exchangeId":"gate","name":"Gate","rank":"22","percentTotalVolume":"0.691938124375975707000000000000000000","volumeUsd":"46147062.8839925187493768","tradingPairs":"192","socket":false,"exchangeUrl":"https://gate.io/","updated":1541536182291},{"exchangeId":"poloniex","name":"Poloniex","rank":"23","percentTotalVolume":"0.590188131445270591000000000000000000","volumeUsd":"39361104.4914647965139464","tradingPairs":"90","socket":true,"exchangeUrl":"https://poloniex.com/","updated":1541536137945},{"exchangeId":"coinex","name":"CoinEx","rank":"24","percentTotalVolume":"0.581375345478161911000000000000000000","volumeUsd":"38773358.0241428822215050","tradingPairs":"86","socket":false,"exchangeUrl":"https://www.coinex.com/","updated":1541536162179},{"exchangeId":"coinone","name":"Coinone","rank":"25","percentTotalVolume":"0.523039334297641788000000000000000000","volumeUsd":"34882785.3247753417350424","tradingPairs":"16","socket":false,"exchangeUrl":"https://coinone.co.kr/","updated":1541536180200},{"exchangeId":"gemini","name":"Gemini","rank":"26","percentTotalVolume":"0.499102571906824918000000000000000000","volumeUsd":"33286383.5073665861487674","tradingPairs":"6","socket":true,"exchangeUrl":"https://gemini.com/","updated":1541536167495},{"exchangeId":"exmo","name":"Exmo","rank":"27","percentTotalVolume":"0.489593017500245347000000000000000000","volumeUsd":"32652167.8315141511874045","tradingPairs":"78","socket":false,"exchangeUrl":"https://www.exmo.com/","updated":1541536150373},{"exchangeId":"btcbox","name":"BTCBOX","rank":"28","percentTotalVolume":"0.423531765696054312000000000000000000","volumeUsd":"28246379.7504590905132587","tradingPairs":"1","socket":false,"exchangeUrl":"https://www.btcbox.co.jp","updated":1541536165741},{"exchangeId":"yobit","name":"YoBit","rank":"29","percentTotalVolume":"0.394627865374133107000000000000000000","volumeUsd":"26318707.2335685608014969","tradingPairs":"61","socket":false,"exchangeUrl":"https://yobit.net","updated":1541536182232},{"exchangeId":"bitbay","name":"BitBay","rank":"30","percentTotalVolume":"0.367189974012497283000000000000000000","volumeUsd":"24488806.4758794740812280","tradingPairs":"37","socket":false,"exchangeUrl":"https://bitbay.net","updated":1541536181688},{"exchangeId":"korbit","name":"Korbit","rank":"31","percentTotalVolume":"0.329078211820321911000000000000000000","volumeUsd":"21947038.9036876539254163","tradingPairs":"5","socket":false,"exchangeUrl":"https://www.korbit.co.kr/","updated":1541536177945},{"exchangeId":"livecoin","name":"Livecoin","rank":"32","percentTotalVolume":"0.311289867431393230000000000000000000","volumeUsd":"20760690.2719247810649440","tradingPairs":"392","socket":false,"exchangeUrl":"https://www.livecoin.net","updated":1541536182559},{"exchangeId":"bitflyer","name":"Bitflyer","rank":"33","percentTotalVolume":"0.281428778962374560000000000000000000","volumeUsd":"18769180.5128592303685877","tradingPairs":"4","socket":false,"exchangeUrl":"https://bitflyer.com/","updated":1541536182028},{"exchangeId":"itbit","name":"Itbit","rank":"34","percentTotalVolume":"0.262182029720652643000000000000000000","volumeUsd":"17485567.2586088123703567","tradingPairs":"2","socket":false,"exchangeUrl":"https://www.itbit.com/","updated":1541536179503},{"exchangeId":"kucoin","name":"Kucoin","rank":"35","percentTotalVolume":"0.229673004295499094000000000000000000","volumeUsd":"15317460.0424544430817125","tradingPairs":"371","socket":false,"exchangeUrl":"https://www.kucoin.io/","updated":1541536172018},{"exchangeId":"bigone","name":"BigONE","rank":"36","percentTotalVolume":"0.223391495517952164000000000000000000","volumeUsd":"14898530.7041913849141212","tradingPairs":"100","socket":false,"exchangeUrl":"https://big.one/","updated":1541536181343},{"exchangeId":"zaif","name":"Zaif","rank":"37","percentTotalVolume":"0.149814365838716653000000000000000000","volumeUsd":"9991490.1603660739900588","tradingPairs":"28","socket":false,"exchangeUrl":"https://zaif.jp/","updated":1541536180797},{"exchangeId":"cex","name":"Cex","rank":"38","percentTotalVolume":"0.131022052704604951000000000000000000","volumeUsd":"8738184.3727746986736908","tradingPairs":"15","socket":false,"exchangeUrl":"https://www.cex.io/","updated":1541536155954},{"exchangeId":"btcturk","name":"BTCTurk","rank":"39","percentTotalVolume":"0.124623070376339750000000000000000000","volumeUsd":"8311420.4332066598039615","tradingPairs":"5","socket":false,"exchangeUrl":"https://www.btcturk.com/","updated":1541536176375},{"exchangeId":"lakebtc","name":"Lakebtc","rank":"40","percentTotalVolume":"0.055553382330345676000000000000000000","volumeUsd":"3704992.3071213137010555","tradingPairs":"24","socket":false,"exchangeUrl":"https://www.lakebtc.com/","updated":1541536144365},{"exchangeId":"independentreserve","name":"Independent
        Reserve","rank":"41","percentTotalVolume":"0.052521729725335873000000000000000000","volumeUsd":"3502803.9054748838446424","tradingPairs":"15","socket":false,"exchangeUrl":"https://www.independentreserve.com/","updated":1541536180762},{"exchangeId":"luno","name":"Luno","rank":"42","percentTotalVolume":"0.046115297436241441000000000000000000","volumeUsd":"3075543.1096147019659734","tradingPairs":"5","socket":true,"exchangeUrl":"https://www.luno.com/","updated":1541536178434},{"exchangeId":"bxinth","name":"Bxinth","rank":"43","percentTotalVolume":"0.046011251945172154000000000000000000","volumeUsd":"3068604.0587804956725814","tradingPairs":"25","socket":false,"exchangeUrl":"https://bx.in.th/","updated":1541536167081},{"exchangeId":"tidex","name":"Tidex","rank":"44","percentTotalVolume":"0.044971543116508603000000000000000000","volumeUsd":"2999263.3084920946360016","tradingPairs":"237","socket":false,"exchangeUrl":"https://tidex.com/","updated":1541536182464},{"exchangeId":"btcmarket","name":"BTCMarket","rank":"45","percentTotalVolume":"0.044369564678586972000000000000000000","volumeUsd":"2959115.8793348559628440","tradingPairs":"11","socket":false,"exchangeUrl":"https://www.btcmarkets.net/","updated":1541536180055},{"exchangeId":"cryptopia","name":"Cryptopia","rank":"46","percentTotalVolume":"0.043374296669801992000000000000000000","volumeUsd":"2892738.9971111061933057","tradingPairs":"1428","socket":false,"exchangeUrl":"https://www.cryptopia.co.nz/","updated":1541536182563},{"exchangeId":"bitso","name":"Bitso","rank":"47","percentTotalVolume":"0.031788025073131298000000000000000000","volumeUsd":"2120021.9215130920753620","tradingPairs":"11","socket":true,"exchangeUrl":"https://www.bitso.com/","updated":1541536171615},{"exchangeId":"acx","name":"ACX","rank":"48","percentTotalVolume":"0.026188454010875202000000000000000000","volumeUsd":"1746572.6941470494134961","tradingPairs":"10","socket":false,"exchangeUrl":"https://acx.io/","updated":1541536138117},{"exchangeId":"btcc","name":"BTCC","rank":"49","percentTotalVolume":"0.025142166026811349000000000000000000","volumeUsd":"1676793.1637318052611473","tradingPairs":"6","socket":false,"exchangeUrl":"https://exchange.btcc.com/","updated":1541536182259},{"exchangeId":"idex","name":"IDEX","rank":"50","percentTotalVolume":"0.021120096665725870000000000000000000","volumeUsd":"1408551.4218893817457735","tradingPairs":"350","socket":false,"exchangeUrl":"https://idex.market","updated":1541536182565},{"exchangeId":"mercado","name":"Mercado","rank":"51","percentTotalVolume":"0.020851622012888907000000000000000000","volumeUsd":"1390646.1840498007781328","tradingPairs":"3","socket":false,"exchangeUrl":"https://www.mercadobitcoin.com.br/","updated":1541536151760},{"exchangeId":"coinfloor","name":"Coinfloor","rank":"52","percentTotalVolume":"0.016711448370095997000000000000000000","volumeUsd":"1114527.7758945666684420","tradingPairs":"2","socket":false,"exchangeUrl":"https://www.coinfloor.co.uk/","updated":1541536182086},{"exchangeId":"okcoin","name":"OkCoin","rank":"53","percentTotalVolume":"0.014989446965855205000000000000000000","volumeUsd":"999683.2482000000000000","tradingPairs":"5","socket":false,"exchangeUrl":"https://www.okcoin.com","updated":1541536178851},{"exchangeId":"lykke","name":"Lykke","rank":"54","percentTotalVolume":"0.014332170899179403000000000000000000","volumeUsd":"955847.8835734507556241","tradingPairs":"136","socket":false,"exchangeUrl":"https://www.lykke.com/","updated":1541536175934},{"exchangeId":"quadrigacx","name":"QuadrigaCX","rank":"55","percentTotalVolume":"0.013106446096458756000000000000000000","volumeUsd":"874101.2684398636379369","tradingPairs":"10","socket":false,"exchangeUrl":"https://www.quadrigacx.com","updated":1541536164118},{"exchangeId":"coinmate","name":"Coinmate","rank":"56","percentTotalVolume":"0.0095827420826055574745000000000000000000","volumeUsd":"639096.7427700157224701","tradingPairs":"4","socket":true,"exchangeUrl":"https://coinmate.io/","updated":1541536182408},{"exchangeId":"coinexchange","name":"CoinExchange","rank":"57","percentTotalVolume":"0.0076991826500634912814000000000000000000","volumeUsd":"513477.5110538193567776","tradingPairs":"551","socket":false,"exchangeUrl":"https://www.coinexchange.io","updated":1541536162331},{"exchangeId":"oasisdex","name":"OasisDEX","rank":"58","percentTotalVolume":"0.0064853844813753619811000000000000000000","volumeUsd":"432526.3126075109152233","tradingPairs":"1","socket":false,"exchangeUrl":"https://oasisdex.com/","updated":1541536156860},{"exchangeId":"tradesatoshi","name":"TradeSatoshi","rank":"59","percentTotalVolume":"0.0058738306747737545162000000000000000000","volumeUsd":"391740.2784579388636276","tradingPairs":"803","socket":false,"exchangeUrl":"https://tradesatoshi.com/","updated":1541536139487},{"exchangeId":"kuna","name":"Kuna","rank":"60","percentTotalVolume":"0.0047414101582950004986000000000000000000","volumeUsd":"316216.3566734626724310","tradingPairs":"23","socket":false,"exchangeUrl":"https://kuna.io/","updated":1541536181747},{"exchangeId":"therocktrading","name":"The
        Rock Trading","rank":"61","percentTotalVolume":"0.0046923251095307208419000000000000000000","volumeUsd":"312942.7535112841749121","tradingPairs":"16","socket":true,"exchangeUrl":"https://www.therocktrading.com","updated":1541536173062},{"exchangeId":"bitmarket","name":"Bitmarket","rank":"62","percentTotalVolume":"0.0042228362878414992849000000000000000000","volumeUsd":"281631.3841639699001895","tradingPairs":"6","socket":false,"exchangeUrl":"https://www.bitmarket.net/","updated":1541536182038},{"exchangeId":"braziliex","name":"Braziliex","rank":"63","percentTotalVolume":"0.0040784725432810054365000000000000000000","volumeUsd":"272003.4094019059762174","tradingPairs":"48","socket":false,"exchangeUrl":"https://braziliex.com","updated":1541536152166},{"exchangeId":"coinnest","name":"Coinnest","rank":"64","percentTotalVolume":"0.0029865334881080562986000000000000000000","volumeUsd":"199179.2962776327964911","tradingPairs":"26","socket":false,"exchangeUrl":"https://www.coinnest.co.kr/","updated":1541536163630},{"exchangeId":"wex","name":"Wex","rank":"65","percentTotalVolume":"0.0028867338840901394696000000000000000000","volumeUsd":"192523.4141399549622417","tradingPairs":"26","socket":false,"exchangeUrl":"https://wex.nz/","updated":1541536181483},{"exchangeId":"bleutrade","name":"Bleutrade","rank":"66","percentTotalVolume":"0.0021638079039845806939000000000000000000","volumeUsd":"144309.6946047151926213","tradingPairs":"86","socket":false,"exchangeUrl":"https://bleutrade.com/","updated":1541536124285},{"exchangeId":"btctradeua","name":"BTC
        Trade UA","rank":"67","percentTotalVolume":"0.0015524242360180551980000000000000000000","volumeUsd":"103535.0074210285734220","tradingPairs":"16","socket":false,"exchangeUrl":"https://btc-trade.com.ua/","updated":1541536172391},{"exchangeId":"xbtce","name":"xBTCe","rank":"68","percentTotalVolume":"0.0004281578532167613152000000000000000000","volumeUsd":"28554.9049555378630176","tradingPairs":"27","socket":false,"exchangeUrl":"https://www.xbtce.com/","updated":1541536138878},{"exchangeId":"gatecoin","name":"Gatecoin","rank":"69","percentTotalVolume":"0.0001371293228108224507000000000000000000","volumeUsd":"9145.4933036062196440","tradingPairs":"33","socket":false,"exchangeUrl":"https://gatecoin.com/","updated":1541536158553},{"exchangeId":"sistemkoin","name":"Sistemkoin","rank":"70","percentTotalVolume":null,"volumeUsd":null,"tradingPairs":"0","socket":null,"exchangeUrl":"https://www.sistemkoin.com","updated":1541527611871},{"exchangeId":"ccex","name":"C-CEX","rank":"71","percentTotalVolume":null,"volumeUsd":null,"tradingPairs":"0","socket":null,"exchangeUrl":"https://www.c-cex.com","updated":1536202681096}],"timestamp":1541536232903}'
    http_version: 
  recorded_at: Tue, 06 Nov 2018 20:30:33 GMT
- request:
    method: get
    uri: https://api.coincap.io/v2/exchanges
    body:
      encoding: US-ASCII
      string: ''
    headers:
      User-Agent:
      - Faraday v0.15.3
      Accept-Encoding:
      - gzip;q=1.0,deflate;q=0.6,identity;q=0.3
      Accept:
      - "*/*"
  response:
    status:
      code: 200
      message: OK
    headers:
      Date:
      - Tue, 06 Nov 2018 20:30:35 GMT
      Content-Type:
      - application/json; charset=utf-8
      Transfer-Encoding:
      - chunked
      Connection:
      - keep-alive
      Set-Cookie:
      - __cfduid=dea08cf2321efea83a725588ecb3d85351541536235; expires=Wed, 06-Nov-19
        20:30:35 GMT; path=/; domain=.coincap.io; HttpOnly
      X-Powered-By:
      - Express
      X-Ratelimit-Limit:
      - '180'
      X-Ratelimit-Remaining:
      - '169'
      Access-Control-Allow-Origin:
      - "*"
      Access-Control-Allow-Headers:
      - Origin, X-Requested-With, Content-Type, Accept, Accept-Encoding
      Etag:
      - W/"4614-GNBXEM0nTetw4seUcgBhIZF8Wbw"
      Vary:
      - Accept-Encoding
      Expect-Ct:
      - max-age=604800, report-uri="https://report-uri.cloudflare.com/cdn-cgi/beacon/expect-ct"
      Server:
      - cloudflare
      Cf-Ray:
      - 475a519f8a734fc3-DEN
    body:
      encoding: ASCII-8BIT
      string: '{"data":[{"exchangeId":"bithumb","name":"Bithumb","rank":"1","percentTotalVolume":"16.888035586805297950000000000000000000","volumeUsd":"1126304813.6193523749836383","tradingPairs":"28","socket":false,"exchangeUrl":"https://www.bithumb.com/","updated":1541536134764},{"exchangeId":"binance","name":"Binance","rank":"2","percentTotalVolume":"13.692672564482992634000000000000000000","volumeUsd":"913198159.8108553468598537","tradingPairs":"380","socket":true,"exchangeUrl":"https://www.binance.com/","updated":1541536182565},{"exchangeId":"okex","name":"Okex","rank":"3","percentTotalVolume":"11.686495528344037520000000000000000000","volumeUsd":"779401257.1952947272113791","tradingPairs":"498","socket":false,"exchangeUrl":"https://www.okex.com/","updated":1541536181926},{"exchangeId":"huobi","name":"Huobi","rank":"4","percentTotalVolume":"8.765130787018885561000000000000000000","volumeUsd":"584568225.6339959908853669","tradingPairs":"289","socket":true,"exchangeUrl":"https://www.hbg.com/","updated":1541536159564},{"exchangeId":"lbank","name":"LBank","rank":"5","percentTotalVolume":"5.974243458832189422000000000000000000","volumeUsd":"398437055.0873236202730517","tradingPairs":"100","socket":false,"exchangeUrl":"https://www.lbank.info","updated":1541536180272},{"exchangeId":"bitfinex","name":"Bitfinex","rank":"6","percentTotalVolume":"4.449023376179395266000000000000000000","volumeUsd":"296716359.8595777235043037","tradingPairs":"251","socket":true,"exchangeUrl":"https://bitfinex.com","updated":1541536175957},{"exchangeId":"bitbank","name":"Bitbank","rank":"7","percentTotalVolume":"4.140297128541942124000000000000000000","volumeUsd":"276126643.7248972129526213","tradingPairs":"8","socket":false,"exchangeUrl":"https://www.bibank.com","updated":1541536181905},{"exchangeId":"bibox","name":"Bibox","rank":"8","percentTotalVolume":"4.046211825203056771000000000000000000","volumeUsd":"269851862.4161571147687950","tradingPairs":"180","socket":false,"exchangeUrl":"https://www.bibox.com","updated":1541536181369},{"exchangeId":"zb","name":"ZB","rank":"9","percentTotalVolume":"3.726409136648150894000000000000000000","volumeUsd":"248523431.0733653364508968","tradingPairs":"85","socket":true,"exchangeUrl":"https://www.zb.com/","updated":1541536182028},{"exchangeId":"hitbtc","name":"HitBTC","rank":"10","percentTotalVolume":"3.574909467764174839000000000000000000","volumeUsd":"238419543.8895250779666209","tradingPairs":"799","socket":true,"exchangeUrl":"https://hitbtc.com/","updated":1541536150790},{"exchangeId":"ooobtc","name":"OOOBTC","rank":"11","percentTotalVolume":"2.000785623322046638000000000000000000","volumeUsd":"133437335.9758125685038728","tradingPairs":"26","socket":false,"exchangeUrl":"https://www.ooobtc.com/","updated":1541536146202},{"exchangeId":"bit-z","name":"Bit-Z","rank":"12","percentTotalVolume":"1.800393886488843399000000000000000000","volumeUsd":"120072715.9970909779738624","tradingPairs":"146","socket":false,"exchangeUrl":"https://www.bit-z.com/","updated":1541536126128},{"exchangeId":"gdax","name":"Coinbase
        Pro","rank":"13","percentTotalVolume":"1.665455215603705977000000000000000000","volumeUsd":"111073322.6822123577069020","tradingPairs":"22","socket":true,"exchangeUrl":"https://pro.coinbase.com/","updated":1541536181674},{"exchangeId":"kraken","name":"Kraken","rank":"14","percentTotalVolume":"1.586997883893228518000000000000000000","volumeUsd":"105840809.4088342229020801","tradingPairs":"66","socket":false,"exchangeUrl":"https://kraken.com","updated":1541536182117},{"exchangeId":"qryptos","name":"Liquid","rank":"15","percentTotalVolume":"1.567263704144274910000000000000000000","volumeUsd":"104524688.2099043829913704","tradingPairs":"141","socket":false,"exchangeUrl":"https://www.qryptos.com/","updated":1541536160600},{"exchangeId":"quoine","name":"Quoine","rank":"16","percentTotalVolume":"1.538539249137051353000000000000000000","volumeUsd":"102608983.3443541495591821","tradingPairs":"31","socket":false,"exchangeUrl":"https://quoine.com/","updated":1541536168624},{"exchangeId":"bitstamp","name":"Bitstamp","rank":"17","percentTotalVolume":"1.346245766162571442000000000000000000","volumeUsd":"89784455.9214605405738360","tradingPairs":"15","socket":true,"exchangeUrl":"https://www.bitstamp.net/","updated":1541536172519},{"exchangeId":"coinbene","name":"Coinbene","rank":"18","percentTotalVolume":"1.318103648661578879000000000000000000","volumeUsd":"87907588.5828119857984418","tradingPairs":"116","socket":false,"exchangeUrl":"https://www.coinbene.com","updated":1541536181682},{"exchangeId":"coinegg","name":"CoinEgg","rank":"19","percentTotalVolume":"1.217091739126435663000000000000000000","volumeUsd":"81170854.7953012845201227","tradingPairs":"115","socket":false,"exchangeUrl":"https://www.coinegg.com","updated":1541536181412},{"exchangeId":"allcoin","name":"Allcoin","rank":"20","percentTotalVolume":"0.970233570097919792000000000000000000","volumeUsd":"64707273.6624364769605382","tradingPairs":"46","socket":false,"exchangeUrl":"https://allcoin.com/","updated":1541536179668},{"exchangeId":"bittrex","name":"Bittrex","rank":"21","percentTotalVolume":"0.867693934088551022000000000000000000","volumeUsd":"57868652.0222522330936187","tradingPairs":"260","socket":false,"exchangeUrl":"https://bittrex.com/","updated":1541536126215},{"exchangeId":"gate","name":"Gate","rank":"22","percentTotalVolume":"0.691938124375975707000000000000000000","volumeUsd":"46147062.8839925187493768","tradingPairs":"192","socket":false,"exchangeUrl":"https://gate.io/","updated":1541536182291},{"exchangeId":"poloniex","name":"Poloniex","rank":"23","percentTotalVolume":"0.590188131445270591000000000000000000","volumeUsd":"39361104.4914647965139464","tradingPairs":"90","socket":true,"exchangeUrl":"https://poloniex.com/","updated":1541536137945},{"exchangeId":"coinex","name":"CoinEx","rank":"24","percentTotalVolume":"0.581375345478161911000000000000000000","volumeUsd":"38773358.0241428822215050","tradingPairs":"86","socket":false,"exchangeUrl":"https://www.coinex.com/","updated":1541536162179},{"exchangeId":"coinone","name":"Coinone","rank":"25","percentTotalVolume":"0.523039334297641788000000000000000000","volumeUsd":"34882785.3247753417350424","tradingPairs":"16","socket":false,"exchangeUrl":"https://coinone.co.kr/","updated":1541536180200},{"exchangeId":"gemini","name":"Gemini","rank":"26","percentTotalVolume":"0.499102571906824918000000000000000000","volumeUsd":"33286383.5073665861487674","tradingPairs":"6","socket":true,"exchangeUrl":"https://gemini.com/","updated":1541536167495},{"exchangeId":"exmo","name":"Exmo","rank":"27","percentTotalVolume":"0.489593017500245347000000000000000000","volumeUsd":"32652167.8315141511874045","tradingPairs":"78","socket":false,"exchangeUrl":"https://www.exmo.com/","updated":1541536150373},{"exchangeId":"btcbox","name":"BTCBOX","rank":"28","percentTotalVolume":"0.423531765696054312000000000000000000","volumeUsd":"28246379.7504590905132587","tradingPairs":"1","socket":false,"exchangeUrl":"https://www.btcbox.co.jp","updated":1541536165741},{"exchangeId":"yobit","name":"YoBit","rank":"29","percentTotalVolume":"0.394627865374133107000000000000000000","volumeUsd":"26318707.2335685608014969","tradingPairs":"61","socket":false,"exchangeUrl":"https://yobit.net","updated":1541536182232},{"exchangeId":"bitbay","name":"BitBay","rank":"30","percentTotalVolume":"0.367189974012497283000000000000000000","volumeUsd":"24488806.4758794740812280","tradingPairs":"37","socket":false,"exchangeUrl":"https://bitbay.net","updated":1541536181688},{"exchangeId":"korbit","name":"Korbit","rank":"31","percentTotalVolume":"0.329078211820321911000000000000000000","volumeUsd":"21947038.9036876539254163","tradingPairs":"5","socket":false,"exchangeUrl":"https://www.korbit.co.kr/","updated":1541536177945},{"exchangeId":"livecoin","name":"Livecoin","rank":"32","percentTotalVolume":"0.311289867431393230000000000000000000","volumeUsd":"20760690.2719247810649440","tradingPairs":"392","socket":false,"exchangeUrl":"https://www.livecoin.net","updated":1541536182559},{"exchangeId":"bitflyer","name":"Bitflyer","rank":"33","percentTotalVolume":"0.281428778962374560000000000000000000","volumeUsd":"18769180.5128592303685877","tradingPairs":"4","socket":false,"exchangeUrl":"https://bitflyer.com/","updated":1541536182028},{"exchangeId":"itbit","name":"Itbit","rank":"34","percentTotalVolume":"0.262182029720652643000000000000000000","volumeUsd":"17485567.2586088123703567","tradingPairs":"2","socket":false,"exchangeUrl":"https://www.itbit.com/","updated":1541536179503},{"exchangeId":"kucoin","name":"Kucoin","rank":"35","percentTotalVolume":"0.229673004295499094000000000000000000","volumeUsd":"15317460.0424544430817125","tradingPairs":"371","socket":false,"exchangeUrl":"https://www.kucoin.io/","updated":1541536172018},{"exchangeId":"bigone","name":"BigONE","rank":"36","percentTotalVolume":"0.223391495517952164000000000000000000","volumeUsd":"14898530.7041913849141212","tradingPairs":"100","socket":false,"exchangeUrl":"https://big.one/","updated":1541536181343},{"exchangeId":"zaif","name":"Zaif","rank":"37","percentTotalVolume":"0.149814365838716653000000000000000000","volumeUsd":"9991490.1603660739900588","tradingPairs":"28","socket":false,"exchangeUrl":"https://zaif.jp/","updated":1541536180797},{"exchangeId":"cex","name":"Cex","rank":"38","percentTotalVolume":"0.131022052704604951000000000000000000","volumeUsd":"8738184.3727746986736908","tradingPairs":"15","socket":false,"exchangeUrl":"https://www.cex.io/","updated":1541536155954},{"exchangeId":"btcturk","name":"BTCTurk","rank":"39","percentTotalVolume":"0.124623070376339750000000000000000000","volumeUsd":"8311420.4332066598039615","tradingPairs":"5","socket":false,"exchangeUrl":"https://www.btcturk.com/","updated":1541536176375},{"exchangeId":"lakebtc","name":"Lakebtc","rank":"40","percentTotalVolume":"0.055553382330345676000000000000000000","volumeUsd":"3704992.3071213137010555","tradingPairs":"24","socket":false,"exchangeUrl":"https://www.lakebtc.com/","updated":1541536144365},{"exchangeId":"independentreserve","name":"Independent
        Reserve","rank":"41","percentTotalVolume":"0.052521729725335873000000000000000000","volumeUsd":"3502803.9054748838446424","tradingPairs":"15","socket":false,"exchangeUrl":"https://www.independentreserve.com/","updated":1541536180762},{"exchangeId":"luno","name":"Luno","rank":"42","percentTotalVolume":"0.046115297436241441000000000000000000","volumeUsd":"3075543.1096147019659734","tradingPairs":"5","socket":true,"exchangeUrl":"https://www.luno.com/","updated":1541536178434},{"exchangeId":"bxinth","name":"Bxinth","rank":"43","percentTotalVolume":"0.046011251945172154000000000000000000","volumeUsd":"3068604.0587804956725814","tradingPairs":"25","socket":false,"exchangeUrl":"https://bx.in.th/","updated":1541536167081},{"exchangeId":"tidex","name":"Tidex","rank":"44","percentTotalVolume":"0.044971543116508603000000000000000000","volumeUsd":"2999263.3084920946360016","tradingPairs":"237","socket":false,"exchangeUrl":"https://tidex.com/","updated":1541536182464},{"exchangeId":"btcmarket","name":"BTCMarket","rank":"45","percentTotalVolume":"0.044369564678586972000000000000000000","volumeUsd":"2959115.8793348559628440","tradingPairs":"11","socket":false,"exchangeUrl":"https://www.btcmarkets.net/","updated":1541536180055},{"exchangeId":"cryptopia","name":"Cryptopia","rank":"46","percentTotalVolume":"0.043374296669801992000000000000000000","volumeUsd":"2892738.9971111061933057","tradingPairs":"1428","socket":false,"exchangeUrl":"https://www.cryptopia.co.nz/","updated":1541536182563},{"exchangeId":"bitso","name":"Bitso","rank":"47","percentTotalVolume":"0.031788025073131298000000000000000000","volumeUsd":"2120021.9215130920753620","tradingPairs":"11","socket":true,"exchangeUrl":"https://www.bitso.com/","updated":1541536171615},{"exchangeId":"acx","name":"ACX","rank":"48","percentTotalVolume":"0.026188454010875202000000000000000000","volumeUsd":"1746572.6941470494134961","tradingPairs":"10","socket":false,"exchangeUrl":"https://acx.io/","updated":1541536138117},{"exchangeId":"btcc","name":"BTCC","rank":"49","percentTotalVolume":"0.025142166026811349000000000000000000","volumeUsd":"1676793.1637318052611473","tradingPairs":"6","socket":false,"exchangeUrl":"https://exchange.btcc.com/","updated":1541536182259},{"exchangeId":"idex","name":"IDEX","rank":"50","percentTotalVolume":"0.021120096665725870000000000000000000","volumeUsd":"1408551.4218893817457735","tradingPairs":"350","socket":false,"exchangeUrl":"https://idex.market","updated":1541536182565},{"exchangeId":"mercado","name":"Mercado","rank":"51","percentTotalVolume":"0.020851622012888907000000000000000000","volumeUsd":"1390646.1840498007781328","tradingPairs":"3","socket":false,"exchangeUrl":"https://www.mercadobitcoin.com.br/","updated":1541536151760},{"exchangeId":"coinfloor","name":"Coinfloor","rank":"52","percentTotalVolume":"0.016711448370095997000000000000000000","volumeUsd":"1114527.7758945666684420","tradingPairs":"2","socket":false,"exchangeUrl":"https://www.coinfloor.co.uk/","updated":1541536182086},{"exchangeId":"okcoin","name":"OkCoin","rank":"53","percentTotalVolume":"0.014989446965855205000000000000000000","volumeUsd":"999683.2482000000000000","tradingPairs":"5","socket":false,"exchangeUrl":"https://www.okcoin.com","updated":1541536178851},{"exchangeId":"lykke","name":"Lykke","rank":"54","percentTotalVolume":"0.014332170899179403000000000000000000","volumeUsd":"955847.8835734507556241","tradingPairs":"136","socket":false,"exchangeUrl":"https://www.lykke.com/","updated":1541536175934},{"exchangeId":"quadrigacx","name":"QuadrigaCX","rank":"55","percentTotalVolume":"0.013106446096458756000000000000000000","volumeUsd":"874101.2684398636379369","tradingPairs":"10","socket":false,"exchangeUrl":"https://www.quadrigacx.com","updated":1541536164118},{"exchangeId":"coinmate","name":"Coinmate","rank":"56","percentTotalVolume":"0.0095827420826055574745000000000000000000","volumeUsd":"639096.7427700157224701","tradingPairs":"4","socket":true,"exchangeUrl":"https://coinmate.io/","updated":1541536182408},{"exchangeId":"coinexchange","name":"CoinExchange","rank":"57","percentTotalVolume":"0.0076991826500634912814000000000000000000","volumeUsd":"513477.5110538193567776","tradingPairs":"551","socket":false,"exchangeUrl":"https://www.coinexchange.io","updated":1541536162331},{"exchangeId":"oasisdex","name":"OasisDEX","rank":"58","percentTotalVolume":"0.0064853844813753619811000000000000000000","volumeUsd":"432526.3126075109152233","tradingPairs":"1","socket":false,"exchangeUrl":"https://oasisdex.com/","updated":1541536156860},{"exchangeId":"tradesatoshi","name":"TradeSatoshi","rank":"59","percentTotalVolume":"0.0058738306747737545162000000000000000000","volumeUsd":"391740.2784579388636276","tradingPairs":"803","socket":false,"exchangeUrl":"https://tradesatoshi.com/","updated":1541536139487},{"exchangeId":"kuna","name":"Kuna","rank":"60","percentTotalVolume":"0.0047414101582950004986000000000000000000","volumeUsd":"316216.3566734626724310","tradingPairs":"23","socket":false,"exchangeUrl":"https://kuna.io/","updated":1541536181747},{"exchangeId":"therocktrading","name":"The
        Rock Trading","rank":"61","percentTotalVolume":"0.0046923251095307208419000000000000000000","volumeUsd":"312942.7535112841749121","tradingPairs":"16","socket":true,"exchangeUrl":"https://www.therocktrading.com","updated":1541536173062},{"exchangeId":"bitmarket","name":"Bitmarket","rank":"62","percentTotalVolume":"0.0042228362878414992849000000000000000000","volumeUsd":"281631.3841639699001895","tradingPairs":"6","socket":false,"exchangeUrl":"https://www.bitmarket.net/","updated":1541536182038},{"exchangeId":"braziliex","name":"Braziliex","rank":"63","percentTotalVolume":"0.0040784725432810054365000000000000000000","volumeUsd":"272003.4094019059762174","tradingPairs":"48","socket":false,"exchangeUrl":"https://braziliex.com","updated":1541536152166},{"exchangeId":"coinnest","name":"Coinnest","rank":"64","percentTotalVolume":"0.0029865334881080562986000000000000000000","volumeUsd":"199179.2962776327964911","tradingPairs":"26","socket":false,"exchangeUrl":"https://www.coinnest.co.kr/","updated":1541536163630},{"exchangeId":"wex","name":"Wex","rank":"65","percentTotalVolume":"0.0028867338840901394696000000000000000000","volumeUsd":"192523.4141399549622417","tradingPairs":"26","socket":false,"exchangeUrl":"https://wex.nz/","updated":1541536181483},{"exchangeId":"bleutrade","name":"Bleutrade","rank":"66","percentTotalVolume":"0.0021638079039845806939000000000000000000","volumeUsd":"144309.6946047151926213","tradingPairs":"86","socket":false,"exchangeUrl":"https://bleutrade.com/","updated":1541536124285},{"exchangeId":"btctradeua","name":"BTC
        Trade UA","rank":"67","percentTotalVolume":"0.0015524242360180551980000000000000000000","volumeUsd":"103535.0074210285734220","tradingPairs":"16","socket":false,"exchangeUrl":"https://btc-trade.com.ua/","updated":1541536172391},{"exchangeId":"xbtce","name":"xBTCe","rank":"68","percentTotalVolume":"0.0004281578532167613152000000000000000000","volumeUsd":"28554.9049555378630176","tradingPairs":"27","socket":false,"exchangeUrl":"https://www.xbtce.com/","updated":1541536138878},{"exchangeId":"gatecoin","name":"Gatecoin","rank":"69","percentTotalVolume":"0.0001371293228108224507000000000000000000","volumeUsd":"9145.4933036062196440","tradingPairs":"33","socket":false,"exchangeUrl":"https://gatecoin.com/","updated":1541536158553},{"exchangeId":"sistemkoin","name":"Sistemkoin","rank":"70","percentTotalVolume":null,"volumeUsd":null,"tradingPairs":"0","socket":null,"exchangeUrl":"https://www.sistemkoin.com","updated":1541527611871},{"exchangeId":"ccex","name":"C-CEX","rank":"71","percentTotalVolume":null,"volumeUsd":null,"tradingPairs":"0","socket":null,"exchangeUrl":"https://www.c-cex.com","updated":1536202681096}],"timestamp":1541536235891}'
    http_version: 
  recorded_at: Tue, 06 Nov 2018 20:30:36 GMT
- request:
    method: get
    uri: https://api.coincap.io/v2/exchanges
    body:
      encoding: US-ASCII
      string: ''
    headers:
      User-Agent:
      - Faraday v0.15.3
      Accept-Encoding:
      - gzip;q=1.0,deflate;q=0.6,identity;q=0.3
      Accept:
      - "*/*"
  response:
    status:
      code: 200
      message: OK
    headers:
      Date:
      - Tue, 06 Nov 2018 20:30:38 GMT
      Content-Type:
      - application/json; charset=utf-8
      Transfer-Encoding:
      - chunked
      Connection:
      - keep-alive
      Set-Cookie:
      - __cfduid=d8e340b709581ad9b4049838fe027424f1541536238; expires=Wed, 06-Nov-19
        20:30:38 GMT; path=/; domain=.coincap.io; HttpOnly
      X-Powered-By:
      - Express
      X-Ratelimit-Limit:
      - '180'
      X-Ratelimit-Remaining:
      - '165'
      Access-Control-Allow-Origin:
      - "*"
      Access-Control-Allow-Headers:
      - Origin, X-Requested-With, Content-Type, Accept, Accept-Encoding
      Etag:
      - W/"4614-BayXynN5bOl36j25H8eK0zlecdM"
      Vary:
      - Accept-Encoding
      Expect-Ct:
      - max-age=604800, report-uri="https://report-uri.cloudflare.com/cdn-cgi/beacon/expect-ct"
      Server:
      - cloudflare
      Cf-Ray:
      - 475a51b0cb354fe1-DEN
    body:
      encoding: ASCII-8BIT
      string: '{"data":[{"exchangeId":"bithumb","name":"Bithumb","rank":"1","percentTotalVolume":"16.888035586805297950000000000000000000","volumeUsd":"1126304813.6193523749836383","tradingPairs":"28","socket":false,"exchangeUrl":"https://www.bithumb.com/","updated":1541536134764},{"exchangeId":"binance","name":"Binance","rank":"2","percentTotalVolume":"13.692672564482992634000000000000000000","volumeUsd":"913198159.8108553468598537","tradingPairs":"380","socket":true,"exchangeUrl":"https://www.binance.com/","updated":1541536182565},{"exchangeId":"okex","name":"Okex","rank":"3","percentTotalVolume":"11.686495528344037520000000000000000000","volumeUsd":"779401257.1952947272113791","tradingPairs":"498","socket":false,"exchangeUrl":"https://www.okex.com/","updated":1541536181926},{"exchangeId":"huobi","name":"Huobi","rank":"4","percentTotalVolume":"8.765130787018885561000000000000000000","volumeUsd":"584568225.6339959908853669","tradingPairs":"289","socket":true,"exchangeUrl":"https://www.hbg.com/","updated":1541536159564},{"exchangeId":"lbank","name":"LBank","rank":"5","percentTotalVolume":"5.974243458832189422000000000000000000","volumeUsd":"398437055.0873236202730517","tradingPairs":"100","socket":false,"exchangeUrl":"https://www.lbank.info","updated":1541536180272},{"exchangeId":"bitfinex","name":"Bitfinex","rank":"6","percentTotalVolume":"4.449023376179395266000000000000000000","volumeUsd":"296716359.8595777235043037","tradingPairs":"251","socket":true,"exchangeUrl":"https://bitfinex.com","updated":1541536175957},{"exchangeId":"bitbank","name":"Bitbank","rank":"7","percentTotalVolume":"4.140297128541942124000000000000000000","volumeUsd":"276126643.7248972129526213","tradingPairs":"8","socket":false,"exchangeUrl":"https://www.bibank.com","updated":1541536181905},{"exchangeId":"bibox","name":"Bibox","rank":"8","percentTotalVolume":"4.046211825203056771000000000000000000","volumeUsd":"269851862.4161571147687950","tradingPairs":"180","socket":false,"exchangeUrl":"https://www.bibox.com","updated":1541536181369},{"exchangeId":"zb","name":"ZB","rank":"9","percentTotalVolume":"3.726409136648150894000000000000000000","volumeUsd":"248523431.0733653364508968","tradingPairs":"85","socket":true,"exchangeUrl":"https://www.zb.com/","updated":1541536182028},{"exchangeId":"hitbtc","name":"HitBTC","rank":"10","percentTotalVolume":"3.574909467764174839000000000000000000","volumeUsd":"238419543.8895250779666209","tradingPairs":"799","socket":true,"exchangeUrl":"https://hitbtc.com/","updated":1541536150790},{"exchangeId":"ooobtc","name":"OOOBTC","rank":"11","percentTotalVolume":"2.000785623322046638000000000000000000","volumeUsd":"133437335.9758125685038728","tradingPairs":"26","socket":false,"exchangeUrl":"https://www.ooobtc.com/","updated":1541536146202},{"exchangeId":"bit-z","name":"Bit-Z","rank":"12","percentTotalVolume":"1.800393886488843399000000000000000000","volumeUsd":"120072715.9970909779738624","tradingPairs":"146","socket":false,"exchangeUrl":"https://www.bit-z.com/","updated":1541536126128},{"exchangeId":"gdax","name":"Coinbase
        Pro","rank":"13","percentTotalVolume":"1.665455215603705977000000000000000000","volumeUsd":"111073322.6822123577069020","tradingPairs":"22","socket":true,"exchangeUrl":"https://pro.coinbase.com/","updated":1541536181674},{"exchangeId":"kraken","name":"Kraken","rank":"14","percentTotalVolume":"1.586997883893228518000000000000000000","volumeUsd":"105840809.4088342229020801","tradingPairs":"66","socket":false,"exchangeUrl":"https://kraken.com","updated":1541536182117},{"exchangeId":"qryptos","name":"Liquid","rank":"15","percentTotalVolume":"1.567263704144274910000000000000000000","volumeUsd":"104524688.2099043829913704","tradingPairs":"141","socket":false,"exchangeUrl":"https://www.qryptos.com/","updated":1541536160600},{"exchangeId":"quoine","name":"Quoine","rank":"16","percentTotalVolume":"1.538539249137051353000000000000000000","volumeUsd":"102608983.3443541495591821","tradingPairs":"31","socket":false,"exchangeUrl":"https://quoine.com/","updated":1541536168624},{"exchangeId":"bitstamp","name":"Bitstamp","rank":"17","percentTotalVolume":"1.346245766162571442000000000000000000","volumeUsd":"89784455.9214605405738360","tradingPairs":"15","socket":true,"exchangeUrl":"https://www.bitstamp.net/","updated":1541536172519},{"exchangeId":"coinbene","name":"Coinbene","rank":"18","percentTotalVolume":"1.318103648661578879000000000000000000","volumeUsd":"87907588.5828119857984418","tradingPairs":"116","socket":false,"exchangeUrl":"https://www.coinbene.com","updated":1541536181682},{"exchangeId":"coinegg","name":"CoinEgg","rank":"19","percentTotalVolume":"1.217091739126435663000000000000000000","volumeUsd":"81170854.7953012845201227","tradingPairs":"115","socket":false,"exchangeUrl":"https://www.coinegg.com","updated":1541536181412},{"exchangeId":"allcoin","name":"Allcoin","rank":"20","percentTotalVolume":"0.970233570097919792000000000000000000","volumeUsd":"64707273.6624364769605382","tradingPairs":"46","socket":false,"exchangeUrl":"https://allcoin.com/","updated":1541536179668},{"exchangeId":"bittrex","name":"Bittrex","rank":"21","percentTotalVolume":"0.867693934088551022000000000000000000","volumeUsd":"57868652.0222522330936187","tradingPairs":"260","socket":false,"exchangeUrl":"https://bittrex.com/","updated":1541536126215},{"exchangeId":"gate","name":"Gate","rank":"22","percentTotalVolume":"0.691938124375975707000000000000000000","volumeUsd":"46147062.8839925187493768","tradingPairs":"192","socket":false,"exchangeUrl":"https://gate.io/","updated":1541536182291},{"exchangeId":"poloniex","name":"Poloniex","rank":"23","percentTotalVolume":"0.590188131445270591000000000000000000","volumeUsd":"39361104.4914647965139464","tradingPairs":"90","socket":true,"exchangeUrl":"https://poloniex.com/","updated":1541536137945},{"exchangeId":"coinex","name":"CoinEx","rank":"24","percentTotalVolume":"0.581375345478161911000000000000000000","volumeUsd":"38773358.0241428822215050","tradingPairs":"86","socket":false,"exchangeUrl":"https://www.coinex.com/","updated":1541536162179},{"exchangeId":"coinone","name":"Coinone","rank":"25","percentTotalVolume":"0.523039334297641788000000000000000000","volumeUsd":"34882785.3247753417350424","tradingPairs":"16","socket":false,"exchangeUrl":"https://coinone.co.kr/","updated":1541536180200},{"exchangeId":"gemini","name":"Gemini","rank":"26","percentTotalVolume":"0.499102571906824918000000000000000000","volumeUsd":"33286383.5073665861487674","tradingPairs":"6","socket":true,"exchangeUrl":"https://gemini.com/","updated":1541536167495},{"exchangeId":"exmo","name":"Exmo","rank":"27","percentTotalVolume":"0.489593017500245347000000000000000000","volumeUsd":"32652167.8315141511874045","tradingPairs":"78","socket":false,"exchangeUrl":"https://www.exmo.com/","updated":1541536150373},{"exchangeId":"btcbox","name":"BTCBOX","rank":"28","percentTotalVolume":"0.423531765696054312000000000000000000","volumeUsd":"28246379.7504590905132587","tradingPairs":"1","socket":false,"exchangeUrl":"https://www.btcbox.co.jp","updated":1541536165741},{"exchangeId":"yobit","name":"YoBit","rank":"29","percentTotalVolume":"0.394627865374133107000000000000000000","volumeUsd":"26318707.2335685608014969","tradingPairs":"61","socket":false,"exchangeUrl":"https://yobit.net","updated":1541536182232},{"exchangeId":"bitbay","name":"BitBay","rank":"30","percentTotalVolume":"0.367189974012497283000000000000000000","volumeUsd":"24488806.4758794740812280","tradingPairs":"37","socket":false,"exchangeUrl":"https://bitbay.net","updated":1541536181688},{"exchangeId":"korbit","name":"Korbit","rank":"31","percentTotalVolume":"0.329078211820321911000000000000000000","volumeUsd":"21947038.9036876539254163","tradingPairs":"5","socket":false,"exchangeUrl":"https://www.korbit.co.kr/","updated":1541536177945},{"exchangeId":"livecoin","name":"Livecoin","rank":"32","percentTotalVolume":"0.311289867431393230000000000000000000","volumeUsd":"20760690.2719247810649440","tradingPairs":"392","socket":false,"exchangeUrl":"https://www.livecoin.net","updated":1541536182559},{"exchangeId":"bitflyer","name":"Bitflyer","rank":"33","percentTotalVolume":"0.281428778962374560000000000000000000","volumeUsd":"18769180.5128592303685877","tradingPairs":"4","socket":false,"exchangeUrl":"https://bitflyer.com/","updated":1541536182028},{"exchangeId":"itbit","name":"Itbit","rank":"34","percentTotalVolume":"0.262182029720652643000000000000000000","volumeUsd":"17485567.2586088123703567","tradingPairs":"2","socket":false,"exchangeUrl":"https://www.itbit.com/","updated":1541536179503},{"exchangeId":"kucoin","name":"Kucoin","rank":"35","percentTotalVolume":"0.229673004295499094000000000000000000","volumeUsd":"15317460.0424544430817125","tradingPairs":"371","socket":false,"exchangeUrl":"https://www.kucoin.io/","updated":1541536172018},{"exchangeId":"bigone","name":"BigONE","rank":"36","percentTotalVolume":"0.223391495517952164000000000000000000","volumeUsd":"14898530.7041913849141212","tradingPairs":"100","socket":false,"exchangeUrl":"https://big.one/","updated":1541536181343},{"exchangeId":"zaif","name":"Zaif","rank":"37","percentTotalVolume":"0.149814365838716653000000000000000000","volumeUsd":"9991490.1603660739900588","tradingPairs":"28","socket":false,"exchangeUrl":"https://zaif.jp/","updated":1541536180797},{"exchangeId":"cex","name":"Cex","rank":"38","percentTotalVolume":"0.131022052704604951000000000000000000","volumeUsd":"8738184.3727746986736908","tradingPairs":"15","socket":false,"exchangeUrl":"https://www.cex.io/","updated":1541536155954},{"exchangeId":"btcturk","name":"BTCTurk","rank":"39","percentTotalVolume":"0.124623070376339750000000000000000000","volumeUsd":"8311420.4332066598039615","tradingPairs":"5","socket":false,"exchangeUrl":"https://www.btcturk.com/","updated":1541536176375},{"exchangeId":"lakebtc","name":"Lakebtc","rank":"40","percentTotalVolume":"0.055553382330345676000000000000000000","volumeUsd":"3704992.3071213137010555","tradingPairs":"24","socket":false,"exchangeUrl":"https://www.lakebtc.com/","updated":1541536144365},{"exchangeId":"independentreserve","name":"Independent
        Reserve","rank":"41","percentTotalVolume":"0.052521729725335873000000000000000000","volumeUsd":"3502803.9054748838446424","tradingPairs":"15","socket":false,"exchangeUrl":"https://www.independentreserve.com/","updated":1541536180762},{"exchangeId":"luno","name":"Luno","rank":"42","percentTotalVolume":"0.046115297436241441000000000000000000","volumeUsd":"3075543.1096147019659734","tradingPairs":"5","socket":true,"exchangeUrl":"https://www.luno.com/","updated":1541536178434},{"exchangeId":"bxinth","name":"Bxinth","rank":"43","percentTotalVolume":"0.046011251945172154000000000000000000","volumeUsd":"3068604.0587804956725814","tradingPairs":"25","socket":false,"exchangeUrl":"https://bx.in.th/","updated":1541536167081},{"exchangeId":"tidex","name":"Tidex","rank":"44","percentTotalVolume":"0.044971543116508603000000000000000000","volumeUsd":"2999263.3084920946360016","tradingPairs":"237","socket":false,"exchangeUrl":"https://tidex.com/","updated":1541536182464},{"exchangeId":"btcmarket","name":"BTCMarket","rank":"45","percentTotalVolume":"0.044369564678586972000000000000000000","volumeUsd":"2959115.8793348559628440","tradingPairs":"11","socket":false,"exchangeUrl":"https://www.btcmarkets.net/","updated":1541536180055},{"exchangeId":"cryptopia","name":"Cryptopia","rank":"46","percentTotalVolume":"0.043374296669801992000000000000000000","volumeUsd":"2892738.9971111061933057","tradingPairs":"1428","socket":false,"exchangeUrl":"https://www.cryptopia.co.nz/","updated":1541536182563},{"exchangeId":"bitso","name":"Bitso","rank":"47","percentTotalVolume":"0.031788025073131298000000000000000000","volumeUsd":"2120021.9215130920753620","tradingPairs":"11","socket":true,"exchangeUrl":"https://www.bitso.com/","updated":1541536171615},{"exchangeId":"acx","name":"ACX","rank":"48","percentTotalVolume":"0.026188454010875202000000000000000000","volumeUsd":"1746572.6941470494134961","tradingPairs":"10","socket":false,"exchangeUrl":"https://acx.io/","updated":1541536138117},{"exchangeId":"btcc","name":"BTCC","rank":"49","percentTotalVolume":"0.025142166026811349000000000000000000","volumeUsd":"1676793.1637318052611473","tradingPairs":"6","socket":false,"exchangeUrl":"https://exchange.btcc.com/","updated":1541536182259},{"exchangeId":"idex","name":"IDEX","rank":"50","percentTotalVolume":"0.021120096665725870000000000000000000","volumeUsd":"1408551.4218893817457735","tradingPairs":"350","socket":false,"exchangeUrl":"https://idex.market","updated":1541536182565},{"exchangeId":"mercado","name":"Mercado","rank":"51","percentTotalVolume":"0.020851622012888907000000000000000000","volumeUsd":"1390646.1840498007781328","tradingPairs":"3","socket":false,"exchangeUrl":"https://www.mercadobitcoin.com.br/","updated":1541536151760},{"exchangeId":"coinfloor","name":"Coinfloor","rank":"52","percentTotalVolume":"0.016711448370095997000000000000000000","volumeUsd":"1114527.7758945666684420","tradingPairs":"2","socket":false,"exchangeUrl":"https://www.coinfloor.co.uk/","updated":1541536182086},{"exchangeId":"okcoin","name":"OkCoin","rank":"53","percentTotalVolume":"0.014989446965855205000000000000000000","volumeUsd":"999683.2482000000000000","tradingPairs":"5","socket":false,"exchangeUrl":"https://www.okcoin.com","updated":1541536178851},{"exchangeId":"lykke","name":"Lykke","rank":"54","percentTotalVolume":"0.014332170899179403000000000000000000","volumeUsd":"955847.8835734507556241","tradingPairs":"136","socket":false,"exchangeUrl":"https://www.lykke.com/","updated":1541536175934},{"exchangeId":"quadrigacx","name":"QuadrigaCX","rank":"55","percentTotalVolume":"0.013106446096458756000000000000000000","volumeUsd":"874101.2684398636379369","tradingPairs":"10","socket":false,"exchangeUrl":"https://www.quadrigacx.com","updated":1541536164118},{"exchangeId":"coinmate","name":"Coinmate","rank":"56","percentTotalVolume":"0.0095827420826055574745000000000000000000","volumeUsd":"639096.7427700157224701","tradingPairs":"4","socket":true,"exchangeUrl":"https://coinmate.io/","updated":1541536182408},{"exchangeId":"coinexchange","name":"CoinExchange","rank":"57","percentTotalVolume":"0.0076991826500634912814000000000000000000","volumeUsd":"513477.5110538193567776","tradingPairs":"551","socket":false,"exchangeUrl":"https://www.coinexchange.io","updated":1541536162331},{"exchangeId":"oasisdex","name":"OasisDEX","rank":"58","percentTotalVolume":"0.0064853844813753619811000000000000000000","volumeUsd":"432526.3126075109152233","tradingPairs":"1","socket":false,"exchangeUrl":"https://oasisdex.com/","updated":1541536156860},{"exchangeId":"tradesatoshi","name":"TradeSatoshi","rank":"59","percentTotalVolume":"0.0058738306747737545162000000000000000000","volumeUsd":"391740.2784579388636276","tradingPairs":"803","socket":false,"exchangeUrl":"https://tradesatoshi.com/","updated":1541536139487},{"exchangeId":"kuna","name":"Kuna","rank":"60","percentTotalVolume":"0.0047414101582950004986000000000000000000","volumeUsd":"316216.3566734626724310","tradingPairs":"23","socket":false,"exchangeUrl":"https://kuna.io/","updated":1541536181747},{"exchangeId":"therocktrading","name":"The
        Rock Trading","rank":"61","percentTotalVolume":"0.0046923251095307208419000000000000000000","volumeUsd":"312942.7535112841749121","tradingPairs":"16","socket":true,"exchangeUrl":"https://www.therocktrading.com","updated":1541536173062},{"exchangeId":"bitmarket","name":"Bitmarket","rank":"62","percentTotalVolume":"0.0042228362878414992849000000000000000000","volumeUsd":"281631.3841639699001895","tradingPairs":"6","socket":false,"exchangeUrl":"https://www.bitmarket.net/","updated":1541536182038},{"exchangeId":"braziliex","name":"Braziliex","rank":"63","percentTotalVolume":"0.0040784725432810054365000000000000000000","volumeUsd":"272003.4094019059762174","tradingPairs":"48","socket":false,"exchangeUrl":"https://braziliex.com","updated":1541536152166},{"exchangeId":"coinnest","name":"Coinnest","rank":"64","percentTotalVolume":"0.0029865334881080562986000000000000000000","volumeUsd":"199179.2962776327964911","tradingPairs":"26","socket":false,"exchangeUrl":"https://www.coinnest.co.kr/","updated":1541536163630},{"exchangeId":"wex","name":"Wex","rank":"65","percentTotalVolume":"0.0028867338840901394696000000000000000000","volumeUsd":"192523.4141399549622417","tradingPairs":"26","socket":false,"exchangeUrl":"https://wex.nz/","updated":1541536181483},{"exchangeId":"bleutrade","name":"Bleutrade","rank":"66","percentTotalVolume":"0.0021638079039845806939000000000000000000","volumeUsd":"144309.6946047151926213","tradingPairs":"86","socket":false,"exchangeUrl":"https://bleutrade.com/","updated":1541536124285},{"exchangeId":"btctradeua","name":"BTC
        Trade UA","rank":"67","percentTotalVolume":"0.0015524242360180551980000000000000000000","volumeUsd":"103535.0074210285734220","tradingPairs":"16","socket":false,"exchangeUrl":"https://btc-trade.com.ua/","updated":1541536172391},{"exchangeId":"xbtce","name":"xBTCe","rank":"68","percentTotalVolume":"0.0004281578532167613152000000000000000000","volumeUsd":"28554.9049555378630176","tradingPairs":"27","socket":false,"exchangeUrl":"https://www.xbtce.com/","updated":1541536138878},{"exchangeId":"gatecoin","name":"Gatecoin","rank":"69","percentTotalVolume":"0.0001371293228108224507000000000000000000","volumeUsd":"9145.4933036062196440","tradingPairs":"33","socket":false,"exchangeUrl":"https://gatecoin.com/","updated":1541536158553},{"exchangeId":"sistemkoin","name":"Sistemkoin","rank":"70","percentTotalVolume":null,"volumeUsd":null,"tradingPairs":"0","socket":null,"exchangeUrl":"https://www.sistemkoin.com","updated":1541527611871},{"exchangeId":"ccex","name":"C-CEX","rank":"71","percentTotalVolume":null,"volumeUsd":null,"tradingPairs":"0","socket":null,"exchangeUrl":"https://www.c-cex.com","updated":1536202681096}],"timestamp":1541536238646}'
    http_version: 
  recorded_at: Tue, 06 Nov 2018 20:30:38 GMT
- request:
    method: get
    uri: https://api.coincap.io/v2/exchanges
    body:
      encoding: US-ASCII
      string: ''
    headers:
      User-Agent:
      - Faraday v0.15.3
      Accept-Encoding:
      - gzip;q=1.0,deflate;q=0.6,identity;q=0.3
      Accept:
      - "*/*"
  response:
    status:
      code: 200
      message: OK
    headers:
      Date:
      - Tue, 06 Nov 2018 20:30:41 GMT
      Content-Type:
      - application/json; charset=utf-8
      Transfer-Encoding:
      - chunked
      Connection:
      - keep-alive
      Set-Cookie:
      - __cfduid=d288bdab440d4c0707fc795fc2224a8401541536240; expires=Wed, 06-Nov-19
        20:30:40 GMT; path=/; domain=.coincap.io; HttpOnly
      X-Powered-By:
      - Express
      X-Ratelimit-Limit:
      - '180'
      X-Ratelimit-Remaining:
      - '161'
      Access-Control-Allow-Origin:
      - "*"
      Access-Control-Allow-Headers:
      - Origin, X-Requested-With, Content-Type, Accept, Accept-Encoding
      Etag:
      - W/"4614-rDUWx6Rl89H7aIlzOkhiaZ3lRHE"
      Vary:
      - Accept-Encoding
      Expect-Ct:
      - max-age=604800, report-uri="https://report-uri.cloudflare.com/cdn-cgi/beacon/expect-ct"
      Server:
      - cloudflare
      Cf-Ray:
      - 475a51c1e9094fdb-DEN
    body:
      encoding: ASCII-8BIT
      string: '{"data":[{"exchangeId":"bithumb","name":"Bithumb","rank":"1","percentTotalVolume":"16.888035586805297950000000000000000000","volumeUsd":"1126304813.6193523749836383","tradingPairs":"28","socket":false,"exchangeUrl":"https://www.bithumb.com/","updated":1541536134764},{"exchangeId":"binance","name":"Binance","rank":"2","percentTotalVolume":"13.692672564482992634000000000000000000","volumeUsd":"913198159.8108553468598537","tradingPairs":"380","socket":true,"exchangeUrl":"https://www.binance.com/","updated":1541536182565},{"exchangeId":"okex","name":"Okex","rank":"3","percentTotalVolume":"11.686495528344037520000000000000000000","volumeUsd":"779401257.1952947272113791","tradingPairs":"498","socket":false,"exchangeUrl":"https://www.okex.com/","updated":1541536181926},{"exchangeId":"huobi","name":"Huobi","rank":"4","percentTotalVolume":"8.765130787018885561000000000000000000","volumeUsd":"584568225.6339959908853669","tradingPairs":"289","socket":true,"exchangeUrl":"https://www.hbg.com/","updated":1541536159564},{"exchangeId":"lbank","name":"LBank","rank":"5","percentTotalVolume":"5.974243458832189422000000000000000000","volumeUsd":"398437055.0873236202730517","tradingPairs":"100","socket":false,"exchangeUrl":"https://www.lbank.info","updated":1541536180272},{"exchangeId":"bitfinex","name":"Bitfinex","rank":"6","percentTotalVolume":"4.449023376179395266000000000000000000","volumeUsd":"296716359.8595777235043037","tradingPairs":"251","socket":true,"exchangeUrl":"https://bitfinex.com","updated":1541536175957},{"exchangeId":"bitbank","name":"Bitbank","rank":"7","percentTotalVolume":"4.140297128541942124000000000000000000","volumeUsd":"276126643.7248972129526213","tradingPairs":"8","socket":false,"exchangeUrl":"https://www.bibank.com","updated":1541536181905},{"exchangeId":"bibox","name":"Bibox","rank":"8","percentTotalVolume":"4.046211825203056771000000000000000000","volumeUsd":"269851862.4161571147687950","tradingPairs":"180","socket":false,"exchangeUrl":"https://www.bibox.com","updated":1541536181369},{"exchangeId":"zb","name":"ZB","rank":"9","percentTotalVolume":"3.726409136648150894000000000000000000","volumeUsd":"248523431.0733653364508968","tradingPairs":"85","socket":true,"exchangeUrl":"https://www.zb.com/","updated":1541536182028},{"exchangeId":"hitbtc","name":"HitBTC","rank":"10","percentTotalVolume":"3.574909467764174839000000000000000000","volumeUsd":"238419543.8895250779666209","tradingPairs":"799","socket":true,"exchangeUrl":"https://hitbtc.com/","updated":1541536150790},{"exchangeId":"ooobtc","name":"OOOBTC","rank":"11","percentTotalVolume":"2.000785623322046638000000000000000000","volumeUsd":"133437335.9758125685038728","tradingPairs":"26","socket":false,"exchangeUrl":"https://www.ooobtc.com/","updated":1541536146202},{"exchangeId":"bit-z","name":"Bit-Z","rank":"12","percentTotalVolume":"1.800393886488843399000000000000000000","volumeUsd":"120072715.9970909779738624","tradingPairs":"146","socket":false,"exchangeUrl":"https://www.bit-z.com/","updated":1541536126128},{"exchangeId":"gdax","name":"Coinbase
        Pro","rank":"13","percentTotalVolume":"1.665455215603705977000000000000000000","volumeUsd":"111073322.6822123577069020","tradingPairs":"22","socket":true,"exchangeUrl":"https://pro.coinbase.com/","updated":1541536181674},{"exchangeId":"kraken","name":"Kraken","rank":"14","percentTotalVolume":"1.586997883893228518000000000000000000","volumeUsd":"105840809.4088342229020801","tradingPairs":"66","socket":false,"exchangeUrl":"https://kraken.com","updated":1541536182117},{"exchangeId":"qryptos","name":"Liquid","rank":"15","percentTotalVolume":"1.567263704144274910000000000000000000","volumeUsd":"104524688.2099043829913704","tradingPairs":"141","socket":false,"exchangeUrl":"https://www.qryptos.com/","updated":1541536160600},{"exchangeId":"quoine","name":"Quoine","rank":"16","percentTotalVolume":"1.538539249137051353000000000000000000","volumeUsd":"102608983.3443541495591821","tradingPairs":"31","socket":false,"exchangeUrl":"https://quoine.com/","updated":1541536168624},{"exchangeId":"bitstamp","name":"Bitstamp","rank":"17","percentTotalVolume":"1.346245766162571442000000000000000000","volumeUsd":"89784455.9214605405738360","tradingPairs":"15","socket":true,"exchangeUrl":"https://www.bitstamp.net/","updated":1541536172519},{"exchangeId":"coinbene","name":"Coinbene","rank":"18","percentTotalVolume":"1.318103648661578879000000000000000000","volumeUsd":"87907588.5828119857984418","tradingPairs":"116","socket":false,"exchangeUrl":"https://www.coinbene.com","updated":1541536181682},{"exchangeId":"coinegg","name":"CoinEgg","rank":"19","percentTotalVolume":"1.217091739126435663000000000000000000","volumeUsd":"81170854.7953012845201227","tradingPairs":"115","socket":false,"exchangeUrl":"https://www.coinegg.com","updated":1541536181412},{"exchangeId":"allcoin","name":"Allcoin","rank":"20","percentTotalVolume":"0.970233570097919792000000000000000000","volumeUsd":"64707273.6624364769605382","tradingPairs":"46","socket":false,"exchangeUrl":"https://allcoin.com/","updated":1541536179668},{"exchangeId":"bittrex","name":"Bittrex","rank":"21","percentTotalVolume":"0.867693934088551022000000000000000000","volumeUsd":"57868652.0222522330936187","tradingPairs":"260","socket":false,"exchangeUrl":"https://bittrex.com/","updated":1541536126215},{"exchangeId":"gate","name":"Gate","rank":"22","percentTotalVolume":"0.691938124375975707000000000000000000","volumeUsd":"46147062.8839925187493768","tradingPairs":"192","socket":false,"exchangeUrl":"https://gate.io/","updated":1541536182291},{"exchangeId":"poloniex","name":"Poloniex","rank":"23","percentTotalVolume":"0.590188131445270591000000000000000000","volumeUsd":"39361104.4914647965139464","tradingPairs":"90","socket":true,"exchangeUrl":"https://poloniex.com/","updated":1541536137945},{"exchangeId":"coinex","name":"CoinEx","rank":"24","percentTotalVolume":"0.581375345478161911000000000000000000","volumeUsd":"38773358.0241428822215050","tradingPairs":"86","socket":false,"exchangeUrl":"https://www.coinex.com/","updated":1541536162179},{"exchangeId":"coinone","name":"Coinone","rank":"25","percentTotalVolume":"0.523039334297641788000000000000000000","volumeUsd":"34882785.3247753417350424","tradingPairs":"16","socket":false,"exchangeUrl":"https://coinone.co.kr/","updated":1541536180200},{"exchangeId":"gemini","name":"Gemini","rank":"26","percentTotalVolume":"0.499102571906824918000000000000000000","volumeUsd":"33286383.5073665861487674","tradingPairs":"6","socket":true,"exchangeUrl":"https://gemini.com/","updated":1541536167495},{"exchangeId":"exmo","name":"Exmo","rank":"27","percentTotalVolume":"0.489593017500245347000000000000000000","volumeUsd":"32652167.8315141511874045","tradingPairs":"78","socket":false,"exchangeUrl":"https://www.exmo.com/","updated":1541536150373},{"exchangeId":"btcbox","name":"BTCBOX","rank":"28","percentTotalVolume":"0.423531765696054312000000000000000000","volumeUsd":"28246379.7504590905132587","tradingPairs":"1","socket":false,"exchangeUrl":"https://www.btcbox.co.jp","updated":1541536165741},{"exchangeId":"yobit","name":"YoBit","rank":"29","percentTotalVolume":"0.394627865374133107000000000000000000","volumeUsd":"26318707.2335685608014969","tradingPairs":"61","socket":false,"exchangeUrl":"https://yobit.net","updated":1541536182232},{"exchangeId":"bitbay","name":"BitBay","rank":"30","percentTotalVolume":"0.367189974012497283000000000000000000","volumeUsd":"24488806.4758794740812280","tradingPairs":"37","socket":false,"exchangeUrl":"https://bitbay.net","updated":1541536181688},{"exchangeId":"korbit","name":"Korbit","rank":"31","percentTotalVolume":"0.329078211820321911000000000000000000","volumeUsd":"21947038.9036876539254163","tradingPairs":"5","socket":false,"exchangeUrl":"https://www.korbit.co.kr/","updated":1541536177945},{"exchangeId":"livecoin","name":"Livecoin","rank":"32","percentTotalVolume":"0.311289867431393230000000000000000000","volumeUsd":"20760690.2719247810649440","tradingPairs":"392","socket":false,"exchangeUrl":"https://www.livecoin.net","updated":1541536182559},{"exchangeId":"bitflyer","name":"Bitflyer","rank":"33","percentTotalVolume":"0.281428778962374560000000000000000000","volumeUsd":"18769180.5128592303685877","tradingPairs":"4","socket":false,"exchangeUrl":"https://bitflyer.com/","updated":1541536182028},{"exchangeId":"itbit","name":"Itbit","rank":"34","percentTotalVolume":"0.262182029720652643000000000000000000","volumeUsd":"17485567.2586088123703567","tradingPairs":"2","socket":false,"exchangeUrl":"https://www.itbit.com/","updated":1541536179503},{"exchangeId":"kucoin","name":"Kucoin","rank":"35","percentTotalVolume":"0.229673004295499094000000000000000000","volumeUsd":"15317460.0424544430817125","tradingPairs":"371","socket":false,"exchangeUrl":"https://www.kucoin.io/","updated":1541536172018},{"exchangeId":"bigone","name":"BigONE","rank":"36","percentTotalVolume":"0.223391495517952164000000000000000000","volumeUsd":"14898530.7041913849141212","tradingPairs":"100","socket":false,"exchangeUrl":"https://big.one/","updated":1541536181343},{"exchangeId":"zaif","name":"Zaif","rank":"37","percentTotalVolume":"0.149814365838716653000000000000000000","volumeUsd":"9991490.1603660739900588","tradingPairs":"28","socket":false,"exchangeUrl":"https://zaif.jp/","updated":1541536180797},{"exchangeId":"cex","name":"Cex","rank":"38","percentTotalVolume":"0.131022052704604951000000000000000000","volumeUsd":"8738184.3727746986736908","tradingPairs":"15","socket":false,"exchangeUrl":"https://www.cex.io/","updated":1541536155954},{"exchangeId":"btcturk","name":"BTCTurk","rank":"39","percentTotalVolume":"0.124623070376339750000000000000000000","volumeUsd":"8311420.4332066598039615","tradingPairs":"5","socket":false,"exchangeUrl":"https://www.btcturk.com/","updated":1541536176375},{"exchangeId":"lakebtc","name":"Lakebtc","rank":"40","percentTotalVolume":"0.055553382330345676000000000000000000","volumeUsd":"3704992.3071213137010555","tradingPairs":"24","socket":false,"exchangeUrl":"https://www.lakebtc.com/","updated":1541536144365},{"exchangeId":"independentreserve","name":"Independent
        Reserve","rank":"41","percentTotalVolume":"0.052521729725335873000000000000000000","volumeUsd":"3502803.9054748838446424","tradingPairs":"15","socket":false,"exchangeUrl":"https://www.independentreserve.com/","updated":1541536180762},{"exchangeId":"luno","name":"Luno","rank":"42","percentTotalVolume":"0.046115297436241441000000000000000000","volumeUsd":"3075543.1096147019659734","tradingPairs":"5","socket":true,"exchangeUrl":"https://www.luno.com/","updated":1541536178434},{"exchangeId":"bxinth","name":"Bxinth","rank":"43","percentTotalVolume":"0.046011251945172154000000000000000000","volumeUsd":"3068604.0587804956725814","tradingPairs":"25","socket":false,"exchangeUrl":"https://bx.in.th/","updated":1541536167081},{"exchangeId":"tidex","name":"Tidex","rank":"44","percentTotalVolume":"0.044971543116508603000000000000000000","volumeUsd":"2999263.3084920946360016","tradingPairs":"237","socket":false,"exchangeUrl":"https://tidex.com/","updated":1541536182464},{"exchangeId":"btcmarket","name":"BTCMarket","rank":"45","percentTotalVolume":"0.044369564678586972000000000000000000","volumeUsd":"2959115.8793348559628440","tradingPairs":"11","socket":false,"exchangeUrl":"https://www.btcmarkets.net/","updated":1541536180055},{"exchangeId":"cryptopia","name":"Cryptopia","rank":"46","percentTotalVolume":"0.043374296669801992000000000000000000","volumeUsd":"2892738.9971111061933057","tradingPairs":"1428","socket":false,"exchangeUrl":"https://www.cryptopia.co.nz/","updated":1541536182563},{"exchangeId":"bitso","name":"Bitso","rank":"47","percentTotalVolume":"0.031788025073131298000000000000000000","volumeUsd":"2120021.9215130920753620","tradingPairs":"11","socket":true,"exchangeUrl":"https://www.bitso.com/","updated":1541536171615},{"exchangeId":"acx","name":"ACX","rank":"48","percentTotalVolume":"0.026188454010875202000000000000000000","volumeUsd":"1746572.6941470494134961","tradingPairs":"10","socket":false,"exchangeUrl":"https://acx.io/","updated":1541536138117},{"exchangeId":"btcc","name":"BTCC","rank":"49","percentTotalVolume":"0.025142166026811349000000000000000000","volumeUsd":"1676793.1637318052611473","tradingPairs":"6","socket":false,"exchangeUrl":"https://exchange.btcc.com/","updated":1541536182259},{"exchangeId":"idex","name":"IDEX","rank":"50","percentTotalVolume":"0.021120096665725870000000000000000000","volumeUsd":"1408551.4218893817457735","tradingPairs":"350","socket":false,"exchangeUrl":"https://idex.market","updated":1541536182565},{"exchangeId":"mercado","name":"Mercado","rank":"51","percentTotalVolume":"0.020851622012888907000000000000000000","volumeUsd":"1390646.1840498007781328","tradingPairs":"3","socket":false,"exchangeUrl":"https://www.mercadobitcoin.com.br/","updated":1541536151760},{"exchangeId":"coinfloor","name":"Coinfloor","rank":"52","percentTotalVolume":"0.016711448370095997000000000000000000","volumeUsd":"1114527.7758945666684420","tradingPairs":"2","socket":false,"exchangeUrl":"https://www.coinfloor.co.uk/","updated":1541536182086},{"exchangeId":"okcoin","name":"OkCoin","rank":"53","percentTotalVolume":"0.014989446965855205000000000000000000","volumeUsd":"999683.2482000000000000","tradingPairs":"5","socket":false,"exchangeUrl":"https://www.okcoin.com","updated":1541536178851},{"exchangeId":"lykke","name":"Lykke","rank":"54","percentTotalVolume":"0.014332170899179403000000000000000000","volumeUsd":"955847.8835734507556241","tradingPairs":"136","socket":false,"exchangeUrl":"https://www.lykke.com/","updated":1541536175934},{"exchangeId":"quadrigacx","name":"QuadrigaCX","rank":"55","percentTotalVolume":"0.013106446096458756000000000000000000","volumeUsd":"874101.2684398636379369","tradingPairs":"10","socket":false,"exchangeUrl":"https://www.quadrigacx.com","updated":1541536164118},{"exchangeId":"coinmate","name":"Coinmate","rank":"56","percentTotalVolume":"0.0095827420826055574745000000000000000000","volumeUsd":"639096.7427700157224701","tradingPairs":"4","socket":true,"exchangeUrl":"https://coinmate.io/","updated":1541536182408},{"exchangeId":"coinexchange","name":"CoinExchange","rank":"57","percentTotalVolume":"0.0076991826500634912814000000000000000000","volumeUsd":"513477.5110538193567776","tradingPairs":"551","socket":false,"exchangeUrl":"https://www.coinexchange.io","updated":1541536162331},{"exchangeId":"oasisdex","name":"OasisDEX","rank":"58","percentTotalVolume":"0.0064853844813753619811000000000000000000","volumeUsd":"432526.3126075109152233","tradingPairs":"1","socket":false,"exchangeUrl":"https://oasisdex.com/","updated":1541536156860},{"exchangeId":"tradesatoshi","name":"TradeSatoshi","rank":"59","percentTotalVolume":"0.0058738306747737545162000000000000000000","volumeUsd":"391740.2784579388636276","tradingPairs":"803","socket":false,"exchangeUrl":"https://tradesatoshi.com/","updated":1541536139487},{"exchangeId":"kuna","name":"Kuna","rank":"60","percentTotalVolume":"0.0047414101582950004986000000000000000000","volumeUsd":"316216.3566734626724310","tradingPairs":"23","socket":false,"exchangeUrl":"https://kuna.io/","updated":1541536181747},{"exchangeId":"therocktrading","name":"The
        Rock Trading","rank":"61","percentTotalVolume":"0.0046923251095307208419000000000000000000","volumeUsd":"312942.7535112841749121","tradingPairs":"16","socket":true,"exchangeUrl":"https://www.therocktrading.com","updated":1541536173062},{"exchangeId":"bitmarket","name":"Bitmarket","rank":"62","percentTotalVolume":"0.0042228362878414992849000000000000000000","volumeUsd":"281631.3841639699001895","tradingPairs":"6","socket":false,"exchangeUrl":"https://www.bitmarket.net/","updated":1541536182038},{"exchangeId":"braziliex","name":"Braziliex","rank":"63","percentTotalVolume":"0.0040784725432810054365000000000000000000","volumeUsd":"272003.4094019059762174","tradingPairs":"48","socket":false,"exchangeUrl":"https://braziliex.com","updated":1541536152166},{"exchangeId":"coinnest","name":"Coinnest","rank":"64","percentTotalVolume":"0.0029865334881080562986000000000000000000","volumeUsd":"199179.2962776327964911","tradingPairs":"26","socket":false,"exchangeUrl":"https://www.coinnest.co.kr/","updated":1541536163630},{"exchangeId":"wex","name":"Wex","rank":"65","percentTotalVolume":"0.0028867338840901394696000000000000000000","volumeUsd":"192523.4141399549622417","tradingPairs":"26","socket":false,"exchangeUrl":"https://wex.nz/","updated":1541536181483},{"exchangeId":"bleutrade","name":"Bleutrade","rank":"66","percentTotalVolume":"0.0021638079039845806939000000000000000000","volumeUsd":"144309.6946047151926213","tradingPairs":"86","socket":false,"exchangeUrl":"https://bleutrade.com/","updated":1541536124285},{"exchangeId":"btctradeua","name":"BTC
        Trade UA","rank":"67","percentTotalVolume":"0.0015524242360180551980000000000000000000","volumeUsd":"103535.0074210285734220","tradingPairs":"16","socket":false,"exchangeUrl":"https://btc-trade.com.ua/","updated":1541536172391},{"exchangeId":"xbtce","name":"xBTCe","rank":"68","percentTotalVolume":"0.0004281578532167613152000000000000000000","volumeUsd":"28554.9049555378630176","tradingPairs":"27","socket":false,"exchangeUrl":"https://www.xbtce.com/","updated":1541536138878},{"exchangeId":"gatecoin","name":"Gatecoin","rank":"69","percentTotalVolume":"0.0001371293228108224507000000000000000000","volumeUsd":"9145.4933036062196440","tradingPairs":"33","socket":false,"exchangeUrl":"https://gatecoin.com/","updated":1541536158553},{"exchangeId":"sistemkoin","name":"Sistemkoin","rank":"70","percentTotalVolume":null,"volumeUsd":null,"tradingPairs":"0","socket":null,"exchangeUrl":"https://www.sistemkoin.com","updated":1541527611871},{"exchangeId":"ccex","name":"C-CEX","rank":"71","percentTotalVolume":null,"volumeUsd":null,"tradingPairs":"0","socket":null,"exchangeUrl":"https://www.c-cex.com","updated":1536202681096}],"timestamp":1541536241384}'
    http_version: 
  recorded_at: Tue, 06 Nov 2018 20:30:41 GMT
recorded_with: VCR 4.0.0
